Archive member included because of file (symbol)

../../../ecrobot/../ecrobot/libecrobot.a(ecrobot_HiTechnic.o)
                              build/balance_linetrace.o (ecrobot_get_gyro_sensor)
../../../ecrobot/../ecrobot/libecrobot.a(ecrobot_interface.o)
                              build/balance_linetrace.o (ecrobot_set_light_sensor_active)
../../../ecrobot/../ecrobot/libecrobot.a(colorsensor.o)
                              ../../../ecrobot/../ecrobot/libecrobot.a(ecrobot_interface.o) (colorsensor_init)
../../../ecrobot/../ecrobot/libecrobot.a(osek_hook.o)
                              build/kernel/osctl.o (StartupHook)
../../../ecrobot/../ecrobot/libecrobot.a(uart.oram)
                              build/config/at91sam7s-gnu/irq.oram (uart_isr_C_0)
../../../ecrobot/../ecrobot/libecrobot.a(systick.oram)
                              build/syslib/at91sam7s-gnu/lego_nxt/hw_sys_timer.oram (systick_low_priority_C)
../../../ecrobot/../ecrobot/libecrobot.a(byte_fifo.oram)
                              ../../../ecrobot/../ecrobot/libecrobot.a(uart.oram) (byte_fifo_put)
../../../ecrobot/../ecrobot/libecrobot.a(aic.oram)
                              ../../../ecrobot/../ecrobot/libecrobot.a(uart.oram) (aic_set_vector)
../../../ecrobot/../ecrobot/libecrobot.a(udp.oram)
                              build/config/at91sam7s-gnu/irq.oram (udp_isr_C)
../../../ecrobot/../ecrobot/libecrobot.a(twi.oram)
                              build/config/at91sam7s-gnu/irq.oram (twi_isr_C)
../../../ecrobot/../ecrobot/libecrobot.a(nxt_spi.oram)
                              build/config/at91sam7s-gnu/irq.oram (spi_isr_C)
../../../ecrobot/../ecrobot/libecrobot.a(nxt_motors.oram)
                              build/balance_linetrace.o (nxt_motor_get_count)
../../../ecrobot/../ecrobot/libecrobot.a(data_abort.oram)
                              build/ecrobot_init.o (data_abort_C)
../../../ecrobot/../ecrobot/libecrobot.a(display.oram)
                              build/ecrobot_base.o (display_update)
../../../ecrobot/../ecrobot/libecrobot.a(i2c.oram)
                              build/config/at91sam7s-gnu/irq.oram (i2c_timer_isr_C)
../../../ecrobot/../ecrobot/libecrobot.a(sound.oram)
                              ../../../ecrobot/../ecrobot/libecrobot.a(ecrobot_interface.o) (sound_get_time)
../../../ecrobot/../ecrobot/libecrobot.a(bt.oram)
                              build/ecrobot_bluetooth.o (bt_send)
../../../ecrobot/../ecrobot/libecrobot.a(nxt_avr.oram)
                              build/ecrobot_base.o (nxt_avr_power_down)
../../../ecrobot/../ecrobot/libecrobot.a(sensors.oram)
                              ../../../ecrobot/../ecrobot/libecrobot.a(ecrobot_interface.o) (unset_digi0)
../../../ecrobot/../ecrobot/libecrobot.a(sensors1.oram)
                              ../../../ecrobot/../ecrobot/libecrobot.a(colorsensor.o) (sensor_pins)
../../../ecrobot/../ecrobot/libecrobot.a(nxt_lcd.oram)
                              ../../../ecrobot/../ecrobot/libecrobot.a(display.oram) (nxt_lcd_force_update)
../../../ecrobot/../ecrobot/libecrobot.a(flash_loader.oram)
                              build/ecrobot.o (set_flash_request)
../../../ecrobot/../ecrobot/libecrobot.a(interrupts.oram)
                              ../../../ecrobot/../ecrobot/libecrobot.a(uart.oram) (interrupts_get_and_disable)
../../../ecrobot/../ecrobot/libecrobot.a(nxtosek_splash.obmp)
                              build/ecrobot_base.o (nxtosek_splash_bmp_start)
../../../ecrobot/../ecrobot/libecrobot.a(ecrobot_usb.o)
                              ../../../ecrobot/../ecrobot/libecrobot.a(flash_loader.oram) (ecrobot_init_usb)
../../../ecrobot/../ecrobot/libecrobot.a(flashprog.oram)
                              ../../../ecrobot/../ecrobot/libecrobot.a(flash_loader.oram) (flash_write_page)
../../../ecrobot/../ecrobot/libnxtway_gs_balancer.a(balancer.o)
                              build/balance_linetrace.o (balance_control)
/cygdrive/C/cygwin/GNUARM/bin/../lib/gcc/arm-elf/4.0.2/thumb/interwork/libgcc.a(_udivsi3.o)
                              build/ecrobot_base.o (__udivsi3)
/cygdrive/C/cygwin/GNUARM/bin/../lib/gcc/arm-elf/4.0.2/thumb/interwork/libgcc.a(_divsi3.o)
                              build/balance_linetrace.o (__divsi3)
/cygdrive/C/cygwin/GNUARM/bin/../lib/gcc/arm-elf/4.0.2/thumb/interwork/libgcc.a(_umodsi3.o)
                              ../../../ecrobot/../ecrobot/libecrobot.a(display.oram) (__umodsi3)
/cygdrive/C/cygwin/GNUARM/bin/../lib/gcc/arm-elf/4.0.2/thumb/interwork/libgcc.a(_modsi3.o)
                              ../../../ecrobot/../ecrobot/libecrobot.a(sound.oram) (__modsi3)
/cygdrive/C/cygwin/GNUARM/bin/../lib/gcc/arm-elf/4.0.2/thumb/interwork/libgcc.a(_dvmd_tls.o)
                              /cygdrive/C/cygwin/GNUARM/bin/../lib/gcc/arm-elf/4.0.2/thumb/interwork/libgcc.a(_udivsi3.o) (__div0)
/cygdrive/C/cygwin/GNUARM/bin/../lib/gcc/arm-elf/4.0.2/thumb/interwork/libgcc.a(_addsubdf3.o)
[...]
Memory Configuration

Name             Origin             Length             Attributes
vector_ram       0x00200000         0x00000040
ram              0x00200040         0x0000ffc0
*default*        0x00000000         0xffffffff

Linker script and memory map

LOAD build/kernel/alarm.o
LOAD build/kernel/event.o
LOAD build/kernel/interrupt.o
LOAD build/kernel/osctl.o
LOAD build/kernel/resource.o
LOAD build/kernel/task.o
LOAD build/kernel/task_manage.o
LOAD build/config/at91sam7s-gnu/cpu_config.o
LOAD build/config/at91sam7s-gnu/lego_nxt/sys_config.o
LOAD build/./kernel_cfg.o
LOAD build/syscalls.o
LOAD build/ecrobot_bluetooth.o
LOAD build/ecrobot_base.o
LOAD build/ecrobot.o
LOAD build/balance_linetrace.o
LOAD build/balancer_param.o
LOAD build/syslib/at91sam7s-gnu/lego_nxt/hw_sys_timer.oram
LOAD build/nxtvm/platform/nxt/vectors.o
LOAD build/config/at91sam7s-gnu/debug.o
LOAD build/config/at91sam7s-gnu/lego_nxt/sys_support.o
LOAD build/nxt_binary_header.o
LOAD build/nxt_entry_point.o
LOAD build/ecrobot_init.o
LOAD build/config/at91sam7s-gnu/cpu_support.oram
LOAD build/config/at91sam7s-gnu/irq.oram
LOAD ../../../ecrobot/../c++/liblejososek.a
LOAD ../../../ecrobot/../ecrobot/libecrobot.a
LOAD ../../../ecrobot/../ecrobot/libnxtway_gs_balancer.a
LOAD /cygdrive/C/cygwin/GNUARM/bin/../lib/gcc/arm-elf/4.0.2/../../../../arm-elf/lib/thumb/interwork/libstdc++.a
LOAD /cygdrive/C/cygwin/GNUARM/bin/../lib/gcc/arm-elf/4.0.2/../../../../arm-elf/lib/thumb/interwork/libm.a
LOAD /cygdrive/C/cygwin/GNUARM/bin/../lib/gcc/arm-elf/4.0.2/thumb/interwork/libgcc.a
LOAD /cygdrive/C/cygwin/GNUARM/bin/../lib/gcc/arm-elf/4.0.2/../../../../arm-elf/lib/thumb/interwork/libc.a
LOAD /cygdrive/C/cygwin/GNUARM/bin/../lib/gcc/arm-elf/4.0.2/thumb/interwork/libgcc.a
                0x00200000                RAM_BASE = 0x200000
                0x00010000                RAM_SIZE = 0x10000

.samba_reserved
                0x00200040     0x1fc0
                0x00202000                . = 0x1fc0
 *fill*         0x00200040     0x1fc0 00
                0x00200040                __samba_ram_start__ = ADDR (.samba_reserved)
                0x00202000                __samba_ram_end__ = (__samba_ram_start__ + SIZEOF (.samba_reserved))

.vectors        0x00200000       0x40 load address 0x00202000
 vectors.o(*.text *.text.*)
 .text          0x00200000       0x38 build/nxtvm/platform/nxt/vectors.o
                0x00200040                . = ALIGN (0x10)
 *fill*         0x00200038        0x8 00
                0x00200000                __vectors_ram_start__ = ADDR (.vectors)
                0x00200040                __vectors_ram_end__ = (ADDR (.vectors) + SIZEOF (.vectors))
                0x00202000                __vectors_load_start__ = LOADADDR (.vectors)
                0x00202040                __vectors_load_end__ = (LOADADDR (.vectors) + SIZEOF (.vectors))

.init           0x00202040      0x280
 *ecrobot_init.o(*.text *.text.*)
 .text          0x00202040      0x280 build/ecrobot_init.o
                0x002021ac                undef_handler
                0x002021b4                prefetch_abort_handler
                0x002021b8                data_abort_handler
                0x002021b0                swi_handler
                0x00202040                start
                0x002021d4                reserved_handler
                0x002022c0                . = ALIGN (0x10)

.ram_text       0x002022c0     0x3280
                0x002022c0                . = ALIGN (0x10)
 *.oram(*.text *.text.* *.glue*)
 .text.systick_isr_C1
                0x002022c0       0x28 build/syslib/at91sam7s-gnu/lego_nxt/hw_sys_timer.oram
                0x002022c0                systick_isr_C1
 *fill*         0x002022e8        0x8 00
 .text          0x002022f0      0x230 build/config/at91sam7s-gnu/cpu_support.oram
                0x002024d0                enable_int
                0x00202370                start_dispatch
                0x00202330                activate_r
                0x002024c8                disable_int
                0x002022f0                dispatch
                0x0020249c                int_return
                0x0020242c                _interrupt
                0x00202360                exit_and_dispatch
                0x002024d8                nop
 .text          0x00202520      0x2c0 build/config/at91sam7s-gnu/irq.oram
                0x00202520                default_isr
                0x002026ac                uart_isr_entry_0
                0x0020262c                twi_isr_entry
                0x002026ec                uart_isr_entry_1
                0x002025ec                spi_isr_entry
                0x0020256c                systick_low_priority_entry
                0x0020272c                nxt_motor_isr_entry
                0x0020276c                i2c_timer_isr_entry
                0x00202520                default_fiq
                0x00202524                systick_isr_entry
                0x00202520                spurious_isr
                0x0020266c                sound_isr_entry
                0x002025ac                udp_isr_entry
 .text.uart_process_isr
                0x002027e0       0x88 ../../../ecrobot/../ecrobot/libecrobot.a(uart.oram)
 .text.uart_isr_C_0
                0x00202868        0xc ../../../ecrobot/../ecrobot/libecrobot.a(uart.oram)
                0x00202868                uart_isr_C_0
 .text.uart_isr_C_1
                0x00202874        0xc ../../../ecrobot/../ecrobot/libecrobot.a(uart.oram)
                0x00202874                uart_isr_C_1
 .text.systick_low_priority_C
                0x00202880       0x1c ../../../ecrobot/../ecrobot/libecrobot.a(systick.oram)
                0x00202880                systick_low_priority_C
 .text.systick_isr_C
                0x0020289c       0x24 ../../../ecrobot/../ecrobot/libecrobot.a(systick.oram)
                0x0020289c                systick_isr_C
 .text.systick_get_ms
                0x002028c0        0xc ../../../ecrobot/../ecrobot/libecrobot.a(systick.oram)
                0x002028c0                systick_get_ms
 .text.systick_wait_ms
                0x002028cc       0x1c ../../../ecrobot/../ecrobot/libecrobot.a(systick.oram)
                0x002028cc                systick_wait_ms
 .text.systick_wait_ns
                0x002028e8       0x1c ../../../ecrobot/../ecrobot/libecrobot.a(systick.oram)
                0x002028e8                systick_wait_ns
 .text.systick_init
                0x00202904       0x58 ../../../ecrobot/../ecrobot/libecrobot.a(systick.oram)
                0x00202904                systick_init
 .text.systick_suspend
                0x0020295c        0xc ../../../ecrobot/../ecrobot/libecrobot.a(systick.oram)
                0x0020295c                systick_suspend
 .text.systick_resume
                0x00202968        0xc ../../../ecrobot/../ecrobot/libecrobot.a(systick.oram)
                0x00202968                systick_resume
 .text.byte_fifo_put
                0x00202974       0x58 ../../../ecrobot/../ecrobot/libecrobot.a(byte_fifo.oram)
                0x00202974                byte_fifo_put
 .text.byte_fifo_get
                0x002029cc       0x2c ../../../ecrobot/../ecrobot/libecrobot.a(byte_fifo.oram)
                0x002029cc                byte_fifo_get
 .text.aic_initialise
                0x002029f8       0x5c ../../../ecrobot/../ecrobot/libecrobot.a(aic.oram)
                0x002029f8                aic_initialise
 .text.aic_set_vector
                0x00202a54       0x30 ../../../ecrobot/../ecrobot/libecrobot.a(aic.oram)
                0x00202a54                aic_set_vector
 .text.aic_mask_on
                0x00202a84       0x24 ../../../ecrobot/../ecrobot/libecrobot.a(aic.oram)
                0x00202a84                aic_mask_on
 .text.aic_mask_off
                0x00202aa8       0x24 ../../../ecrobot/../ecrobot/libecrobot.a(aic.oram)
                0x00202aa8                aic_mask_off
 .text.aic_clear
                0x00202acc       0x24 ../../../ecrobot/../ecrobot/libecrobot.a(aic.oram)
                0x00202acc                aic_clear
 .text.reset    0x00202af0       0x4c ../../../ecrobot/../ecrobot/libecrobot.a(udp.oram)
 .text.udp_send_null
                0x00202b3c       0x2c ../../../ecrobot/../ecrobot/libecrobot.a(udp.oram)
 .text.udp_send_stall
                0x00202b68       0x2c ../../../ecrobot/../ecrobot/libecrobot.a(udp.oram)
 .text.udp_send_control
                0x00202b94       0x60 ../../../ecrobot/../ecrobot/libecrobot.a(udp.oram)
 .text.udp_isr_C
                0x00202bf4      0x7d0 ../../../ecrobot/../ecrobot/libecrobot.a(udp.oram)
                0x00202bf4                udp_isr_C
 .text.twi_status
                0x002033c4       0x20 ../../../ecrobot/../ecrobot/libecrobot.a(twi.oram)
                0x002033c4                twi_status
 .text.twi_isr_C
                0x002033e4       0xc4 ../../../ecrobot/../ecrobot/libecrobot.a(twi.oram)
                0x002033e4                twi_isr_C
 .text.twi_reset
                0x002034a8       0xb4 ../../../ecrobot/../ecrobot/libecrobot.a(twi.oram)
                0x002034a8                twi_reset
 .text.twi_init
                0x0020355c       0x4c ../../../ecrobot/../ecrobot/libecrobot.a(twi.oram)
                0x0020355c                twi_init
 .text.twi_start_read
                0x002035a8       0x60 ../../../ecrobot/../ecrobot/libecrobot.a(twi.oram)
                0x002035a8                twi_start_read
 .text.twi_start_write
                0x00203608       0x64 ../../../ecrobot/../ecrobot/libecrobot.a(twi.oram)
                0x00203608                twi_start_write
 .text.spi_set_mode
                0x0020366c       0x40 ../../../ecrobot/../ecrobot/libecrobot.a(nxt_spi.oram)
 .text.spi_isr_C
                0x002036ac       0x8c ../../../ecrobot/../ecrobot/libecrobot.a(nxt_spi.oram)
                0x002036ac                spi_isr_C
 .text.nxt_spi_init
                0x00203738      0x12c ../../../ecrobot/../ecrobot/libecrobot.a(nxt_spi.oram)
                0x00203738                nxt_spi_init
 .text.nxt_spi_write
                0x00203864       0x44 ../../../ecrobot/../ecrobot/libecrobot.a(nxt_spi.oram)
                0x00203864                nxt_spi_write
 .text.nxt_spi_set_display
                0x002038a8       0x10 ../../../ecrobot/../ecrobot/libecrobot.a(nxt_spi.oram)
                0x002038a8                nxt_spi_set_display
 .text.nxt_spi_refresh
                0x002038b8       0x24 ../../../ecrobot/../ecrobot/libecrobot.a(nxt_spi.oram)
                0x002038b8                nxt_spi_refresh
 .text.nxt_motor_get_count
                0x002038dc       0x14 ../../../ecrobot/../ecrobot/libecrobot.a(nxt_motors.oram)
                0x002038dc                nxt_motor_get_count
 .text.nxt_motor_set_count
                0x002038f0       0x10 ../../../ecrobot/../ecrobot/libecrobot.a(nxt_motors.oram)
                0x002038f0                nxt_motor_set_count
 .text.nxt_motor_set_speed
                0x00203900       0x34 ../../../ecrobot/../ecrobot/libecrobot.a(nxt_motors.oram)
                0x00203900                nxt_motor_set_speed
 .text.nxt_motor_1kHz_process
                0x00203934       0x28 ../../../ecrobot/../ecrobot/libecrobot.a(nxt_motors.oram)
                0x00203934                nxt_motor_1kHz_process
 .text.nxt_motor_quad_decode
                0x0020395c       0x30 ../../../ecrobot/../ecrobot/libecrobot.a(nxt_motors.oram)
                0x0020395c                nxt_motor_quad_decode
 .text.nxt_motor_isr_C
                0x0020398c       0x88 ../../../ecrobot/../ecrobot/libecrobot.a(nxt_motors.oram)
                0x0020398c                nxt_motor_isr_C
 .text.nxt_motor_init
                0x00203a14       0x68 ../../../ecrobot/../ecrobot/libecrobot.a(nxt_motors.oram)
                0x00203a14                nxt_motor_init
 .text.data_abort_C
                0x00203a7c       0x7c ../../../ecrobot/../ecrobot/libecrobot.a(data_abort.oram)
                0x00203a7c                data_abort_C
 .text.display_update
                0x00203af8       0x14 ../../../ecrobot/../ecrobot/libecrobot.a(display.oram)
                0x00203af8                display_update
 .text.display_force_update
                0x00203b0c        0xc ../../../ecrobot/../ecrobot/libecrobot.a(display.oram)
                0x00203b0c                display_force_update
 .text.display_clear
                0x00203b18       0x24 ../../../ecrobot/../ecrobot/libecrobot.a(display.oram)
                0x00203b18                display_clear
 .text.display_goto_xy
                0x00203b3c       0x14 ../../../ecrobot/../ecrobot/libecrobot.a(display.oram)
                0x00203b3c                display_goto_xy
 .text.display_char
                0x00203b50       0x60 ../../../ecrobot/../ecrobot/libecrobot.a(display.oram)
                0x00203b50                display_char
 .text.display_string
                0x00203bb0       0x3c ../../../ecrobot/../ecrobot/libecrobot.a(display.oram)
                0x00203bb0                display_string
 .text.display_hex
                0x00203bec       0x50 ../../../ecrobot/../ecrobot/libecrobot.a(display.oram)
                0x00203bec                display_hex
 .text.display_unsigned_worker
                0x00203c3c       0x70 ../../../ecrobot/../ecrobot/libecrobot.a(display.oram)
 .text.display_unsigned
                0x00203cac        0xc ../../../ecrobot/../ecrobot/libecrobot.a(display.oram)
                0x00203cac                display_unsigned
 .text.display_int
                0x00203cb8       0x14 ../../../ecrobot/../ecrobot/libecrobot.a(display.oram)
                0x00203cb8                display_int
 .text.display_bitmap_copy
                0x00203ccc       0x5c ../../../ecrobot/../ecrobot/libecrobot.a(display.oram)
                0x00203ccc                display_bitmap_copy
 .text.display_init
                0x00203d28       0x50 ../../../ecrobot/../ecrobot/libecrobot.a(display.oram)
                0x00203d28                display_init
 .text.i2c_timer_isr_C
                0x00203d78      0x314 ../../../ecrobot/../ecrobot/libecrobot.a(i2c.oram)
                0x00203d78                i2c_timer_isr_C
 .text.i2c_disable
                0x0020408c       0x20 ../../../ecrobot/../ecrobot/libecrobot.a(i2c.oram)
                0x0020408c                i2c_disable
 .text.i2c_enable
                0x002040ac       0x40 ../../../ecrobot/../ecrobot/libecrobot.a(i2c.oram)
                0x002040ac                i2c_enable
 .text.i2c_init
                0x002040ec       0xa4 ../../../ecrobot/../ecrobot/libecrobot.a(i2c.oram)
                0x002040ec                i2c_init
 .text.sound_fill_sample_buffer
                0x00204190       0xe4 ../../../ecrobot/../ecrobot/libecrobot.a(sound.oram)
                0x00204190                sound_fill_sample_buffer
 .text.sound_init
                0x00204274       0xa0 ../../../ecrobot/../ecrobot/libecrobot.a(sound.oram)
                0x00204274                sound_init
 .text.sound_isr_C
                0x00204314      0x144 ../../../ecrobot/../ecrobot/libecrobot.a(sound.oram)
                0x00204314                sound_isr_C
 .text.bt_init  0x00204458      0x1c0 ../../../ecrobot/../ecrobot/libecrobot.a(bt.oram)
                0x00204458                bt_init
 .text.bt_send  0x00204618       0x5c ../../../ecrobot/../ecrobot/libecrobot.a(bt.oram)
                0x00204618                bt_send
 .text.bt_clear_arm7_cmd
                0x00204674       0x10 ../../../ecrobot/../ecrobot/libecrobot.a(bt.oram)
                0x00204674                bt_clear_arm7_cmd
 .text.bt_set_arm7_cmd
                0x00204684       0x10 ../../../ecrobot/../ecrobot/libecrobot.a(bt.oram)
                0x00204684                bt_set_arm7_cmd
 .text.bt_receive
                0x00204694      0x160 ../../../ecrobot/../ecrobot/libecrobot.a(bt.oram)
                0x00204694                bt_receive
 .text.bt_reset
                0x002047f4       0x84 ../../../ecrobot/../ecrobot/libecrobot.a(bt.oram)
                0x002047f4                bt_reset
 .text.nxt_avr_power_down
                0x00204878       0x10 ../../../ecrobot/../ecrobot/libecrobot.a(nxt_avr.oram)
                0x00204878                nxt_avr_power_down
 .text.nxt_avr_link_init
                0x00204888       0x20 ../../../ecrobot/../ecrobot/libecrobot.a(nxt_avr.oram)
                0x00204888                nxt_avr_link_init
 .text.nxt_avr_init
                0x002048a8       0x6c ../../../ecrobot/../ecrobot/libecrobot.a(nxt_avr.oram)
                0x002048a8                nxt_avr_init
 .text.nxt_avr_1kHz_update
                0x00204914      0x1cc ../../../ecrobot/../ecrobot/libecrobot.a(nxt_avr.oram)
                0x00204914                nxt_avr_1kHz_update
 .text.buttons_get
                0x00204ae0        0xc ../../../ecrobot/../ecrobot/libecrobot.a(nxt_avr.oram)
                0x00204ae0                buttons_get
 .text.battery_voltage
                0x00204aec       0x28 ../../../ecrobot/../ecrobot/libecrobot.a(nxt_avr.oram)
                0x00204aec                battery_voltage
 .text.sensor_adc
                0x00204b14       0x20 ../../../ecrobot/../ecrobot/libecrobot.a(nxt_avr.oram)
                0x00204b14                sensor_adc
 .text.nxt_avr_set_motor
                0x00204b34       0x34 ../../../ecrobot/../ecrobot/libecrobot.a(nxt_avr.oram)
                0x00204b34                nxt_avr_set_motor
 .text.nxt_avr_set_input_power
                0x00204b68       0x3c ../../../ecrobot/../ecrobot/libecrobot.a(nxt_avr.oram)
                0x00204b68                nxt_avr_set_input_power
 .text.unset_digi0
                0x00204ba4       0x44 ../../../ecrobot/../ecrobot/libecrobot.a(sensors.oram)
                0x00204ba4                unset_digi0
 .text.unset_digi1
                0x00204be8       0x44 ../../../ecrobot/../ecrobot/libecrobot.a(sensors.oram)
                0x00204be8                unset_digi1
 .text.init_sensors
                0x00204c2c       0x4c ../../../ecrobot/../ecrobot/libecrobot.a(sensors.oram)
                0x00204c2c                init_sensors
 .text.set_digi0
                0x00204c78       0x44 ../../../ecrobot/../ecrobot/libecrobot.a(sensors.oram)
                0x00204c78                set_digi0
 .text.nxt_lcd_command
                0x00204cbc       0x18 ../../../ecrobot/../ecrobot/libecrobot.a(nxt_lcd.oram)
                0x00204cbc                nxt_lcd_command
 .text.nxt_lcd_set_col
                0x00204cd4       0x24 ../../../ecrobot/../ecrobot/libecrobot.a(nxt_lcd.oram)
                0x00204cd4                nxt_lcd_set_col
 .text.nxt_lcd_set_multiplex_rate
                0x00204cf8       0x18 ../../../ecrobot/../ecrobot/libecrobot.a(nxt_lcd.oram)
                0x00204cf8                nxt_lcd_set_multiplex_rate
 .text.nxt_lcd_set_page_address
                0x00204d10       0x18 ../../../ecrobot/../ecrobot/libecrobot.a(nxt_lcd.oram)
                0x00204d10                nxt_lcd_set_page_address
 .text.nxt_lcd_set_pot
                0x00204d28       0x1c ../../../ecrobot/../ecrobot/libecrobot.a(nxt_lcd.oram)
                0x00204d28                nxt_lcd_set_pot
 .text.nxt_lcd_set_ram_address_control
                0x00204d44       0x18 ../../../ecrobot/../ecrobot/libecrobot.a(nxt_lcd.oram)
                0x00204d44                nxt_lcd_set_ram_address_control
 .text.nxt_lcd_enable
                0x00204d5c       0x14 ../../../ecrobot/../ecrobot/libecrobot.a(nxt_lcd.oram)
                0x00204d5c                nxt_lcd_enable
 .text.nxt_lcd_set_map_control
                0x00204d70       0x18 ../../../ecrobot/../ecrobot/libecrobot.a(nxt_lcd.oram)
                0x00204d70                nxt_lcd_set_map_control
 .text.nxt_lcd_reset
                0x00204d88        0xc ../../../ecrobot/../ecrobot/libecrobot.a(nxt_lcd.oram)
                0x00204d88                nxt_lcd_reset
 .text.nxt_lcd_set_bias_ratio
                0x00204d94       0x18 ../../../ecrobot/../ecrobot/libecrobot.a(nxt_lcd.oram)
                0x00204d94                nxt_lcd_set_bias_ratio
 .text.nxt_lcd_force_update
                0x00204dac       0x30 ../../../ecrobot/../ecrobot/libecrobot.a(nxt_lcd.oram)
                0x00204dac                nxt_lcd_force_update
 .text.nxt_lcd_update
                0x00204ddc        0xc ../../../ecrobot/../ecrobot/libecrobot.a(nxt_lcd.oram)
                0x00204ddc                nxt_lcd_update
 .text.nxt_lcd_power_up
                0x00204de8       0x48 ../../../ecrobot/../ecrobot/libecrobot.a(nxt_lcd.oram)
                0x00204de8                nxt_lcd_power_up
 .text.nxt_lcd_power_down
                0x00204e30        0xc ../../../ecrobot/../ecrobot/libecrobot.a(nxt_lcd.oram)
                0x00204e30                nxt_lcd_power_down
 .text.nxt_lcd_init
                0x00204e3c       0x18 ../../../ecrobot/../ecrobot/libecrobot.a(nxt_lcd.oram)
                0x00204e3c                nxt_lcd_init
 .text.verify_flash_page
                0x00204e54       0x34 ../../../ecrobot/../ecrobot/libecrobot.a(flash_loader.oram)
 .text.set_flash_request
                0x00204e88       0x38 ../../../ecrobot/../ecrobot/libecrobot.a(flash_loader.oram)
                0x00204e88                set_flash_request
 .text.nxt_device_init
                0x00204ec0       0x38 ../../../ecrobot/../ecrobot/libecrobot.a(flash_loader.oram)
                0x00204ec0                nxt_device_init
 .text          0x00204ef8       0x68 ../../../ecrobot/../ecrobot/libecrobot.a(interrupts.oram)
                0x00204f50                fiq_enable
                0x00204ef8                interrupts_get_and_disable
                0x00204f2c                fiq_get_and_disable
                0x00204f1c                interrupts_enable
 .text.flash_write_page
                0x00204f60       0xc0 ../../../ecrobot/../ecrobot/libecrobot.a(flashprog.oram)
                0x00204f60                flash_write_page
                0x00205020                . = ALIGN (0x10)
 *.oram(*.rodata *.rodata.*)
 .rodata.ld     0x00205020        0x4 ../../../ecrobot/../ecrobot/libecrobot.a(udp.oram)
 .rodata.cfd    0x00205024       0x20 ../../../ecrobot/../ecrobot/libecrobot.a(udp.oram)
 .rodata.dd     0x00205044       0x12 ../../../ecrobot/../ecrobot/libecrobot.a(udp.oram)
 *fill*         0x00205056        0x2 00
 .rodata.str1.4
                0x00205058       0x22 ../../../ecrobot/../ecrobot/libecrobot.a(data_abort.oram)
                                 0x24 (size before relaxing)
 .rodata.font   0x0020507a      0x280 ../../../ecrobot/../ecrobot/libecrobot.a(display.oram)
 *fill*         0x002052fa        0x2 00
 .rodata.str1.4
                0x002052fc       0x76 ../../../ecrobot/../ecrobot/libecrobot.a(display.oram)
                                 0x78 (size before relaxing)
 *fill*         0x00205372        0x2 00
 .rodata.i2c_pin
                0x00205374       0x20 ../../../ecrobot/../ecrobot/libecrobot.a(i2c.oram)
 .rodata.i2c_timer_isr_C
                0x00205394       0x38 ../../../ecrobot/../ecrobot/libecrobot.a(i2c.oram)
 .rodata.silence
                0x002053cc       0x40 ../../../ecrobot/../ecrobot/libecrobot.a(sound.oram)
                0x002053cc                silence
 .rodata.sample_pattern
                0x0020540c       0x84 ../../../ecrobot/../ecrobot/libecrobot.a(sound.oram)
                0x0020540c                sample_pattern
 .rodata        0x00205490        0xc ../../../ecrobot/../ecrobot/libecrobot.a(sound.oram)
 .rodata.avr_brainwash_string
                0x0020549c       0x30 ../../../ecrobot/../ecrobot/libecrobot.a(nxt_avr.oram)
                0x0020549c                avr_brainwash_string
 .rodata.nxt_avr_1kHz_update
                0x002054cc       0x14 ../../../ecrobot/../ecrobot/libecrobot.a(nxt_avr.oram)
 .rodata.C.33.1823
                0x002054e0       0x10 ../../../ecrobot/../ecrobot/libecrobot.a(sensors.oram)
 .rodata.C.37.1857
                0x002054f0       0x10 ../../../ecrobot/../ecrobot/libecrobot.a(sensors.oram)
 .rodata.C.31.1806
                0x00205500       0x10 ../../../ecrobot/../ecrobot/libecrobot.a(sensors.oram)
 .rodata.str1.4
                0x00205510       0x23 ../../../ecrobot/../ecrobot/libecrobot.a(flash_loader.oram)
                                 0x24 (size before relaxing)
                0x00205540                . = ALIGN (0x10)
 *fill*         0x00205533        0xd 00
                0x002022c0                __ramtext_ram_start__ = ADDR (.ram_text)
                0x00205540                __ramtext_ram_end__ = (ADDR (.ram_text) + SIZEOF (.ram_text))
                0x002022c0                __ramtext_load_start__ = LOADADDR (.ram_text)
                0x00205540                __ramtext_load_end__ = (__ramtext_load_start__ + SIZEOF (.ram_text))

.wav_data       0x00205540        0x0
 *.owav(*.data *.data.*)
                0x00205540                . = ALIGN (0x10)

.bmp_data       0x00205540      0x440
 *.obmp(*.data *.data.*)
 .data          0x00205540      0x43e ../../../ecrobot/../ecrobot/libecrobot.a(nxtosek_splash.obmp)
                0x00205540                nxtosek_splash_bmp_start
                0x0020597e                nxtosek_splash_bmp_end
                0x00205980                . = ALIGN (0x10)
 *fill*         0x0020597e        0x2 00

.spr_data       0x00205980        0x0
 *.ospr(*.data *.data.*)
                0x00205980                . = ALIGN (0x10)

.data           0x00205980       0x90
 *(*.data *.data.*)
 .data.bt_status
                0x00205980        0x1 build/ecrobot_bluetooth.o
 *fill*         0x00205981        0x3 00
 .data.K_THETADOT
                0x00205984        0x4 build/balancer_param.o
                0x00205984                K_THETADOT
 .data.K_PHIDOT
                0x00205988        0x4 build/balancer_param.o
                0x00205988                K_PHIDOT
 .data.K_I      0x0020598c        0x4 build/balancer_param.o
                0x0020598c                K_I
 .data.K_F      0x00205990       0x10 build/balancer_param.o
                0x00205990                K_F
 .data.A_R      0x002059a0        0x4 build/balancer_param.o
                0x002059a0                A_R
 .data.A_D      0x002059a4        0x4 build/balancer_param.o
                0x002059a4                A_D
 .data.distance_state
                0x002059a8       0x10 ../../../ecrobot/../ecrobot/libecrobot.a(ecrobot_interface.o)
 .data.deviceStatus
                0x002059b8        0x1 ../../../ecrobot/../ecrobot/libecrobot.a(ecrobot_interface.o)
 .data.named    0x002059b9       0x22 ../../../ecrobot/../ecrobot/libecrobot.a(udp.oram)
 .data.snd      0x002059db       0x1a ../../../ecrobot/../ecrobot/libecrobot.a(udp.oram)
 *fill*         0x002059f5        0x3 00
 .data.configured
                0x002059f8        0x4 ../../../ecrobot/../ecrobot/libecrobot.a(udp.oram)
 .data.mode     0x002059fc        0x1 ../../../ecrobot/../ecrobot/libecrobot.a(nxt_spi.oram)
                0x002059fc                mode
 *fill*         0x002059fd        0x3 00
 .bss.data      0x00205a00        0x4 ../../../ecrobot/../ecrobot/libecrobot.a(nxt_spi.oram)
                0x00205a00                data
 .data.display_auto_update
                0x00205a04        0x4 ../../../ecrobot/../ecrobot/libecrobot.a(display.oram)
                0x00205a04                display_auto_update
 .data.display_buffer
                0x00205a08        0x4 ../../../ecrobot/../ecrobot/libecrobot.a(display.oram)
                0x00205a10                . = ALIGN (0x10)
 *fill*         0x00205a0c        0x4 00
                0x00205980                __data_ram_start__ = ADDR (.data)
                0x00205a10                __data_ram_end__ = (ADDR (.data) + SIZEOF (.data))
                0x00205980                __data_load_start__ = LOADADDR (.data)
                0x00205a10                __data_load_end__ = (__data_load_start__ + SIZEOF (.data))

.text           0x00205a10     0x29a0
                0x00205a10                . = ALIGN (0x10)
 *(*.text *.text.* *.glue*)
 .text.StartOS  0x00205a10       0x58 build/kernel/osctl.o
                0x00205a10                StartOS
 .text.call_pretaskhook
                0x00205a68       0x24 build/kernel/osctl.o
                0x00205a68                call_pretaskhook
 .text.call_posttaskhook
                0x00205a8c       0x24 build/kernel/osctl.o
                0x00205a8c                call_posttaskhook
 .text.make_runnable
                0x00205ab0       0xac build/kernel/task.o
                0x00205ab0                make_runnable
 .text.make_active
                0x00205b5c       0x78 build/kernel/task.o
                0x00205b5c                make_active
 .text.task_initialize
                0x00205bd4       0x90 build/kernel/task.o
                0x00205bd4                task_initialize
 .text.cpu_initialize
                0x00205c64        0x4 build/config/at91sam7s-gnu/cpu_config.o
                0x00205c64                cpu_initialize
 .text.sys_initialize
                0x00205c68        0x4 build/config/at91sam7s-gnu/lego_nxt/sys_config.o
                0x00205c68                sys_initialize
 .text.object_initialize
                0x00205c6c        0xc build/./kernel_cfg.o
                0x00205c6c                object_initialize
 .text.send_bt_command
                0x00205c78       0x40 build/ecrobot_bluetooth.o
 .text.read_bt_command
                0x00205cb8       0x5c build/ecrobot_bluetooth.o
 .text.getLocalAddress
                0x00205d14       0x64 build/ecrobot_bluetooth.o
 .text.ecrobot_open_bt_stream
                0x00205d78       0x44 build/ecrobot_bluetooth.o
 .text.ecrobot_init_bt_slave
                0x00205dbc      0x12c build/ecrobot_bluetooth.o
                0x00205dbc                ecrobot_init_bt_slave
 .text.ecrobot_term_bt_connection
                0x00205ee8       0x48 build/ecrobot_bluetooth.o
                0x00205ee8                ecrobot_term_bt_connection
 .text.ecrobot_read_bt_packet
                0x00205f30       0x4c build/ecrobot_bluetooth.o
                0x00205f30                ecrobot_read_bt_packet
 .text.init_OS_flag
                0x00205f7c        0xc build/ecrobot_base.o
                0x00205f7c                init_OS_flag
 .text.set_OS_flag
                0x00205f88        0xc build/ecrobot_base.o
                0x00205f88                set_OS_flag
 .text.get_OS_flag
                0x00205f94        0xc build/ecrobot_base.o
                0x00205f94                get_OS_flag
 .text.cpp_constructor
                0x00205fa0       0x28 build/ecrobot_base.o
                0x00205fa0                cpp_constructor
 .text.cpp_destructor
                0x00205fc8       0x28 build/ecrobot_base.o
                0x00205fc8                cpp_destructor
 .text.execution_mode
                0x00205ff0       0x24 build/ecrobot_base.o
                0x00205ff0                execution_mode
 .text.show_main_screen
                0x00206014       0x48 build/ecrobot_base.o
                0x00206014                show_main_screen
 .text.display_status_bar
                0x0020605c       0x5c build/ecrobot_base.o
                0x0020605c                display_status_bar
 .text.check_NXT_buttons
                0x002060b8       0x7c build/ecrobot_base.o
                0x002060b8                check_NXT_buttons
 .text.show_bd_addr
                0x00206134       0x44 build/ecrobot_base.o
                0x00206134                show_bd_addr
 .text.show_bd_addr_err
                0x00206178       0x3c build/ecrobot_base.o
                0x00206178                show_bd_addr_err
 .text.add_status_info
                0x002061b4       0x68 build/ecrobot_base.o
                0x002061b4                add_status_info
 .text.show_splash_screen
                0x0020621c       0x90 build/ecrobot_base.o
                0x0020621c                show_splash_screen
 .text.main     0x002062ac      0x108 build/ecrobot.o
                0x002062ac                main
 .text.ecrobot_device_initialize
                0x002063b4       0x38 build/balance_linetrace.o
                0x002063b4                ecrobot_device_initialize
 .text.ecrobot_device_terminate
                0x002063ec       0x38 build/balance_linetrace.o
                0x002063ec                ecrobot_device_terminate
 .text.user_1ms_isr_type2
                0x00206424        0x4 build/balance_linetrace.o
                0x00206424                user_1ms_isr_type2
 .text.calibration
                0x00206428       0xd0 build/balance_linetrace.o
                0x00206428                calibration
 .text.TaskMainTaskMain
                0x002064f8      0x328 build/balance_linetrace.o
                0x002064f8                TaskMainTaskMain
 .text.ecrobot_get_gyro_sensor
                0x00206820       0x14 ../../../ecrobot/../ecrobot/libecrobot.a(ecrobot_HiTechnic.o)
                0x00206820                ecrobot_get_gyro_sensor
 .text.ecrobot_set_light_sensor_active
                0x00206834       0x10 ../../../ecrobot/../ecrobot/libecrobot.a(ecrobot_interface.o)
                0x00206834                ecrobot_set_light_sensor_active
 .text.ecrobot_set_light_sensor_inactive
                0x00206844       0x10 ../../../ecrobot/../ecrobot/libecrobot.a(ecrobot_interface.o)
                0x00206844                ecrobot_set_light_sensor_inactive
 .text.ecrobot_get_light_sensor
                0x00206854       0x14 ../../../ecrobot/../ecrobot/libecrobot.a(ecrobot_interface.o)
                0x00206854                ecrobot_get_light_sensor
 .text.ecrobot_get_touch_sensor
                0x00206868       0x20 ../../../ecrobot/../ecrobot/libecrobot.a(ecrobot_interface.o)
                0x00206868                ecrobot_get_touch_sensor
 .text.ecrobot_init_i2c
                0x00206888       0x28 ../../../ecrobot/../ecrobot/libecrobot.a(ecrobot_interface.o)
                0x00206888                ecrobot_init_i2c
 .text.ecrobot_init_sonar_sensor
                0x002068b0       0x10 ../../../ecrobot/../ecrobot/libecrobot.a(ecrobot_interface.o)
                0x002068b0                ecrobot_init_sonar_sensor
 .text.ecrobot_term_sonar_sensor
                0x002068c0       0x20 ../../../ecrobot/../ecrobot/libecrobot.a(ecrobot_interface.o)
                0x002068c0                ecrobot_term_sonar_sensor
 .text.ecrobot_get_battery_voltage
                0x002068e0        0xc ../../../ecrobot/../ecrobot/libecrobot.a(ecrobot_interface.o)
                0x002068e0                ecrobot_get_battery_voltage
 .text.ecrobot_get_button_state
                0x002068ec        0xc ../../../ecrobot/../ecrobot/libecrobot.a(ecrobot_interface.o)
                0x002068ec                ecrobot_get_button_state
 .text.ecrobot_init_nxtstate
                0x002068f8       0x28 ../../../ecrobot/../ecrobot/libecrobot.a(ecrobot_interface.o)
                0x002068f8                ecrobot_init_nxtstate
 .text.ecrobot_poll_nxtstate
                0x00206920       0x64 ../../../ecrobot/../ecrobot/libecrobot.a(ecrobot_interface.o)
                0x00206920                ecrobot_poll_nxtstate
 .text.ecrobot_setDeviceInitialized
                0x00206984       0x14 ../../../ecrobot/../ecrobot/libecrobot.a(ecrobot_interface.o)
                0x00206984                ecrobot_setDeviceInitialized
 .text.ecrobot_bmp2lcd
                0x00206998      0x1c8 ../../../ecrobot/../ecrobot/libecrobot.a(ecrobot_interface.o)
                0x00206998                ecrobot_bmp2lcd
 .text.StartupHook
                0x00206b60        0x4 ../../../ecrobot/../ecrobot/libecrobot.a(osek_hook.o)
                0x00206b60                StartupHook
 .text.PreTaskHook
                0x00206b64        0x4 ../../../ecrobot/../ecrobot/libecrobot.a(osek_hook.o)
                0x00206b64                PreTaskHook
 .text.PostTaskHook
                0x00206b68        0x4 ../../../ecrobot/../ecrobot/libecrobot.a(osek_hook.o)
                0x00206b68                PostTaskHook
 .text.balance_control
                0x00206b6c      0x254 ../../../ecrobot/../ecrobot/libnxtway_gs_balancer.a(balancer.o)
                0x00206b6c                balance_control
 .text.balance_init
                0x00206dc0       0x30 ../../../ecrobot/../ecrobot/libnxtway_gs_balancer.a(balancer.o)
                0x00206dc0                balance_init
 .text          0x00206df0       0x8c /cygdrive/C/cygwin/GNUARM/bin/../lib/gcc/arm-elf/4.0.2/thumb/interwork/libgcc.a(_udivsi3.o)
                0x00206df0                __udivsi3
                0x00206e6c                __aeabi_uidivmod
 .text          0x00206e7c       0xa4 /cygdrive/C/cygwin/GNUARM/bin/../lib/gcc/arm-elf/4.0.2/thumb/interwork/libgcc.a(_divsi3.o)
                0x00206e7c                __divsi3
                0x00206f10                __aeabi_idivmod
 .text          0x00206f20       0xc8 /cygdrive/C/cygwin/GNUARM/bin/../lib/gcc/arm-elf/4.0.2/thumb/interwork/libgcc.a(_umodsi3.o)
                0x00206f20                __umodsi3
 .text          0x00206fe8        0x4 /cygdrive/C/cygwin/GNUARM/bin/../lib/gcc/arm-elf/4.0.2/thumb/interwork/libgcc.a(_dvmd_tls.o)
                0x00206fe8                __aeabi_ldiv0
                0x00206fe8                __div0
                0x00206fe8                __aeabi_idiv0
 .text          0x00206fec      0x430 /cygdrive/C/cygwin/GNUARM/bin/../lib/gcc/arm-elf/4.0.2/thumb/interwork/libgcc.a(_addsubdf3.o)
                0x002073b0                __floatdidf
                0x00207330                __floatsidf
                0x00207308                __aeabi_ui2d
                0x00206fec                __aeabi_drsub
                0x0020735c                __extendsfdf2
                0x00206ff8                __adddf3
                0x00207308                __floatunsidf
                0x00206ff8                __aeabi_dadd
                0x0020739c                __aeabi_ul2d
                0x00206ff4                __aeabi_dsub
                0x0020739c                __floatundidf
                0x00207330                __aeabi_i2d
                0x002073b0                __aeabi_l2d
                0x0020735c                __aeabi_f2d
                0x00206ff4                __subdf3
 .text          0x0020741c      0x49c /cygdrive/C/cygwin/GNUARM/bin/../lib/gcc/arm-elf/4.0.2/thumb/interwork/libgcc.a(_muldivdf3.o)
                0x002076ac                __aeabi_ddiv
                0x0020741c                __aeabi_dmul
                0x002076ac                __divdf3
                0x0020741c                __muldf3
 .text          0x002078b8       0xa0 /cygdrive/C/cygwin/GNUARM/bin/../lib/gcc/arm-elf/4.0.2/thumb/interwork/libgcc.a(_truncdfsf2.o)
                0x002078b8                __aeabi_d2f
                0x002078b8                __truncdfsf2
 .text          0x00207958      0x2ac /cygdrive/C/cygwin/GNUARM/bin/../lib/gcc/arm-elf/4.0.2/thumb/interwork/libgcc.a(_addsubsf3.o)
                0x00207964                __aeabi_fadd
                0x00207960                __subsf3
                0x00207b28                __aeabi_i2f
                0x00207960                __aeabi_fsub
                0x00207b58                __floatdisf
                0x00207b28                __floatsisf
                0x00207b48                __floatundisf
                0x00207b20                __aeabi_ui2f
                0x00207b58                __aeabi_l2f
                0x00207b48                __aeabi_ul2f
                0x00207958                __aeabi_frsub
                0x00207b20                __floatunsisf
                0x00207964                __addsf3
 .text          0x00207c04      0x2f8 /cygdrive/C/cygwin/GNUARM/bin/../lib/gcc/arm-elf/4.0.2/thumb/interwork/libgcc.a(_muldivsf3.o)
                0x00207d9c                __divsf3
                0x00207d9c                __aeabi_fdiv
                0x00207c04                __mulsf3
                0x00207c04                __aeabi_fmul
 .text          0x00207efc      0x110 /cygdrive/C/cygwin/GNUARM/bin/../lib/gcc/arm-elf/4.0.2/thumb/interwork/libgcc.a(_cmpsf2.o)
                0x00207ff4                __aeabi_fcmpgt
                0x00207f04                __lesf2
                0x00207f0c                __nesf2
                0x00207fdc                __aeabi_fcmpge
                0x00207efc                __gtsf2
                0x00207fc4                __aeabi_fcmple
                0x00207f0c                __eqsf2
                0x00207f0c                __cmpsf2
                0x00207f04                __ltsf2
                0x00207f7c                __aeabi_cfcmple
                0x00207efc                __gesf2
                0x00207f94                __aeabi_fcmpeq
                0x00207f6c                __aeabi_cfrcmple
                0x00207fac                __aeabi_fcmplt
                0x00207f7c                __aeabi_cfcmpeq
 .text          0x0020800c       0x5c /cygdrive/C/cygwin/GNUARM/bin/../lib/gcc/arm-elf/4.0.2/thumb/interwork/libgcc.a(_fixsfsi.o)
                0x0020800c                __fixsfsi
                0x0020800c                __aeabi_f2iz
 .text          0x00208068       0x68 /cygdrive/C/cygwin/GNUARM/bin/../lib/gcc/arm-elf/4.0.2/../../../../arm-elf/lib/thumb/interwork/libc.a(memcpy.o)
                0x00208068                memcpy
 .text          0x002080d0       0x68 /cygdrive/C/cygwin/GNUARM/bin/../lib/gcc/arm-elf/4.0.2/../../../../arm-elf/lib/thumb/interwork/libc.a(memset.o)
                0x002080d0                memset
 .text          0x00208138       0x60 /cygdrive/C/cygwin/GNUARM/bin/../lib/gcc/arm-elf/4.0.2/../../../../arm-elf/lib/thumb/interwork/libc.a(strcpy.o)
                0x00208138                strcpy
 .text          0x00208198       0x48 /cygdrive/C/cygwin/GNUARM/bin/../lib/gcc/arm-elf/4.0.2/../../../../arm-elf/lib/thumb/interwork/libc.a(strlen.o)
                0x00208198                strlen
 .glue_7        0x002081e0       0x30 /cygdrive/C/cygwin/GNUARM/bin/../lib/gcc/arm-elf/4.0.2/../../../../arm-elf/lib/thumb/interwork/libc.a(strncpy.o)
                0x002081f8                __call_posttaskhook_from_arm
                0x002081e1                __ecrobot_debug1_from_arm
                0x002081ed                __ecrobot_debug2_from_arm
                0x00208204                __call_pretaskhook_from_arm
 .glue_7t       0x00208210       0xb8 /cygdrive/C/cygwin/GNUARM/bin/../lib/gcc/arm-elf/4.0.2/../../../../arm-elf/lib/thumb/interwork/libc.a(strncpy.o)
                0x0020823c                __start_change_to_arm
                0x00208298                __interrupts_get_and_disable_from_thumb
                0x002082c0                ____lesf2_from_thumb
                0x00208291                ____gtdf2_from_thumb
                0x00208231                __exit_and_dispatch_from_thumb
                0x00208278                ____divsf3_from_thumb
                0x002082bc                ____gesf2_change_to_arm
                0x0020828c                ____fixsfsi_change_to_arm
                0x00208284                ____addsf3_change_to_arm
                0x00208288                ____fixsfsi_from_thumb
                0x00208240                ____floatsisf_from_thumb
                0x00208248                ____extendsfdf2_from_thumb
                0x00208234                __exit_and_dispatch_change_to_arm
                0x00208210                __disable_int_from_thumb
                0x002082b8                ____gesf2_from_thumb
                0x00208228                __start_dispatch_from_thumb
                0x002082c4                ____lesf2_change_to_arm
                0x00208238                __start_from_thumb
                0x00208268                ____truncdfsf2_from_thumb
                0x0020825c                ____muldf3_change_to_arm
                0x0020827c                ____divsf3_change_to_arm
                0x00208218                __enable_int_from_thumb
                0x00208221                __dispatch_from_thumb
                0x002082a4                __interrupts_enable_change_to_arm
                0x0020829c                __interrupts_get_and_disable_change_to_arm
                0x00208224                __dispatch_change_to_arm
                0x00208274                ____mulsf3_change_to_arm
                0x00208264                ____adddf3_change_to_arm
                0x00208294                ____gtdf2_change_to_arm
                0x0020826c                ____truncdfsf2_change_to_arm
                0x0020824c                ____extendsfdf2_change_to_arm
                0x00208250                ____floatsidf_from_thumb
                0x00208244                ____floatsisf_change_to_arm
                0x002082a9                __display_bios_status_from_thumb
                0x002082b0                ____subsf3_from_thumb
                0x00208260                ____adddf3_from_thumb
                0x00208214                __disable_int_change_to_arm
                0x00208270                ____mulsf3_from_thumb
                0x00208280                ____addsf3_from_thumb
                0x00208258                ____muldf3_from_thumb
                0x002082b4                ____subsf3_change_to_arm
                0x0020821c                __enable_int_change_to_arm
                0x00208254                ____floatsidf_change_to_arm
                0x002082a0                __interrupts_enable_from_thumb
                0x002082ac                __display_bios_status_change_to_arm
                0x0020822c                __start_dispatch_change_to_arm
                0x002082d0                . = ALIGN (0x10)
 *fill*         0x002082c8        0x8 00
 *(*.rodata *.rodata.*)
 .rodata.tinib_stksz
                0x002082d0        0x2 build/./kernel_cfg.o
                0x002082d0                tinib_stksz
 *fill*         0x002082d2        0x2 00
 .rodata.tinib_stk
                0x002082d4        0x4 build/./kernel_cfg.o
                0x002082d4                tinib_stk
 .rodata.tinib_task
                0x002082d8        0x4 build/./kernel_cfg.o
                0x002082d8                tinib_task
 .rodata.tinib_autoact
                0x002082dc        0x1 build/./kernel_cfg.o
                0x002082dc                tinib_autoact
 .rodata.tinib_exepri
                0x002082dd        0x1 build/./kernel_cfg.o
                0x002082dd                tinib_exepri
 .rodata.tinib_inipri
                0x002082de        0x1 build/./kernel_cfg.o
                0x002082de                tinib_inipri
 .rodata.tnum_exttask
                0x002082df        0x1 build/./kernel_cfg.o
                0x002082df                tnum_exttask
 .rodata.tnum_task
                0x002082e0        0x1 build/./kernel_cfg.o
                0x002082e0                tnum_task
 *fill*         0x002082e1        0x3 00
 .rodata.exec_addr
                0x002082e4        0x4 build/ecrobot_base.o
                0x002082e4                exec_addr
 .rodata.str1.4
                0x002082e8       0x80 build/ecrobot_base.o
 .rodata.str1.4
                0x00208368       0x31 build/balance_linetrace.o
                                 0x34 (size before relaxing)
 *fill*         0x00208399        0x3 00
 .rodata.BATTERY_OFFSET
                0x0020839c        0x4 build/balancer_param.o
                0x0020839c                BATTERY_OFFSET
 .rodata.BATTERY_GAIN
                0x002083a0        0x4 build/balancer_param.o
                0x002083a0                BATTERY_GAIN
                0x002083b0                . = ALIGN (0x10)
 *fill*         0x002083a4        0xc 00
 *(*.gnu.linkonce.* .gcc_except_table)
                0x002083b0                . = ALIGN (0x10)

.tors           0x002083b0        0x0
                0x002083b0                . = ALIGN (0x10)
                0x002083b0                __ctor_begin = .
 *(*.ctors*)
                0x002083b0                __ctor_end = .
                0x002083b0                . = ALIGN (0x10)
                0x002083b0                __dtor_begin = .
 *(*.dtors*)
                0x002083b0                __dtor_end = .
                0x002083b0                . = ALIGN (0x10)

.bss            0x002083b0     0x1464
 *(*.bss *.bss.*)
 .bss.ready_primap
                0x002083b0        0x2 build/kernel/task.o
 .bss.ready_queue_last
                0x002083b2       0x10 build/kernel/task.o
 .bss.ready_queue_first
                0x002083c2       0x10 build/kernel/task.o
 *fill*         0x002083d2        0x2 00
 .bss._stack_TaskMain
                0x002083d4      0x200 build/./kernel_cfg.o
 .bss.receiveBuf
                0x002085d4       0xfe build/ecrobot_bluetooth.o
 .bss.sendBuf   0x002086d2       0xfe build/ecrobot_bluetooth.o
 .bss.handle    0x002087d0        0x1 build/ecrobot_bluetooth.o
 *fill*         0x002087d1        0x3 00
 .bss.status_bar_position
                0x002087d4        0x4 build/ecrobot_base.o
 .bss.last_act_time.2674
                0x002087d8        0x4 build/ecrobot_base.o
 .bss.lcd.2603  0x002087dc      0x320 build/ecrobot_base.o
 .bss.OS_flag   0x00208afc        0x4 build/ecrobot_base.o
 .bss.status_bar
                0x00208b00       0x10 build/ecrobot_base.o
 .bss.buttons_i
                0x00208b10        0x4 ../../../ecrobot/../ecrobot/libecrobot.a(ecrobot_interface.o)
 .bss.buttons_states
                0x00208b14       0x14 ../../../ecrobot/../ecrobot/libecrobot.a(ecrobot_interface.o)
 .bss.ecrobot_inputs
                0x00208b28        0x8 ../../../ecrobot/../ecrobot/libecrobot.a(ecrobot_interface.o)
 .bss.systick_ms
                0x00208b30        0x4 ../../../ecrobot/../ecrobot/libecrobot.a(systick.oram)
 .bss.delayedEnable
                0x00208b34        0x1 ../../../ecrobot/../ecrobot/libecrobot.a(udp.oram)
 *fill*         0x00208b35        0x3 00
 .bss.outCnt    0x00208b38        0x4 ../../../ecrobot/../ecrobot/libecrobot.a(udp.oram)
 .bss.outPtr    0x00208b3c        0x4 ../../../ecrobot/../ecrobot/libecrobot.a(udp.oram)
 .bss.newAddress
                0x00208b40        0x4 ../../../ecrobot/../ecrobot/libecrobot.a(udp.oram)
 .bss.currentRxBank
                0x00208b44        0x4 ../../../ecrobot/../ecrobot/libecrobot.a(udp.oram)
 .bss.currentFeatures
                0x00208b48        0x4 ../../../ecrobot/../ecrobot/libecrobot.a(udp.oram)
 .bss.currentConfig
                0x00208b4c        0x1 ../../../ecrobot/../ecrobot/libecrobot.a(udp.oram)
 *fill*         0x00208b4d        0x3 00
 .bss.twi_mask  0x00208b50        0x4 ../../../ecrobot/../ecrobot/libecrobot.a(twi.oram)
 .bss.twi_ptr   0x00208b54        0x4 ../../../ecrobot/../ecrobot/libecrobot.a(twi.oram)
 .bss.twi_pending
                0x00208b58        0x4 ../../../ecrobot/../ecrobot/libecrobot.a(twi.oram)
 .bss.twi_state
                0x00208b5c        0x4 ../../../ecrobot/../ecrobot/libecrobot.a(twi.oram)
 .bss.page      0x00208b60        0x1 ../../../ecrobot/../ecrobot/libecrobot.a(nxt_spi.oram)
                0x00208b60                page
 .bss.dirty     0x00208b61        0x1 ../../../ecrobot/../ecrobot/libecrobot.a(nxt_spi.oram)
                0x00208b61                dirty
 *fill*         0x00208b62        0x2 00
 .bss.display   0x00208b64        0x4 ../../../ecrobot/../ecrobot/libecrobot.a(nxt_spi.oram)
                0x00208b64                display
 .bss.interrupts_this_period
                0x00208b68        0x4 ../../../ecrobot/../ecrobot/libecrobot.a(nxt_motors.oram)
 .bss.nxt_motor_initialised
                0x00208b6c        0x4 ../../../ecrobot/../ecrobot/libecrobot.a(nxt_motors.oram)
 .bss.motor     0x00208b70       0x30 ../../../ecrobot/../ecrobot/libecrobot.a(nxt_motors.oram)
 .bss.display_tick
                0x00208ba0        0x4 ../../../ecrobot/../ecrobot/libecrobot.a(display.oram)
                0x00208ba0                display_tick
 .bss.display_array
                0x00208ba4      0x388 ../../../ecrobot/../ecrobot/libecrobot.a(display.oram)
 .bss.i2c_int_count
                0x00208f2c        0x4 ../../../ecrobot/../ecrobot/libecrobot.a(i2c.oram)
 .bss.i2c_port  0x00208f30      0x170 ../../../ecrobot/../ecrobot/libecrobot.a(i2c.oram)
 .bss.sound_mode
                0x002090a0        0x1 ../../../ecrobot/../ecrobot/libecrobot.a(sound.oram)
                0x002090a0                sound_mode
 *fill*         0x002090a1        0x3 00
 .bss.in_buf_idx
                0x002090a4        0x4 ../../../ecrobot/../ecrobot/libecrobot.a(bt.oram)
 .bss.buf_ptr   0x002090a8        0x4 ../../../ecrobot/../ecrobot/libecrobot.a(bt.oram)
 .bss.out_buf   0x002090ac      0x200 ../../../ecrobot/../ecrobot/libecrobot.a(bt.oram)
 .bss.out_buf_ptr
                0x002092ac        0x1 ../../../ecrobot/../ecrobot/libecrobot.a(bt.oram)
 .bss.in_buf_in_ptr
                0x002092ad        0x1 ../../../ecrobot/../ecrobot/libecrobot.a(bt.oram)
 .bss.in_buf    0x002092ae      0x100 ../../../ecrobot/../ecrobot/libecrobot.a(bt.oram)
 *fill*         0x002093ae        0x2 00
 .bss.link_state
                0x002093b0        0x4 ../../../ecrobot/../ecrobot/libecrobot.a(nxt_avr.oram)
 .bss.update_count
                0x002093b4        0x4 ../../../ecrobot/../ecrobot/libecrobot.a(nxt_avr.oram)
 .bss.nxt_avr_stats
                0x002093b8       0x14 ../../../ecrobot/../ecrobot/libecrobot.a(nxt_avr.oram)
 .bss.debounce_cnt
                0x002093cc        0x2 ../../../ecrobot/../ecrobot/libecrobot.a(nxt_avr.oram)
 .bss.debounce_state
                0x002093ce        0x2 ../../../ecrobot/../ecrobot/libecrobot.a(nxt_avr.oram)
 .bss.button_state
                0x002093d0        0x2 ../../../ecrobot/../ecrobot/libecrobot.a(nxt_avr.oram)
 .bss.prev_buttons
                0x002093d2        0x2 ../../../ecrobot/../ecrobot/libecrobot.a(nxt_avr.oram)
 .bss.from_buf  0x002093d4        0x4 ../../../ecrobot/../ecrobot/libecrobot.a(nxt_avr.oram)
 .bss.io_from_avr
                0x002093d8        0x4 ../../../ecrobot/../ecrobot/libecrobot.a(nxt_avr.oram)
 .bss.data_from_avr
                0x002093dc       0x1a ../../../ecrobot/../ecrobot/libecrobot.a(nxt_avr.oram)
 .bss.data_to_avr
                0x002093f6        0x9 ../../../ecrobot/../ecrobot/libecrobot.a(nxt_avr.oram)
 .bss.io_to_avr
                0x002093ff        0x8 ../../../ecrobot/../ecrobot/libecrobot.a(nxt_avr.oram)
 *fill*         0x00209407        0x1 00
 .bss.display   0x00209408        0x4 ../../../ecrobot/../ecrobot/libecrobot.a(nxt_lcd.oram)
 .bss.ud_thetadot_cmd_lpf
                0x0020940c        0x4 ../../../ecrobot/../ecrobot/libnxtway_gs_balancer.a(balancer.o)
 .bss.ud_theta_ref
                0x00209410        0x4 ../../../ecrobot/../ecrobot/libnxtway_gs_balancer.a(balancer.o)
 .bss.ud_theta_lpf
                0x00209414        0x4 ../../../ecrobot/../ecrobot/libnxtway_gs_balancer.a(balancer.o)
 .bss.ud_psi    0x00209418        0x4 ../../../ecrobot/../ecrobot/libnxtway_gs_balancer.a(balancer.o)
 .bss.ud_err_theta
                0x0020941c        0x4 ../../../ecrobot/../ecrobot/libnxtway_gs_balancer.a(balancer.o)
                0x00209420                . = ALIGN (0x10)
                0x00209420                __bss_end__ = .
 COMMON         0x00209420        0x2 build/kernel/interrupt.o
                0x00209420                runisr
                0x00209421                sus_all_cnt
 *fill*         0x00209422        0x2 00
 COMMON         0x00209424       0x10 build/kernel/osctl.o
                0x00209424                callevel
                0x00209425                _errorhook_svcid
                0x00209426                appmode
                0x00209428                _errorhook_par1
                0x0020942c                _errorhook_par3
                0x00209430                _errorhook_par2
 COMMON         0x00209434        0x3 build/kernel/task.o
                0x00209434                runtsk
                0x00209435                schedtsk
                0x00209436                nextpri
 *fill*         0x00209437        0x1 00
 COMMON         0x00209438       0x2c build/./kernel_cfg.o
                0x00209438                tcb_waievt
                0x0020943c                rescb_prevpri
                0x0020943d                almcb_prev
                0x0020943e                tcb_lastres
                0x00209440                almcb_almval
                0x00209444                tcxb_pc
                0x00209448                tcb_next
                0x00209449                tcb_curpri
                0x0020944a                tcb_tstat
                0x0020944b                isrcb_lastres
                0x0020944c                cntcb_almque
                0x0020944d                rescb_prevres
                0x0020944e                tcb_actcnt
                0x00209450                tcb_curevt
                0x00209454                almcb_cycle
                0x00209458                tcxb_sp
                0x0020945c                almcb_next
                0x00209460                cntcb_curval
 COMMON         0x00209464       0x44 build/balance_linetrace.o
                0x00209464                D_GAIN_TMP
                0x00209468                BACK_POWER
                0x0020946c                AUTO_TAIL_POWER
                0x00209470                FORWARD_POWER
                0x00209474                FORWARD_TIME
                0x00209478                I_GAIN_TMP
                0x0020947c                P_GAIN_TMP
                0x00209480                ANGLE_TAIL
                0x00209484                bt_receive_buf
                0x002094a4                GYRO_OFFSET
 COMMON         0x002094a8       0x44 ../../../ecrobot/../ecrobot/libecrobot.a(uart.oram)
                0x002094a8                uart
 COMMON         0x002094ec        0x4 ../../../ecrobot/../ecrobot/libecrobot.a(data_abort.oram)
                0x002094ec                data_abort_pc
 COMMON         0x002094f0        0x8 ../../../ecrobot/../ecrobot/libecrobot.a(display.oram)
                0x002094f0                display_x
                0x002094f4                display_y
 COMMON         0x002094f8      0x31c ../../../ecrobot/../ecrobot/libecrobot.a(sound.oram)
                0x002094f8                sample
                0x002083b0                __bss_start__ = ADDR (.bss)
                0x00209814                __bss_end__ = (ADDR (.bss) + SIZEOF (.bss))
                0x00209814                PROVIDE (end, .)

.heap_area      0x00209814     0x6364
                0x0020fb78                . = (. + (0x20fb78 - end))
 *fill*         0x00209814     0x6364 00

.stack          0x0020fb78      0x488
                0x0020fbf8                . = (. + 0x80)
 *fill*         0x0020fb78       0x80 00
                0x0020fc00                . = ALIGN (0x10)
 *fill*         0x0020fbf8        0x8 00
                0x0020fc00                __irq_stack__ = .
                0x0020fc00                __system_stack_bottom__ = .
                0x00210000                . = (. + 0x400)
 *fill*         0x0020fc00      0x400 00
                0x00210000                . = ALIGN (0x10)
                0x00210000                __system_stack__ = .
                0x00210000                __system_stack_top__ = .
                0x0020fb78                __stack_start__ = ADDR (.stack)
                0x00210000                __stack_end__ = (ADDR (.stack) + SIZEOF (.stack))
OUTPUT(balance_linetrace_ram.elf elf32-littlearm)

.comment        0x00000000      0x396
 .comment       0x00000000       0x12 build/kernel/alarm.o
 .comment       0x00000012       0x12 build/kernel/event.o
 .comment       0x00000024       0x12 build/kernel/interrupt.o
 .comment       0x00000036       0x12 build/kernel/osctl.o
 .comment       0x00000048       0x12 build/kernel/resource.o
 .comment       0x0000005a       0x12 build/kernel/task.o
 .comment       0x0000006c       0x12 build/kernel/task_manage.o
 .comment       0x0000007e       0x12 build/config/at91sam7s-gnu/cpu_config.o
 .comment       0x00000090       0x12 build/config/at91sam7s-gnu/lego_nxt/sys_config.o
 .comment       0x000000a2       0x12 build/./kernel_cfg.o
 .comment       0x000000b4       0x12 build/syscalls.o
 .comment       0x000000c6       0x12 build/ecrobot_bluetooth.o
 .comment       0x000000d8       0x12 build/ecrobot_base.o
 .comment       0x000000ea       0x12 build/ecrobot.o
 .comment       0x000000fc       0x12 build/balance_linetrace.o
 .comment       0x0000010e       0x12 build/balancer_param.o
 .comment       0x00000120       0x12 build/syslib/at91sam7s-gnu/lego_nxt/hw_sys_timer.oram
 .comment       0x00000132       0x12 ../../../ecrobot/../ecrobot/libecrobot.a(ecrobot_HiTechnic.o)
 .comment       0x00000144       0x12 ../../../ecrobot/../ecrobot/libecrobot.a(ecrobot_interface.o)
 .comment       0x00000156       0x12 ../../../ecrobot/../ecrobot/libecrobot.a(colorsensor.o)
 .comment       0x00000168       0x12 ../../../ecrobot/../ecrobot/libecrobot.a(osek_hook.o)
 .comment       0x0000017a       0x12 ../../../ecrobot/../ecrobot/libecrobot.a(uart.oram)
 .comment       0x0000018c       0x12 ../../../ecrobot/../ecrobot/libecrobot.a(systick.oram)
 .comment       0x0000019e       0x12 ../../../ecrobot/../ecrobot/libecrobot.a(byte_fifo.oram)
 .comment       0x000001b0       0x12 ../../../ecrobot/../ecrobot/libecrobot.a(aic.oram)
 .comment       0x000001c2       0x12 ../../../ecrobot/../ecrobot/libecrobot.a(udp.oram)
 .comment       0x000001d4       0x12 ../../../ecrobot/../ecrobot/libecrobot.a(twi.oram)
 .comment       0x000001e6       0x12 ../../../ecrobot/../ecrobot/libecrobot.a(nxt_spi.oram)
 .comment       0x000001f8       0x12 ../../../ecrobot/../ecrobot/libecrobot.a(nxt_motors.oram)
 .comment       0x0000020a       0x12 ../../../ecrobot/../ecrobot/libecrobot.a(data_abort.oram)
 .comment       0x0000021c       0x12 ../../../ecrobot/../ecrobot/libecrobot.a(display.oram)
 .comment       0x0000022e       0x12 ../../../ecrobot/../ecrobot/libecrobot.a(i2c.oram)
 .comment       0x00000240       0x12 ../../../ecrobot/../ecrobot/libecrobot.a(sound.oram)
 .comment       0x00000252       0x12 ../../../ecrobot/../ecrobot/libecrobot.a(bt.oram)
 .comment       0x00000264       0x12 ../../../ecrobot/../ecrobot/libecrobot.a(nxt_avr.oram)
 .comment       0x00000276       0x12 ../../../ecrobot/../ecrobot/libecrobot.a(sensors.oram)
 .comment       0x00000288       0x12 ../../../ecrobot/../ecrobot/libecrobot.a(sensors1.oram)
 .comment       0x0000029a       0x12 ../../../ecrobot/../ecrobot/libecrobot.a(nxt_lcd.oram)
 .comment       0x000002ac       0x12 ../../../ecrobot/../ecrobot/libecrobot.a(flash_loader.oram)
 .comment       0x000002be       0x12 ../../../ecrobot/../ecrobot/libecrobot.a(ecrobot_usb.o)
 .comment       0x000002d0       0x12 ../../../ecrobot/../ecrobot/libecrobot.a(flashprog.oram)
 .comment       0x000002e2       0x12 ../../../ecrobot/../ecrobot/libnxtway_gs_balancer.a(balancer.o)
 .comment       0x000002f4       0x12 /cygdrive/C/cygwin/GNUARM/bin/../lib/gcc/arm-elf/4.0.2/thumb/interwork/libgcc.a(_muldi3.o)
 .comment       0x00000306       0x12 /cygdrive/C/cygwin/GNUARM/bin/../lib/gcc/arm-elf/4.0.2/thumb/interwork/libgcc.a(_divdi3.o)
 .comment       0x00000318       0x12 /cygdrive/C/cygwin/GNUARM/bin/../lib/gcc/arm-elf/4.0.2/thumb/interwork/libgcc.a(_clz.o)
 .comment       0x0000032a       0x12 /cygdrive/C/cygwin/GNUARM/bin/../lib/gcc/arm-elf/4.0.2/../../../../arm-elf/lib/thumb/interwork/libc.a(memcpy.o)
 .comment       0x0000033c       0x12 /cygdrive/C/cygwin/GNUARM/bin/../lib/gcc/arm-elf/4.0.2/../../../../arm-elf/lib/thumb/interwork/libc.a(memset.o)
 .comment       0x0000034e       0x12 /cygdrive/C/cygwin/GNUARM/bin/../lib/gcc/arm-elf/4.0.2/../../../../arm-elf/lib/thumb/interwork/libc.a(strcmp.o)
 .comment       0x00000360       0x12 /cygdrive/C/cygwin/GNUARM/bin/../lib/gcc/arm-elf/4.0.2/../../../../arm-elf/lib/thumb/interwork/libc.a(strcpy.o)
 .comment       0x00000372       0x12 /cygdrive/C/cygwin/GNUARM/bin/../lib/gcc/arm-elf/4.0.2/../../../../arm-elf/lib/thumb/interwork/libc.a(strlen.o)
 .comment       0x00000384       0x12 /cygdrive/C/cygwin/GNUARM/bin/../lib/gcc/arm-elf/4.0.2/../../../../arm-elf/lib/thumb/interwork/libc.a(strncpy.o)

.debug_line     0x00000000      0xf28
 .debug_line    0x00000000       0x70 /cygdrive/C/cygwin/GNUARM/bin/../lib/gcc/arm-elf/4.0.2/thumb/interwork/libgcc.a(_udivsi3.o)
 .debug_line    0x00000070       0x7c /cygdrive/C/cygwin/GNUARM/bin/../lib/gcc/arm-elf/4.0.2/thumb/interwork/libgcc.a(_divsi3.o)
 .debug_line    0x000000ec       0x68 /cygdrive/C/cygwin/GNUARM/bin/../lib/gcc/arm-elf/4.0.2/thumb/interwork/libgcc.a(_umodsi3.o)
 .debug_line    0x00000154       0x71 /cygdrive/C/cygwin/GNUARM/bin/../lib/gcc/arm-elf/4.0.2/thumb/interwork/libgcc.a(_modsi3.o)
 .debug_line    0x000001c5       0x5a /cygdrive/C/cygwin/GNUARM/bin/../lib/gcc/arm-elf/4.0.2/thumb/interwork/libgcc.a(_dvmd_tls.o)
 .debug_line    0x0000021f      0x162 /cygdrive/C/cygwin/GNUARM/bin/../lib/gcc/arm-elf/4.0.2/thumb/interwork/libgcc.a(_addsubdf3.o)
 .debug_line    0x00000381      0x177 /cygdrive/C/cygwin/GNUARM/bin/../lib/gcc/arm-elf/4.0.2/thumb/interwork/libgcc.a(_muldivdf3.o)
 .debug_line    0x000004f8       0xa4 /cygdrive/C/cygwin/GNUARM/bin/../lib/gcc/arm-elf/4.0.2/thumb/interwork/libgcc.a(_cmpdf2.o)
 .debug_line    0x0000059c       0x80 /cygdrive/C/cygwin/GNUARM/bin/../lib/gcc/arm-elf/4.0.2/thumb/interwork/libgcc.a(_truncdfsf2.o)
 .debug_line    0x0000061c      0x110 /cygdrive/C/cygwin/GNUARM/bin/../lib/gcc/arm-elf/4.0.2/thumb/interwork/libgcc.a(_addsubsf3.o)
 .debug_line    0x0000072c      0x11a /cygdrive/C/cygwin/GNUARM/bin/../lib/gcc/arm-elf/4.0.2/thumb/interwork/libgcc.a(_muldivsf3.o)
 .debug_line    0x00000846       0x98 /cygdrive/C/cygwin/GNUARM/bin/../lib/gcc/arm-elf/4.0.2/thumb/interwork/libgcc.a(_cmpsf2.o)
 .debug_line    0x000008de       0x6f /cygdrive/C/cygwin/GNUARM/bin/../lib/gcc/arm-elf/4.0.2/thumb/interwork/libgcc.a(_fixsfsi.o)
 .debug_line    0x0000094d       0x61 /cygdrive/C/cygwin/GNUARM/bin/../lib/gcc/arm-elf/4.0.2/thumb/interwork/libgcc.a(_muldi3.o)
 .debug_line    0x000009ae      0x122 /cygdrive/C/cygwin/GNUARM/bin/../lib/gcc/arm-elf/4.0.2/thumb/interwork/libgcc.a(_divdi3.o)
 .debug_line    0x00000ad0       0x48 /cygdrive/C/cygwin/GNUARM/bin/../lib/gcc/arm-elf/4.0.2/thumb/interwork/libgcc.a(_clz.o)
 .debug_line    0x00000b18       0xc3 /cygdrive/C/cygwin/GNUARM/bin/../lib/gcc/arm-elf/4.0.2/../../../../arm-elf/lib/thumb/interwork/libc.a(memcpy.o)
 .debug_line    0x00000bdb       0xd4 /cygdrive/C/cygwin/GNUARM/bin/../lib/gcc/arm-elf/4.0.2/../../../../arm-elf/lib/thumb/interwork/libc.a(memset.o)
 .debug_line    0x00000caf       0x88 /cygdrive/C/cygwin/GNUARM/bin/../lib/gcc/arm-elf/4.0.2/../../../../arm-elf/lib/thumb/interwork/libc.a(strcmp.o)
 .debug_line    0x00000d37       0x80 /cygdrive/C/cygwin/GNUARM/bin/../lib/gcc/arm-elf/4.0.2/../../../../arm-elf/lib/thumb/interwork/libc.a(strcpy.o)
 .debug_line    0x00000db7       0xaf /cygdrive/C/cygwin/GNUARM/bin/../lib/gcc/arm-elf/4.0.2/../../../../arm-elf/lib/thumb/interwork/libc.a(strlen.o)
 .debug_line    0x00000e66       0xc2 /cygdrive/C/cygwin/GNUARM/bin/../lib/gcc/arm-elf/4.0.2/../../../../arm-elf/lib/thumb/interwork/libc.a(strncpy.o)

.debug_info     0x00000000     0x1587
 .debug_info    0x00000000       0x6a /cygdrive/C/cygwin/GNUARM/bin/../lib/gcc/arm-elf/4.0.2/thumb/interwork/libgcc.a(_udivsi3.o)
 .debug_info    0x0000006a       0x6a /cygdrive/C/cygwin/GNUARM/bin/../lib/gcc/arm-elf/4.0.2/thumb/interwork/libgcc.a(_divsi3.o)
 .debug_info    0x000000d4       0x6a /cygdrive/C/cygwin/GNUARM/bin/../lib/gcc/arm-elf/4.0.2/thumb/interwork/libgcc.a(_umodsi3.o)
 .debug_info    0x0000013e       0x6a /cygdrive/C/cygwin/GNUARM/bin/../lib/gcc/arm-elf/4.0.2/thumb/interwork/libgcc.a(_modsi3.o)
 .debug_info    0x000001a8       0x6a /cygdrive/C/cygwin/GNUARM/bin/../lib/gcc/arm-elf/4.0.2/thumb/interwork/libgcc.a(_dvmd_tls.o)
 .debug_info    0x00000212       0x69 /cygdrive/C/cygwin/GNUARM/bin/../lib/gcc/arm-elf/4.0.2/thumb/interwork/libgcc.a(_addsubdf3.o)
 .debug_info    0x0000027b       0x69 /cygdrive/C/cygwin/GNUARM/bin/../lib/gcc/arm-elf/4.0.2/thumb/interwork/libgcc.a(_muldivdf3.o)
 .debug_info    0x000002e4       0x69 /cygdrive/C/cygwin/GNUARM/bin/../lib/gcc/arm-elf/4.0.2/thumb/interwork/libgcc.a(_cmpdf2.o)
 .debug_info    0x0000034d       0x69 /cygdrive/C/cygwin/GNUARM/bin/../lib/gcc/arm-elf/4.0.2/thumb/interwork/libgcc.a(_truncdfsf2.o)
 .debug_info    0x000003b6       0x69 /cygdrive/C/cygwin/GNUARM/bin/../lib/gcc/arm-elf/4.0.2/thumb/interwork/libgcc.a(_addsubsf3.o)
 .debug_info    0x0000041f       0x69 /cygdrive/C/cygwin/GNUARM/bin/../lib/gcc/arm-elf/4.0.2/thumb/interwork/libgcc.a(_muldivsf3.o)
 .debug_info    0x00000488       0x69 /cygdrive/C/cygwin/GNUARM/bin/../lib/gcc/arm-elf/4.0.2/thumb/interwork/libgcc.a(_cmpsf2.o)
 .debug_info    0x000004f1       0x69 /cygdrive/C/cygwin/GNUARM/bin/../lib/gcc/arm-elf/4.0.2/thumb/interwork/libgcc.a(_fixsfsi.o)
 .debug_info    0x0000055a      0x20e /cygdrive/C/cygwin/GNUARM/bin/../lib/gcc/arm-elf/4.0.2/thumb/interwork/libgcc.a(_muldi3.o)
 .debug_info    0x00000768      0x758 /cygdrive/C/cygwin/GNUARM/bin/../lib/gcc/arm-elf/4.0.2/thumb/interwork/libgcc.a(_divdi3.o)
 .debug_info    0x00000ec0       0xc9 /cygdrive/C/cygwin/GNUARM/bin/../lib/gcc/arm-elf/4.0.2/thumb/interwork/libgcc.a(_clz.o)
 .debug_info    0x00000f89      0x10d /cygdrive/C/cygwin/GNUARM/bin/../lib/gcc/arm-elf/4.0.2/../../../../arm-elf/lib/thumb/interwork/libc.a(memcpy.o)
 .debug_info    0x00001096      0x111 /cygdrive/C/cygwin/GNUARM/bin/../lib/gcc/arm-elf/4.0.2/../../../../arm-elf/lib/thumb/interwork/libc.a(memset.o)
 .debug_info    0x000011a7       0xd9 /cygdrive/C/cygwin/GNUARM/bin/../lib/gcc/arm-elf/4.0.2/../../../../arm-elf/lib/thumb/interwork/libc.a(strcmp.o)
 .debug_info    0x00001280      0x10c /cygdrive/C/cygwin/GNUARM/bin/../lib/gcc/arm-elf/4.0.2/../../../../arm-elf/lib/thumb/interwork/libc.a(strcpy.o)
 .debug_info    0x0000138c       0xd5 /cygdrive/C/cygwin/GNUARM/bin/../lib/gcc/arm-elf/4.0.2/../../../../arm-elf/lib/thumb/interwork/libc.a(strlen.o)
 .debug_info    0x00001461      0x126 /cygdrive/C/cygwin/GNUARM/bin/../lib/gcc/arm-elf/4.0.2/../../../../arm-elf/lib/thumb/interwork/libc.a(strncpy.o)

.debug_abbrev   0x00000000      0x701
 .debug_abbrev  0x00000000       0x14 /cygdrive/C/cygwin/GNUARM/bin/../lib/gcc/arm-elf/4.0.2/thumb/interwork/libgcc.a(_udivsi3.o)
 .debug_abbrev  0x00000014       0x14 /cygdrive/C/cygwin/GNUARM/bin/../lib/gcc/arm-elf/4.0.2/thumb/interwork/libgcc.a(_divsi3.o)
 .debug_abbrev  0x00000028       0x14 /cygdrive/C/cygwin/GNUARM/bin/../lib/gcc/arm-elf/4.0.2/thumb/interwork/libgcc.a(_umodsi3.o)
 .debug_abbrev  0x0000003c       0x14 /cygdrive/C/cygwin/GNUARM/bin/../lib/gcc/arm-elf/4.0.2/thumb/interwork/libgcc.a(_modsi3.o)
 .debug_abbrev  0x00000050       0x14 /cygdrive/C/cygwin/GNUARM/bin/../lib/gcc/arm-elf/4.0.2/thumb/interwork/libgcc.a(_dvmd_tls.o)
 .debug_abbrev  0x00000064       0x14 /cygdrive/C/cygwin/GNUARM/bin/../lib/gcc/arm-elf/4.0.2/thumb/interwork/libgcc.a(_addsubdf3.o)
 .debug_abbrev  0x00000078       0x14 /cygdrive/C/cygwin/GNUARM/bin/../lib/gcc/arm-elf/4.0.2/thumb/interwork/libgcc.a(_muldivdf3.o)
 .debug_abbrev  0x0000008c       0x14 /cygdrive/C/cygwin/GNUARM/bin/../lib/gcc/arm-elf/4.0.2/thumb/interwork/libgcc.a(_cmpdf2.o)
 .debug_abbrev  0x000000a0       0x14 /cygdrive/C/cygwin/GNUARM/bin/../lib/gcc/arm-elf/4.0.2/thumb/interwork/libgcc.a(_truncdfsf2.o)
 .debug_abbrev  0x000000b4       0x14 /cygdrive/C/cygwin/GNUARM/bin/../lib/gcc/arm-elf/4.0.2/thumb/interwork/libgcc.a(_addsubsf3.o)
 .debug_abbrev  0x000000c8       0x14 /cygdrive/C/cygwin/GNUARM/bin/../lib/gcc/arm-elf/4.0.2/thumb/interwork/libgcc.a(_muldivsf3.o)
 .debug_abbrev  0x000000dc       0x14 /cygdrive/C/cygwin/GNUARM/bin/../lib/gcc/arm-elf/4.0.2/thumb/interwork/libgcc.a(_cmpsf2.o)
 .debug_abbrev  0x000000f0       0x14 /cygdrive/C/cygwin/GNUARM/bin/../lib/gcc/arm-elf/4.0.2/thumb/interwork/libgcc.a(_fixsfsi.o)
 .debug_abbrev  0x00000104       0xec /cygdrive/C/cygwin/GNUARM/bin/../lib/gcc/arm-elf/4.0.2/thumb/interwork/libgcc.a(_muldi3.o)
 .debug_abbrev  0x000001f0      0x174 /cygdrive/C/cygwin/GNUARM/bin/../lib/gcc/arm-elf/4.0.2/thumb/interwork/libgcc.a(_divdi3.o)
 .debug_abbrev  0x00000364       0x61 /cygdrive/C/cygwin/GNUARM/bin/../lib/gcc/arm-elf/4.0.2/thumb/interwork/libgcc.a(_clz.o)
 .debug_abbrev  0x000003c5       0x99 /cygdrive/C/cygwin/GNUARM/bin/../lib/gcc/arm-elf/4.0.2/../../../../arm-elf/lib/thumb/interwork/libc.a(memcpy.o)
 .debug_abbrev  0x0000045e       0x9a /cygdrive/C/cygwin/GNUARM/bin/../lib/gcc/arm-elf/4.0.2/../../../../arm-elf/lib/thumb/interwork/libc.a(memset.o)
 .debug_abbrev  0x000004f8       0x71 /cygdrive/C/cygwin/GNUARM/bin/../lib/gcc/arm-elf/4.0.2/../../../../arm-elf/lib/thumb/interwork/libc.a(strcmp.o)
 .debug_abbrev  0x00000569       0x80 /cygdrive/C/cygwin/GNUARM/bin/../lib/gcc/arm-elf/4.0.2/../../../../arm-elf/lib/thumb/interwork/libc.a(strcpy.o)
 .debug_abbrev  0x000005e9       0x8b /cygdrive/C/cygwin/GNUARM/bin/../lib/gcc/arm-elf/4.0.2/../../../../arm-elf/lib/thumb/interwork/libc.a(strlen.o)
 .debug_abbrev  0x00000674       0x8d /cygdrive/C/cygwin/GNUARM/bin/../lib/gcc/arm-elf/4.0.2/../../../../arm-elf/lib/thumb/interwork/libc.a(strncpy.o)

.debug_aranges  0x00000000      0x2a0
 .debug_aranges
                0x00000000       0x20 /cygdrive/C/cygwin/GNUARM/bin/../lib/gcc/arm-elf/4.0.2/thumb/interwork/libgcc.a(_udivsi3.o)
 .debug_aranges
                0x00000020       0x20 /cygdrive/C/cygwin/GNUARM/bin/../lib/gcc/arm-elf/4.0.2/thumb/interwork/libgcc.a(_divsi3.o)
 .debug_aranges
                0x00000040       0x20 /cygdrive/C/cygwin/GNUARM/bin/../lib/gcc/arm-elf/4.0.2/thumb/interwork/libgcc.a(_umodsi3.o)
 .debug_aranges
                0x00000060       0x20 /cygdrive/C/cygwin/GNUARM/bin/../lib/gcc/arm-elf/4.0.2/thumb/interwork/libgcc.a(_modsi3.o)
 .debug_aranges
                0x00000080       0x20 /cygdrive/C/cygwin/GNUARM/bin/../lib/gcc/arm-elf/4.0.2/thumb/interwork/libgcc.a(_dvmd_tls.o)
 .debug_aranges
                0x000000a0       0x20 /cygdrive/C/cygwin/GNUARM/bin/../lib/gcc/arm-elf/4.0.2/thumb/interwork/libgcc.a(_addsubdf3.o)
 .debug_aranges
                0x000000c0       0x20 /cygdrive/C/cygwin/GNUARM/bin/../lib/gcc/arm-elf/4.0.2/thumb/interwork/libgcc.a(_muldivdf3.o)
 .debug_aranges
                0x000000e0       0x20 /cygdrive/C/cygwin/GNUARM/bin/../lib/gcc/arm-elf/4.0.2/thumb/interwork/libgcc.a(_cmpdf2.o)
 .debug_aranges
                0x00000100       0x20 /cygdrive/C/cygwin/GNUARM/bin/../lib/gcc/arm-elf/4.0.2/thumb/interwork/libgcc.a(_truncdfsf2.o)
 .debug_aranges
                0x00000120       0x20 /cygdrive/C/cygwin/GNUARM/bin/../lib/gcc/arm-elf/4.0.2/thumb/interwork/libgcc.a(_addsubsf3.o)
 .debug_aranges
                0x00000140       0x20 /cygdrive/C/cygwin/GNUARM/bin/../lib/gcc/arm-elf/4.0.2/thumb/interwork/libgcc.a(_muldivsf3.o)
 .debug_aranges
                0x00000160       0x20 /cygdrive/C/cygwin/GNUARM/bin/../lib/gcc/arm-elf/4.0.2/thumb/interwork/libgcc.a(_cmpsf2.o)
 .debug_aranges
                0x00000180       0x20 /cygdrive/C/cygwin/GNUARM/bin/../lib/gcc/arm-elf/4.0.2/thumb/interwork/libgcc.a(_fixsfsi.o)
 .debug_aranges
                0x000001a0       0x20 /cygdrive/C/cygwin/GNUARM/bin/../lib/gcc/arm-elf/4.0.2/thumb/interwork/libgcc.a(_muldi3.o)
 .debug_aranges
                0x000001c0       0x20 /cygdrive/C/cygwin/GNUARM/bin/../lib/gcc/arm-elf/4.0.2/thumb/interwork/libgcc.a(_divdi3.o)
 .debug_aranges
                0x000001e0       0x20 /cygdrive/C/cygwin/GNUARM/bin/../lib/gcc/arm-elf/4.0.2/../../../../arm-elf/lib/thumb/interwork/libc.a(memcpy.o)
 .debug_aranges
                0x00000200       0x20 /cygdrive/C/cygwin/GNUARM/bin/../lib/gcc/arm-elf/4.0.2/../../../../arm-elf/lib/thumb/interwork/libc.a(memset.o)
 .debug_aranges
                0x00000220       0x20 /cygdrive/C/cygwin/GNUARM/bin/../lib/gcc/arm-elf/4.0.2/../../../../arm-elf/lib/thumb/interwork/libc.a(strcmp.o)
 .debug_aranges
                0x00000240       0x20 /cygdrive/C/cygwin/GNUARM/bin/../lib/gcc/arm-elf/4.0.2/../../../../arm-elf/lib/thumb/interwork/libc.a(strcpy.o)
 .debug_aranges
                0x00000260       0x20 /cygdrive/C/cygwin/GNUARM/bin/../lib/gcc/arm-elf/4.0.2/../../../../arm-elf/lib/thumb/interwork/libc.a(strlen.o)
 .debug_aranges
                0x00000280       0x20 /cygdrive/C/cygwin/GNUARM/bin/../lib/gcc/arm-elf/4.0.2/../../../../arm-elf/lib/thumb/interwork/libc.a(strncpy.o)

.debug_frame    0x00000000      0x180
 .debug_frame   0x00000000       0x38 /cygdrive/C/cygwin/GNUARM/bin/../lib/gcc/arm-elf/4.0.2/thumb/interwork/libgcc.a(_muldi3.o)
 .debug_frame   0x00000038       0x3c /cygdrive/C/cygwin/GNUARM/bin/../lib/gcc/arm-elf/4.0.2/thumb/interwork/libgcc.a(_divdi3.o)
 .debug_frame   0x00000074       0x2c /cygdrive/C/cygwin/GNUARM/bin/../lib/gcc/arm-elf/4.0.2/../../../../arm-elf/lib/thumb/interwork/libc.a(memcpy.o)
 .debug_frame   0x000000a0       0x2c /cygdrive/C/cygwin/GNUARM/bin/../lib/gcc/arm-elf/4.0.2/../../../../arm-elf/lib/thumb/interwork/libc.a(memset.o)
 .debug_frame   0x000000cc       0x2c /cygdrive/C/cygwin/GNUARM/bin/../lib/gcc/arm-elf/4.0.2/../../../../arm-elf/lib/thumb/interwork/libc.a(strcmp.o)
 .debug_frame   0x000000f8       0x2c /cygdrive/C/cygwin/GNUARM/bin/../lib/gcc/arm-elf/4.0.2/../../../../arm-elf/lib/thumb/interwork/libc.a(strcpy.o)
 .debug_frame   0x00000124       0x2c /cygdrive/C/cygwin/GNUARM/bin/../lib/gcc/arm-elf/4.0.2/../../../../arm-elf/lib/thumb/interwork/libc.a(strlen.o)
 .debug_frame   0x00000150       0x30 /cygdrive/C/cygwin/GNUARM/bin/../lib/gcc/arm-elf/4.0.2/../../../../arm-elf/lib/thumb/interwork/libc.a(strncpy.o)

.debug_loc      0x00000000     0x13c0
 .debug_loc     0x00000000      0x156 /cygdrive/C/cygwin/GNUARM/bin/../lib/gcc/arm-elf/4.0.2/thumb/interwork/libgcc.a(_muldi3.o)
 .debug_loc     0x00000156      0xd45 /cygdrive/C/cygwin/GNUARM/bin/../lib/gcc/arm-elf/4.0.2/thumb/interwork/libgcc.a(_divdi3.o)
 .debug_loc     0x00000e9b      0x127 /cygdrive/C/cygwin/GNUARM/bin/../lib/gcc/arm-elf/4.0.2/../../../../arm-elf/lib/thumb/interwork/libc.a(memcpy.o)
 .debug_loc     0x00000fc2      0x12a /cygdrive/C/cygwin/GNUARM/bin/../lib/gcc/arm-elf/4.0.2/../../../../arm-elf/lib/thumb/interwork/libc.a(memset.o)
 .debug_loc     0x000010ec       0x8e /cygdrive/C/cygwin/GNUARM/bin/../lib/gcc/arm-elf/4.0.2/../../../../arm-elf/lib/thumb/interwork/libc.a(strcmp.o)
 .debug_loc     0x0000117a       0xb4 /cygdrive/C/cygwin/GNUARM/bin/../lib/gcc/arm-elf/4.0.2/../../../../arm-elf/lib/thumb/interwork/libc.a(strcpy.o)
 .debug_loc     0x0000122e       0x3c /cygdrive/C/cygwin/GNUARM/bin/../lib/gcc/arm-elf/4.0.2/../../../../arm-elf/lib/thumb/interwork/libc.a(strlen.o)
 .debug_loc     0x0000126a      0x156 /cygdrive/C/cygwin/GNUARM/bin/../lib/gcc/arm-elf/4.0.2/../../../../arm-elf/lib/thumb/interwork/libc.a(strncpy.o)

.debug_pubnames
                0x00000000      0x10d
 .debug_pubnames
                0x00000000       0x1f /cygdrive/C/cygwin/GNUARM/bin/../lib/gcc/arm-elf/4.0.2/thumb/interwork/libgcc.a(_muldi3.o)
 .debug_pubnames
                0x0000001f       0x1f /cygdrive/C/cygwin/GNUARM/bin/../lib/gcc/arm-elf/4.0.2/thumb/interwork/libgcc.a(_divdi3.o)
 .debug_pubnames
                0x0000003e       0x20 /cygdrive/C/cygwin/GNUARM/bin/../lib/gcc/arm-elf/4.0.2/thumb/interwork/libgcc.a(_clz.o)
 .debug_pubnames
                0x0000005e       0x1d /cygdrive/C/cygwin/GNUARM/bin/../lib/gcc/arm-elf/4.0.2/../../../../arm-elf/lib/thumb/interwork/libc.a(memcpy.o)
 .debug_pubnames
                0x0000007b       0x1d /cygdrive/C/cygwin/GNUARM/bin/../lib/gcc/arm-elf/4.0.2/../../../../arm-elf/lib/thumb/interwork/libc.a(memset.o)
 .debug_pubnames
                0x00000098       0x1d /cygdrive/C/cygwin/GNUARM/bin/../lib/gcc/arm-elf/4.0.2/../../../../arm-elf/lib/thumb/interwork/libc.a(strcmp.o)
 .debug_pubnames
                0x000000b5       0x1d /cygdrive/C/cygwin/GNUARM/bin/../lib/gcc/arm-elf/4.0.2/../../../../arm-elf/lib/thumb/interwork/libc.a(strcpy.o)
 .debug_pubnames
                0x000000d2       0x1d /cygdrive/C/cygwin/GNUARM/bin/../lib/gcc/arm-elf/4.0.2/../../../../arm-elf/lib/thumb/interwork/libc.a(strlen.o)
 .debug_pubnames
                0x000000ef       0x1e /cygdrive/C/cygwin/GNUARM/bin/../lib/gcc/arm-elf/4.0.2/../../../../arm-elf/lib/thumb/interwork/libc.a(strncpy.o)

.debug_ranges   0x00000000      0x1d8
 .debug_ranges  0x00000000       0x30 /cygdrive/C/cygwin/GNUARM/bin/../lib/gcc/arm-elf/4.0.2/thumb/interwork/libgcc.a(_muldi3.o)
 .debug_ranges  0x00000030      0x1a8 /cygdrive/C/cygwin/GNUARM/bin/../lib/gcc/arm-elf/4.0.2/thumb/interwork/libgcc.a(_divdi3.o)

.debug_str      0x00000000      0x38b
 .debug_str     0x00000000       0xfb /cygdrive/C/cygwin/GNUARM/bin/../lib/gcc/arm-elf/4.0.2/thumb/interwork/libgcc.a(_muldi3.o)
                                0x14f (size before relaxing)
 .debug_str     0x000000fb       0x5d /cygdrive/C/cygwin/GNUARM/bin/../lib/gcc/arm-elf/4.0.2/thumb/interwork/libgcc.a(_divdi3.o)
                                0x1a3 (size before relaxing)
 .debug_str     0x00000158        0x0 /cygdrive/C/cygwin/GNUARM/bin/../lib/gcc/arm-elf/4.0.2/thumb/interwork/libgcc.a(_clz.o)
                                0x104 (size before relaxing)
 .debug_str     0x00000158       0xb3 /cygdrive/C/cygwin/GNUARM/bin/../lib/gcc/arm-elf/4.0.2/../../../../arm-elf/lib/thumb/interwork/libc.a(memcpy.o)
                                 0xdf (size before relaxing)
 .debug_str     0x0000020b       0x5a /cygdrive/C/cygwin/GNUARM/bin/../lib/gcc/arm-elf/4.0.2/../../../../arm-elf/lib/thumb/interwork/libc.a(memset.o)
                                0x129 (size before relaxing)
 .debug_str     0x00000265       0x46 /cygdrive/C/cygwin/GNUARM/bin/../lib/gcc/arm-elf/4.0.2/../../../../arm-elf/lib/thumb/interwork/libc.a(strcmp.o)
                                0x10e (size before relaxing)
 .debug_str     0x000002ab       0x46 /cygdrive/C/cygwin/GNUARM/bin/../lib/gcc/arm-elf/4.0.2/../../../../arm-elf/lib/thumb/interwork/libc.a(strcpy.o)
                                0x130 (size before relaxing)
 .debug_str     0x000002f1       0x4c /cygdrive/C/cygwin/GNUARM/bin/../lib/gcc/arm-elf/4.0.2/../../../../arm-elf/lib/thumb/interwork/libc.a(strlen.o)
                                0x128 (size before relaxing)
 .debug_str     0x0000033d       0x4e /cygdrive/C/cygwin/GNUARM/bin/../lib/gcc/arm-elf/4.0.2/../../../../arm-elf/lib/thumb/interwork/libc.a(strncpy.o)
                                0x13f (size before relaxing)

Cross Reference Table

Symbol                                            File
ANGLE_TAIL                                        build/balance_linetrace.o
AUTO_TAIL_POWER                                   build/balance_linetrace.o
A_D                                               build/balancer_param.o
                                                  ../../../ecrobot/../ecrobot/libnxtway_gs_balancer.a(balancer.o)
A_R                                               build/balancer_param.o
                                                  ../../../ecrobot/../ecrobot/libnxtway_gs_balancer.a(balancer.o)
ActivateTask                                      build/kernel/task_manage.o
BACK_POWER                                        build/balance_linetrace.o
BATTERY_GAIN                                      build/balancer_param.o
                                                  ../../../ecrobot/../ecrobot/libnxtway_gs_balancer.a(balancer.o)
BATTERY_OFFSET                                    build/balancer_param.o
                                                  ../../../ecrobot/../ecrobot/libnxtway_gs_balancer.a(balancer.o)
CancelAlarm                                       build/kernel/alarm.o
ChainTask                                         build/kernel/task_manage.o
ClearEvent                                        build/kernel/event.o
D_GAIN_TMP                                        build/balance_linetrace.o
DisableAllInterrupts                              build/kernel/interrupt.o
EnableAllInterrupts                               build/kernel/interrupt.o
ErrorHook                                         ../../../ecrobot/../ecrobot/libecrobot.a(osek_hook.o)
                                                  build/kernel/osctl.o
FORWARD_POWER                                     build/balance_linetrace.o
FORWARD_TIME                                      build/balance_linetrace.o
GYRO_OFFSET                                       build/balance_linetrace.o
GetActiveApplicationMode                          build/kernel/osctl.o
GetAlarm                                          build/kernel/alarm.o
GetAlarmBase                                      build/kernel/alarm.o
GetEvent                                          build/kernel/event.o
GetResource                                       build/kernel/resource.o
GetTaskID                                         build/kernel/task_manage.o
GetTaskState                                      build/kernel/task_manage.o
I_GAIN_TMP                                        build/balance_linetrace.o
K_F                                               build/balancer_param.o
                                                  ../../../ecrobot/../ecrobot/libnxtway_gs_balancer.a(balancer.o)
K_I                                               build/balancer_param.o
                                                  ../../../ecrobot/../ecrobot/libnxtway_gs_balancer.a(balancer.o)
K_PHIDOT                                          build/balancer_param.o
                                                  ../../../ecrobot/../ecrobot/libnxtway_gs_balancer.a(balancer.o)
K_THETADOT                                        build/balancer_param.o
                                                  ../../../ecrobot/../ecrobot/libnxtway_gs_balancer.a(balancer.o)
NXT_Entry_Point                                   build/nxt_entry_point.o
                                                  build/nxt_binary_header.o
P_GAIN_TMP                                        build/balance_linetrace.o
PostTaskHook                                      ../../../ecrobot/../ecrobot/libecrobot.a(osek_hook.o)
                                                  build/config/at91sam7s-gnu/cpu_support.oram
                                                  build/kernel/osctl.o
PreTaskHook                                       ../../../ecrobot/../ecrobot/libecrobot.a(osek_hook.o)
                                                  build/config/at91sam7s-gnu/cpu_support.oram
                                                  build/kernel/osctl.o
ReleaseResource                                   build/kernel/resource.o
ResumeAllInterrupts                               build/kernel/interrupt.o
ResumeOSInterrupts                                build/kernel/interrupt.o
Schedule                                          build/kernel/task_manage.o
SetAbsAlarm                                       build/kernel/alarm.o
SetEvent                                          build/kernel/event.o
SetRelAlarm                                       build/kernel/alarm.o
ShutdownHook                                      ../../../ecrobot/../ecrobot/libecrobot.a(osek_hook.o)
                                                  build/kernel/osctl.o
ShutdownOS                                        build/kernel/osctl.o
SignalCounter                                     build/kernel/alarm.o
StartOS                                           build/kernel/osctl.o
                                                  build/ecrobot.o
StartupHook                                       ../../../ecrobot/../ecrobot/libecrobot.a(osek_hook.o)
                                                  build/kernel/osctl.o
SuspendAllInterrupts                              build/kernel/interrupt.o
SuspendOSInterrupts                               build/kernel/interrupt.o
TaskMain                                          build/./kernel_cfg.o
TaskMainTaskMain                                  build/balance_linetrace.o
                                                  build/./kernel_cfg.o
TerminateTask                                     build/kernel/task_manage.o
WaitEvent                                         build/kernel/event.o
____adddf3_change_to_arm                          /cygdrive/C/cygwin/GNUARM/bin/../lib/gcc/arm-elf/4.0.2/../../../../arm-elf/lib/thumb/interwork/libc.a(strncpy.o)
____adddf3_from_thumb                             /cygdrive/C/cygwin/GNUARM/bin/../lib/gcc/arm-elf/4.0.2/../../../../arm-elf/lib/thumb/interwork/libc.a(strncpy.o)
____addsf3_change_to_arm                          /cygdrive/C/cygwin/GNUARM/bin/../lib/gcc/arm-elf/4.0.2/../../../../arm-elf/lib/thumb/interwork/libc.a(strncpy.o)
____addsf3_from_thumb                             /cygdrive/C/cygwin/GNUARM/bin/../lib/gcc/arm-elf/4.0.2/../../../../arm-elf/lib/thumb/interwork/libc.a(strncpy.o)
____divsf3_change_to_arm                          /cygdrive/C/cygwin/GNUARM/bin/../lib/gcc/arm-elf/4.0.2/../../../../arm-elf/lib/thumb/interwork/libc.a(strncpy.o)
____divsf3_from_thumb                             /cygdrive/C/cygwin/GNUARM/bin/../lib/gcc/arm-elf/4.0.2/../../../../arm-elf/lib/thumb/interwork/libc.a(strncpy.o)
____extendsfdf2_change_to_arm                     /cygdrive/C/cygwin/GNUARM/bin/../lib/gcc/arm-elf/4.0.2/../../../../arm-elf/lib/thumb/interwork/libc.a(strncpy.o)
____extendsfdf2_from_thumb                        /cygdrive/C/cygwin/GNUARM/bin/../lib/gcc/arm-elf/4.0.2/../../../../arm-elf/lib/thumb/interwork/libc.a(strncpy.o)
____fixsfsi_change_to_arm                         /cygdrive/C/cygwin/GNUARM/bin/../lib/gcc/arm-elf/4.0.2/../../../../arm-elf/lib/thumb/interwork/libc.a(strncpy.o)
____fixsfsi_from_thumb                            /cygdrive/C/cygwin/GNUARM/bin/../lib/gcc/arm-elf/4.0.2/../../../../arm-elf/lib/thumb/interwork/libc.a(strncpy.o)
____floatsidf_change_to_arm                       /cygdrive/C/cygwin/GNUARM/bin/../lib/gcc/arm-elf/4.0.2/../../../../arm-elf/lib/thumb/interwork/libc.a(strncpy.o)
____floatsidf_from_thumb                          /cygdrive/C/cygwin/GNUARM/bin/../lib/gcc/arm-elf/4.0.2/../../../../arm-elf/lib/thumb/interwork/libc.a(strncpy.o)
____floatsisf_change_to_arm                       /cygdrive/C/cygwin/GNUARM/bin/../lib/gcc/arm-elf/4.0.2/../../../../arm-elf/lib/thumb/interwork/libc.a(strncpy.o)
____floatsisf_from_thumb                          /cygdrive/C/cygwin/GNUARM/bin/../lib/gcc/arm-elf/4.0.2/../../../../arm-elf/lib/thumb/interwork/libc.a(strncpy.o)
____gesf2_change_to_arm                           /cygdrive/C/cygwin/GNUARM/bin/../lib/gcc/arm-elf/4.0.2/../../../../arm-elf/lib/thumb/interwork/libc.a(strncpy.o)
____gesf2_from_thumb                              /cygdrive/C/cygwin/GNUARM/bin/../lib/gcc/arm-elf/4.0.2/../../../../arm-elf/lib/thumb/interwork/libc.a(strncpy.o)
____gtdf2_change_to_arm                           /cygdrive/C/cygwin/GNUARM/bin/../lib/gcc/arm-elf/4.0.2/../../../../arm-elf/lib/thumb/interwork/libc.a(strncpy.o)
____gtdf2_from_thumb                              /cygdrive/C/cygwin/GNUARM/bin/../lib/gcc/arm-elf/4.0.2/../../../../arm-elf/lib/thumb/interwork/libc.a(strncpy.o)
____lesf2_change_to_arm                           /cygdrive/C/cygwin/GNUARM/bin/../lib/gcc/arm-elf/4.0.2/../../../../arm-elf/lib/thumb/interwork/libc.a(strncpy.o)
____lesf2_from_thumb                              /cygdrive/C/cygwin/GNUARM/bin/../lib/gcc/arm-elf/4.0.2/../../../../arm-elf/lib/thumb/interwork/libc.a(strncpy.o)
____muldf3_change_to_arm                          /cygdrive/C/cygwin/GNUARM/bin/../lib/gcc/arm-elf/4.0.2/../../../../arm-elf/lib/thumb/interwork/libc.a(strncpy.o)
____muldf3_from_thumb                             /cygdrive/C/cygwin/GNUARM/bin/../lib/gcc/arm-elf/4.0.2/../../../../arm-elf/lib/thumb/interwork/libc.a(strncpy.o)
____mulsf3_change_to_arm                          /cygdrive/C/cygwin/GNUARM/bin/../lib/gcc/arm-elf/4.0.2/../../../../arm-elf/lib/thumb/interwork/libc.a(strncpy.o)
____mulsf3_from_thumb                             /cygdrive/C/cygwin/GNUARM/bin/../lib/gcc/arm-elf/4.0.2/../../../../arm-elf/lib/thumb/interwork/libc.a(strncpy.o)
____subsf3_change_to_arm                          /cygdrive/C/cygwin/GNUARM/bin/../lib/gcc/arm-elf/4.0.2/../../../../arm-elf/lib/thumb/interwork/libc.a(strncpy.o)
____subsf3_from_thumb                             /cygdrive/C/cygwin/GNUARM/bin/../lib/gcc/arm-elf/4.0.2/../../../../arm-elf/lib/thumb/interwork/libc.a(strncpy.o)
____truncdfsf2_change_to_arm                      /cygdrive/C/cygwin/GNUARM/bin/../lib/gcc/arm-elf/4.0.2/../../../../arm-elf/lib/thumb/interwork/libc.a(strncpy.o)
____truncdfsf2_from_thumb                         /cygdrive/C/cygwin/GNUARM/bin/../lib/gcc/arm-elf/4.0.2/../../../../arm-elf/lib/thumb/interwork/libc.a(strncpy.o)
__adddf3                                          /cygdrive/C/cygwin/GNUARM/bin/../lib/gcc/arm-elf/4.0.2/thumb/interwork/libgcc.a(_addsubdf3.o)
                                                  build/balance_linetrace.o
__addsf3                                          /cygdrive/C/cygwin/GNUARM/bin/../lib/gcc/arm-elf/4.0.2/thumb/interwork/libgcc.a(_addsubsf3.o)
                                                  ../../../ecrobot/../ecrobot/libnxtway_gs_balancer.a(balancer.o)
                                                  build/balance_linetrace.o
__aeabi_cdcmpeq                                   /cygdrive/C/cygwin/GNUARM/bin/../lib/gcc/arm-elf/4.0.2/thumb/interwork/libgcc.a(_cmpdf2.o)
__aeabi_cdcmple                                   /cygdrive/C/cygwin/GNUARM/bin/../lib/gcc/arm-elf/4.0.2/thumb/interwork/libgcc.a(_cmpdf2.o)
__aeabi_cdrcmple                                  /cygdrive/C/cygwin/GNUARM/bin/../lib/gcc/arm-elf/4.0.2/thumb/interwork/libgcc.a(_cmpdf2.o)
__aeabi_cfcmpeq                                   /cygdrive/C/cygwin/GNUARM/bin/../lib/gcc/arm-elf/4.0.2/thumb/interwork/libgcc.a(_cmpsf2.o)
__aeabi_cfcmple                                   /cygdrive/C/cygwin/GNUARM/bin/../lib/gcc/arm-elf/4.0.2/thumb/interwork/libgcc.a(_cmpsf2.o)
__aeabi_cfrcmple                                  /cygdrive/C/cygwin/GNUARM/bin/../lib/gcc/arm-elf/4.0.2/thumb/interwork/libgcc.a(_cmpsf2.o)