Archive member included because of file (symbol)

../../../ecrobot/../ecrobot/libecrobot.a(ecrobot_HiTechnic.o)
                              build/balance_linetrace.o (ecrobot_get_gyro_sensor)
../../../ecrobot/../ecrobot/libecrobot.a(ecrobot_interface.o)
                              build/balance_linetrace.o (ecrobot_set_light_sensor_active)
../../../ecrobot/../ecrobot/libecrobot.a(colorsensor.o)
                              ../../../ecrobot/../ecrobot/libecrobot.a(ecrobot_interface.o) (colorsensor_init)
../../../ecrobot/../ecrobot/libecrobot.a(osek_hook.o)
                              build/kernel/osctl.o (StartupHook)
../../../ecrobot/../ecrobot/libecrobot.a(uart.oram)
                              build/config/at91sam7s-gnu/irq.oram (uart_isr_C_0)
../../../ecrobot/../ecrobot/libecrobot.a(systick.oram)
                              build/syslib/at91sam7s-gnu/lego_nxt/hw_sys_timer.oram (systick_low_priority_C)
../../../ecrobot/../ecrobot/libecrobot.a(byte_fifo.oram)
                              ../../../ecrobot/../ecrobot/libecrobot.a(uart.oram) (byte_fifo_put)
../../../ecrobot/../ecrobot/libecrobot.a(aic.oram)
                              ../../../ecrobot/../ecrobot/libecrobot.a(uart.oram) (aic_set_vector)
../../../ecrobot/../ecrobot/libecrobot.a(udp.oram)
                              build/config/at91sam7s-gnu/irq.oram (udp_isr_C)
../../../ecrobot/../ecrobot/libecrobot.a(twi.oram)
                              build/config/at91sam7s-gnu/irq.oram (twi_isr_C)
../../../ecrobot/../ecrobot/libecrobot.a(nxt_spi.oram)
                              build/config/at91sam7s-gnu/irq.oram (spi_isr_C)
../../../ecrobot/../ecrobot/libecrobot.a(nxt_motors.oram)
                              build/balance_linetrace.o (nxt_motor_get_count)
../../../ecrobot/../ecrobot/libecrobot.a(data_abort.oram)
                              build/ecrobot_init.o (data_abort_C)
../../../ecrobot/../ecrobot/libecrobot.a(display.oram)
                              build/ecrobot_base.o (display_update)
../../../ecrobot/../ecrobot/libecrobot.a(i2c.oram)
                              build/config/at91sam7s-gnu/irq.oram (i2c_timer_isr_C)
../../../ecrobot/../ecrobot/libecrobot.a(sound.oram)
                              ../../../ecrobot/../ecrobot/libecrobot.a(ecrobot_interface.o) (sound_get_time)
../../../ecrobot/../ecrobot/libecrobot.a(bt.oram)
                              build/ecrobot_bluetooth.o (bt_send)
../../../ecrobot/../ecrobot/libecrobot.a(nxt_avr.oram)
                              build/ecrobot_base.o (nxt_avr_power_down)
../../../ecrobot/../ecrobot/libecrobot.a(sensors.oram)
                              ../../../ecrobot/../ecrobot/libecrobot.a(ecrobot_interface.o) (unset_digi0)
../../../ecrobot/../ecrobot/libecrobot.a(sensors1.oram)
                              ../../../ecrobot/../ecrobot/libecrobot.a(colorsensor.o) (sensor_pins)
../../../ecrobot/../ecrobot/libecrobot.a(nxt_lcd.oram)
                              ../../../ecrobot/../ecrobot/libecrobot.a(display.oram) (nxt_lcd_force_update)
../../../ecrobot/../ecrobot/libecrobot.a(flash_loader.oram)
                              build/ecrobot.o (set_flash_request)
../../../ecrobot/../ecrobot/libecrobot.a(interrupts.oram)
                              ../../../ecrobot/../ecrobot/libecrobot.a(uart.oram) (interrupts_get_and_disable)
../../../ecrobot/../ecrobot/libecrobot.a(nxtosek_splash.obmp)
                              build/ecrobot_base.o (nxtosek_splash_bmp_start)
../../../ecrobot/../ecrobot/libecrobot.a(ecrobot_usb.o)
                              ../../../ecrobot/../ecrobot/libecrobot.a(flash_loader.oram) (ecrobot_init_usb)
../../../ecrobot/../ecrobot/libecrobot.a(flashprog.oram)
                              ../../../ecrobot/../ecrobot/libecrobot.a(flash_loader.oram) (flash_write_page)
../../../ecrobot/../ecrobot/libnxtway_gs_balancer.a(balancer.o)
                              build/balance_linetrace.o (balance_control)
/cygdrive/C/cygwin/GNUARM/bin/../lib/gcc/arm-elf/4.0.2/thumb/interwork/libgcc.a(_udivsi3.o)
                              build/ecrobot_base.o (__udivsi3)
/cygdrive/C/cygwin/GNUARM/bin/../lib/gcc/arm-elf/4.0.2/thumb/interwork/libgcc.a(_divsi3.o)
                              build/balance_linetrace.o (__divsi3)
/cygdrive/C/cygwin/GNUARM/bin/../lib/gcc/arm-elf/4.0.2/thumb/interwork/libgcc.a(_umodsi3.o)
                              ../../../ecrobot/../ecrobot/libecrobot.a(display.oram) (__umodsi3)
/cygdrive/C/cygwin/GNUARM/bin/../lib/gcc/arm-elf/4.0.2/thumb/interwork/libgcc.a(_modsi3.o)
                              ../../../ecrobot/../ecrobot/libecrobot.a(sound.oram) (__modsi3)
/cygdrive/C/cygwin/GNUARM/bin/../lib/gcc/arm-elf/4.0.2/thumb/interwork/libgcc.a(_dvmd_tls.o)
                              /cygdrive/C/cygwin/GNUARM/bin/../lib/gcc/arm-elf/4.0.2/thumb/interwork/libgcc.a(_udivsi3.o) (__div0)
/cygdrive/C/cygwin/GNUARM/bin/../lib/gcc/arm-elf/4.0.2/thumb/interwork/libgcc.a(_addsubdf3.o)
[...]
Memory Configuration

Name             Origin             Length             Attributes
rom              0x00108000         0x00038000
vector_ram       0x00200000         0x00000040
ram              0x00200040         0x0000ffc0
*default*        0x00000000         0xffffffff

Linker script and memory map

LOAD build/kernel/alarm.o
LOAD build/kernel/event.o
LOAD build/kernel/interrupt.o
LOAD build/kernel/osctl.o
LOAD build/kernel/resource.o
LOAD build/kernel/task.o
LOAD build/kernel/task_manage.o
LOAD build/config/at91sam7s-gnu/cpu_config.o
LOAD build/config/at91sam7s-gnu/lego_nxt/sys_config.o
LOAD build/./kernel_cfg.o
LOAD build/syscalls.o
LOAD build/ecrobot_bluetooth.o
LOAD build/ecrobot_base.o
LOAD build/ecrobot.o
LOAD build/balance_linetrace.o
LOAD build/balancer_param.o
LOAD build/syslib/at91sam7s-gnu/lego_nxt/hw_sys_timer.oram
LOAD build/nxtvm/platform/nxt/vectors.o
LOAD build/config/at91sam7s-gnu/debug.o
LOAD build/config/at91sam7s-gnu/lego_nxt/sys_support.o
LOAD build/nxt_binary_header.o
LOAD build/nxt_entry_point.o
LOAD build/ecrobot_init.o
LOAD build/config/at91sam7s-gnu/cpu_support.oram
LOAD build/config/at91sam7s-gnu/irq.oram
LOAD ../../../ecrobot/../c++/liblejososek.a
LOAD ../../../ecrobot/../ecrobot/libecrobot.a
LOAD ../../../ecrobot/../ecrobot/libnxtway_gs_balancer.a
LOAD /cygdrive/C/cygwin/GNUARM/bin/../lib/gcc/arm-elf/4.0.2/../../../../arm-elf/lib/thumb/interwork/libstdc++.a
LOAD /cygdrive/C/cygwin/GNUARM/bin/../lib/gcc/arm-elf/4.0.2/../../../../arm-elf/lib/thumb/interwork/libm.a
LOAD /cygdrive/C/cygwin/GNUARM/bin/../lib/gcc/arm-elf/4.0.2/thumb/interwork/libgcc.a
LOAD /cygdrive/C/cygwin/GNUARM/bin/../lib/gcc/arm-elf/4.0.2/../../../../arm-elf/lib/thumb/interwork/libc.a
LOAD /cygdrive/C/cygwin/GNUARM/bin/../lib/gcc/arm-elf/4.0.2/thumb/interwork/libgcc.a
                0x00108000                ROM_BASE = 0x108000
                0x00038000                ROM_SIZE = 0x38000
                0x00200000                RAM_BASE = 0x200000
                0x00010000                RAM_SIZE = 0x10000

.vectors        0x00200000       0x40 load address 0x00108000
 vectors.o(*.text *.text.*)
 .text          0x00200000       0x38 build/nxtvm/platform/nxt/vectors.o
                0x00200040                . = ALIGN (0x10)
 *fill*         0x00200038        0x8 00
                0x00200000                __vectors_ram_start__ = ADDR (.vectors)
                0x00200040                __vectors_ram_end__ = (ADDR (.vectors) + SIZEOF (.vectors))
                0x00108000                __vectors_load_start__ = LOADADDR (.vectors)
                0x00108040                __vectors_load_end__ = (LOADADDR (.vectors) + SIZEOF (.vectors))

.init           0x00108040      0x280
 *ecrobot_init.o(*.text *.text.*)
 .text          0x00108040      0x280 build/ecrobot_init.o
                0x001081ac                undef_handler
                0x001081b4                prefetch_abort_handler
                0x001081b8                data_abort_handler
                0x001081b0                swi_handler
                0x00108040                start
                0x001081d4                reserved_handler
                0x001082c0                . = ALIGN (0x10)

.ram_text       0x00200040     0x3280 load address 0x001082c0
                0x00200040                . = ALIGN (0x10)
 *.oram(*.text *.text.* *.glue*)
 .text.systick_isr_C1
                0x00200040       0x28 build/syslib/at91sam7s-gnu/lego_nxt/hw_sys_timer.oram
                0x00200040                systick_isr_C1
 *fill*         0x00200068        0x8 00
 .text          0x00200070      0x230 build/config/at91sam7s-gnu/cpu_support.oram
                0x00200250                enable_int
                0x002000f0                start_dispatch
                0x002000b0                activate_r
                0x00200248                disable_int
                0x00200070                dispatch
                0x0020021c                int_return
                0x002001ac                _interrupt
                0x002000e0                exit_and_dispatch
                0x00200258                nop
 .text          0x002002a0      0x2c0 build/config/at91sam7s-gnu/irq.oram
                0x002002a0                default_isr
                0x0020042c                uart_isr_entry_0
                0x002003ac                twi_isr_entry
                0x0020046c                uart_isr_entry_1
                0x0020036c                spi_isr_entry
                0x002002ec                systick_low_priority_entry
                0x002004ac                nxt_motor_isr_entry
                0x002004ec                i2c_timer_isr_entry
                0x002002a0                default_fiq
                0x002002a4                systick_isr_entry
                0x002002a0                spurious_isr
                0x002003ec                sound_isr_entry
                0x0020032c                udp_isr_entry
 .text.uart_process_isr
                0x00200560       0x88 ../../../ecrobot/../ecrobot/libecrobot.a(uart.oram)
 .text.uart_isr_C_0
                0x002005e8        0xc ../../../ecrobot/../ecrobot/libecrobot.a(uart.oram)
                0x002005e8                uart_isr_C_0
 .text.uart_isr_C_1
                0x002005f4        0xc ../../../ecrobot/../ecrobot/libecrobot.a(uart.oram)
                0x002005f4                uart_isr_C_1
 .text.systick_low_priority_C
                0x00200600       0x1c ../../../ecrobot/../ecrobot/libecrobot.a(systick.oram)
                0x00200600                systick_low_priority_C
 .text.systick_isr_C
                0x0020061c       0x24 ../../../ecrobot/../ecrobot/libecrobot.a(systick.oram)
                0x0020061c                systick_isr_C
 .text.systick_get_ms
                0x00200640        0xc ../../../ecrobot/../ecrobot/libecrobot.a(systick.oram)
                0x00200640                systick_get_ms
 .text.systick_wait_ms
                0x0020064c       0x1c ../../../ecrobot/../ecrobot/libecrobot.a(systick.oram)
                0x0020064c                systick_wait_ms
 .text.systick_wait_ns
                0x00200668       0x1c ../../../ecrobot/../ecrobot/libecrobot.a(systick.oram)
                0x00200668                systick_wait_ns
 .text.systick_init
                0x00200684       0x58 ../../../ecrobot/../ecrobot/libecrobot.a(systick.oram)
                0x00200684                systick_init
 .text.systick_suspend
                0x002006dc        0xc ../../../ecrobot/../ecrobot/libecrobot.a(systick.oram)
                0x002006dc                systick_suspend
 .text.systick_resume
                0x002006e8        0xc ../../../ecrobot/../ecrobot/libecrobot.a(systick.oram)
                0x002006e8                systick_resume
 .text.byte_fifo_put
                0x002006f4       0x58 ../../../ecrobot/../ecrobot/libecrobot.a(byte_fifo.oram)
                0x002006f4                byte_fifo_put
 .text.byte_fifo_get
                0x0020074c       0x2c ../../../ecrobot/../ecrobot/libecrobot.a(byte_fifo.oram)
                0x0020074c                byte_fifo_get
 .text.aic_initialise
                0x00200778       0x5c ../../../ecrobot/../ecrobot/libecrobot.a(aic.oram)
                0x00200778                aic_initialise
 .text.aic_set_vector
                0x002007d4       0x30 ../../../ecrobot/../ecrobot/libecrobot.a(aic.oram)
                0x002007d4                aic_set_vector
 .text.aic_mask_on
                0x00200804       0x24 ../../../ecrobot/../ecrobot/libecrobot.a(aic.oram)
                0x00200804                aic_mask_on
 .text.aic_mask_off
                0x00200828       0x24 ../../../ecrobot/../ecrobot/libecrobot.a(aic.oram)
                0x00200828                aic_mask_off
 .text.aic_clear
                0x0020084c       0x24 ../../../ecrobot/../ecrobot/libecrobot.a(aic.oram)
                0x0020084c                aic_clear
 .text.reset    0x00200870       0x4c ../../../ecrobot/../ecrobot/libecrobot.a(udp.oram)
 .text.udp_send_null
                0x002008bc       0x2c ../../../ecrobot/../ecrobot/libecrobot.a(udp.oram)
 .text.udp_send_stall
                0x002008e8       0x2c ../../../ecrobot/../ecrobot/libecrobot.a(udp.oram)
 .text.udp_send_control
                0x00200914       0x60 ../../../ecrobot/../ecrobot/libecrobot.a(udp.oram)
 .text.udp_isr_C
                0x00200974      0x7d0 ../../../ecrobot/../ecrobot/libecrobot.a(udp.oram)
                0x00200974                udp_isr_C
 .text.twi_status
                0x00201144       0x20 ../../../ecrobot/../ecrobot/libecrobot.a(twi.oram)
                0x00201144                twi_status
 .text.twi_isr_C
                0x00201164       0xc4 ../../../ecrobot/../ecrobot/libecrobot.a(twi.oram)
                0x00201164                twi_isr_C
 .text.twi_reset
                0x00201228       0xb4 ../../../ecrobot/../ecrobot/libecrobot.a(twi.oram)
                0x00201228                twi_reset
 .text.twi_init
                0x002012dc       0x4c ../../../ecrobot/../ecrobot/libecrobot.a(twi.oram)
                0x002012dc                twi_init
 .text.twi_start_read
                0x00201328       0x60 ../../../ecrobot/../ecrobot/libecrobot.a(twi.oram)
                0x00201328                twi_start_read
 .text.twi_start_write
                0x00201388       0x64 ../../../ecrobot/../ecrobot/libecrobot.a(twi.oram)
                0x00201388                twi_start_write
 .text.spi_set_mode
                0x002013ec       0x40 ../../../ecrobot/../ecrobot/libecrobot.a(nxt_spi.oram)
 .text.spi_isr_C
                0x0020142c       0x8c ../../../ecrobot/../ecrobot/libecrobot.a(nxt_spi.oram)
                0x0020142c                spi_isr_C
 .text.nxt_spi_init
                0x002014b8      0x12c ../../../ecrobot/../ecrobot/libecrobot.a(nxt_spi.oram)
                0x002014b8                nxt_spi_init
 .text.nxt_spi_write
                0x002015e4       0x44 ../../../ecrobot/../ecrobot/libecrobot.a(nxt_spi.oram)
                0x002015e4                nxt_spi_write
 .text.nxt_spi_set_display
                0x00201628       0x10 ../../../ecrobot/../ecrobot/libecrobot.a(nxt_spi.oram)
                0x00201628                nxt_spi_set_display
 .text.nxt_spi_refresh
                0x00201638       0x24 ../../../ecrobot/../ecrobot/libecrobot.a(nxt_spi.oram)
                0x00201638                nxt_spi_refresh
 .text.nxt_motor_get_count
                0x0020165c       0x14 ../../../ecrobot/../ecrobot/libecrobot.a(nxt_motors.oram)
                0x0020165c                nxt_motor_get_count
 .text.nxt_motor_set_count
                0x00201670       0x10 ../../../ecrobot/../ecrobot/libecrobot.a(nxt_motors.oram)
                0x00201670                nxt_motor_set_count
 .text.nxt_motor_set_speed
                0x00201680       0x34 ../../../ecrobot/../ecrobot/libecrobot.a(nxt_motors.oram)
                0x00201680                nxt_motor_set_speed
 .text.nxt_motor_1kHz_process
                0x002016b4       0x28 ../../../ecrobot/../ecrobot/libecrobot.a(nxt_motors.oram)
                0x002016b4                nxt_motor_1kHz_process
 .text.nxt_motor_quad_decode
                0x002016dc       0x30 ../../../ecrobot/../ecrobot/libecrobot.a(nxt_motors.oram)
                0x002016dc                nxt_motor_quad_decode
 .text.nxt_motor_isr_C
                0x0020170c       0x88 ../../../ecrobot/../ecrobot/libecrobot.a(nxt_motors.oram)
                0x0020170c                nxt_motor_isr_C
 .text.nxt_motor_init
                0x00201794       0x68 ../../../ecrobot/../ecrobot/libecrobot.a(nxt_motors.oram)
                0x00201794                nxt_motor_init
 .text.data_abort_C
                0x002017fc       0x7c ../../../ecrobot/../ecrobot/libecrobot.a(data_abort.oram)
                0x002017fc                data_abort_C
 .text.display_update
                0x00201878       0x14 ../../../ecrobot/../ecrobot/libecrobot.a(display.oram)
                0x00201878                display_update
 .text.display_force_update
                0x0020188c        0xc ../../../ecrobot/../ecrobot/libecrobot.a(display.oram)
                0x0020188c                display_force_update
 .text.display_clear
                0x00201898       0x24 ../../../ecrobot/../ecrobot/libecrobot.a(display.oram)
                0x00201898                display_clear
 .text.display_goto_xy
                0x002018bc       0x14 ../../../ecrobot/../ecrobot/libecrobot.a(display.oram)
                0x002018bc                display_goto_xy
 .text.display_char
                0x002018d0       0x60 ../../../ecrobot/../ecrobot/libecrobot.a(display.oram)
                0x002018d0                display_char
 .text.display_string
                0x00201930       0x3c ../../../ecrobot/../ecrobot/libecrobot.a(display.oram)
                0x00201930                display_string
 .text.display_hex
                0x0020196c       0x50 ../../../ecrobot/../ecrobot/libecrobot.a(display.oram)
                0x0020196c                display_hex
 .text.display_unsigned_worker
                0x002019bc       0x70 ../../../ecrobot/../ecrobot/libecrobot.a(display.oram)
 .text.display_unsigned
                0x00201a2c        0xc ../../../ecrobot/../ecrobot/libecrobot.a(display.oram)
                0x00201a2c                display_unsigned
 .text.display_int
                0x00201a38       0x14 ../../../ecrobot/../ecrobot/libecrobot.a(display.oram)
                0x00201a38                display_int
 .text.display_bitmap_copy
                0x00201a4c       0x5c ../../../ecrobot/../ecrobot/libecrobot.a(display.oram)
                0x00201a4c                display_bitmap_copy
 .text.display_init
                0x00201aa8       0x50 ../../../ecrobot/../ecrobot/libecrobot.a(display.oram)
                0x00201aa8                display_init
 .text.i2c_timer_isr_C
                0x00201af8      0x314 ../../../ecrobot/../ecrobot/libecrobot.a(i2c.oram)
                0x00201af8                i2c_timer_isr_C
 .text.i2c_disable
                0x00201e0c       0x20 ../../../ecrobot/../ecrobot/libecrobot.a(i2c.oram)
                0x00201e0c                i2c_disable
 .text.i2c_enable
                0x00201e2c       0x40 ../../../ecrobot/../ecrobot/libecrobot.a(i2c.oram)
                0x00201e2c                i2c_enable
 .text.i2c_init
                0x00201e6c       0xa4 ../../../ecrobot/../ecrobot/libecrobot.a(i2c.oram)
                0x00201e6c                i2c_init
 .text.sound_fill_sample_buffer
                0x00201f10       0xe4 ../../../ecrobot/../ecrobot/libecrobot.a(sound.oram)
                0x00201f10                sound_fill_sample_buffer
 .text.sound_init
                0x00201ff4       0xa0 ../../../ecrobot/../ecrobot/libecrobot.a(sound.oram)
                0x00201ff4                sound_init
 .text.sound_isr_C
                0x00202094      0x144 ../../../ecrobot/../ecrobot/libecrobot.a(sound.oram)
                0x00202094                sound_isr_C
 .text.bt_init  0x002021d8      0x1c0 ../../../ecrobot/../ecrobot/libecrobot.a(bt.oram)
                0x002021d8                bt_init
 .text.bt_send  0x00202398       0x5c ../../../ecrobot/../ecrobot/libecrobot.a(bt.oram)
                0x00202398                bt_send
 .text.bt_clear_arm7_cmd
                0x002023f4       0x10 ../../../ecrobot/../ecrobot/libecrobot.a(bt.oram)
                0x002023f4                bt_clear_arm7_cmd
 .text.bt_set_arm7_cmd
                0x00202404       0x10 ../../../ecrobot/../ecrobot/libecrobot.a(bt.oram)
                0x00202404                bt_set_arm7_cmd
 .text.bt_receive
                0x00202414      0x160 ../../../ecrobot/../ecrobot/libecrobot.a(bt.oram)
                0x00202414                bt_receive
 .text.bt_reset
                0x00202574       0x84 ../../../ecrobot/../ecrobot/libecrobot.a(bt.oram)
                0x00202574                bt_reset
 .text.nxt_avr_power_down
                0x002025f8       0x10 ../../../ecrobot/../ecrobot/libecrobot.a(nxt_avr.oram)
                0x002025f8                nxt_avr_power_down
 .text.nxt_avr_link_init
                0x00202608       0x20 ../../../ecrobot/../ecrobot/libecrobot.a(nxt_avr.oram)
                0x00202608                nxt_avr_link_init
 .text.nxt_avr_init
                0x00202628       0x6c ../../../ecrobot/../ecrobot/libecrobot.a(nxt_avr.oram)
                0x00202628                nxt_avr_init
 .text.nxt_avr_1kHz_update
                0x00202694      0x1cc ../../../ecrobot/../ecrobot/libecrobot.a(nxt_avr.oram)
                0x00202694                nxt_avr_1kHz_update
 .text.buttons_get
                0x00202860        0xc ../../../ecrobot/../ecrobot/libecrobot.a(nxt_avr.oram)
                0x00202860                buttons_get
 .text.battery_voltage
                0x0020286c       0x28 ../../../ecrobot/../ecrobot/libecrobot.a(nxt_avr.oram)
                0x0020286c                battery_voltage
 .text.sensor_adc
                0x00202894       0x20 ../../../ecrobot/../ecrobot/libecrobot.a(nxt_avr.oram)
                0x00202894                sensor_adc
 .text.nxt_avr_set_motor
                0x002028b4       0x34 ../../../ecrobot/../ecrobot/libecrobot.a(nxt_avr.oram)
                0x002028b4                nxt_avr_set_motor
 .text.nxt_avr_set_input_power
                0x002028e8       0x3c ../../../ecrobot/../ecrobot/libecrobot.a(nxt_avr.oram)
                0x002028e8                nxt_avr_set_input_power
 .text.unset_digi0
                0x00202924       0x44 ../../../ecrobot/../ecrobot/libecrobot.a(sensors.oram)
                0x00202924                unset_digi0
 .text.unset_digi1
                0x00202968       0x44 ../../../ecrobot/../ecrobot/libecrobot.a(sensors.oram)
                0x00202968                unset_digi1
 .text.init_sensors
                0x002029ac       0x4c ../../../ecrobot/../ecrobot/libecrobot.a(sensors.oram)
                0x002029ac                init_sensors
 .text.set_digi0
                0x002029f8       0x44 ../../../ecrobot/../ecrobot/libecrobot.a(sensors.oram)
                0x002029f8                set_digi0
 .text.nxt_lcd_command
                0x00202a3c       0x18 ../../../ecrobot/../ecrobot/libecrobot.a(nxt_lcd.oram)
                0x00202a3c                nxt_lcd_command
 .text.nxt_lcd_set_col
                0x00202a54       0x24 ../../../ecrobot/../ecrobot/libecrobot.a(nxt_lcd.oram)
                0x00202a54                nxt_lcd_set_col
 .text.nxt_lcd_set_multiplex_rate
                0x00202a78       0x18 ../../../ecrobot/../ecrobot/libecrobot.a(nxt_lcd.oram)
                0x00202a78                nxt_lcd_set_multiplex_rate
 .text.nxt_lcd_set_page_address
                0x00202a90       0x18 ../../../ecrobot/../ecrobot/libecrobot.a(nxt_lcd.oram)
                0x00202a90                nxt_lcd_set_page_address
 .text.nxt_lcd_set_pot
                0x00202aa8       0x1c ../../../ecrobot/../ecrobot/libecrobot.a(nxt_lcd.oram)
                0x00202aa8                nxt_lcd_set_pot
 .text.nxt_lcd_set_ram_address_control
                0x00202ac4       0x18 ../../../ecrobot/../ecrobot/libecrobot.a(nxt_lcd.oram)
                0x00202ac4                nxt_lcd_set_ram_address_control
 .text.nxt_lcd_enable
                0x00202adc       0x14 ../../../ecrobot/../ecrobot/libecrobot.a(nxt_lcd.oram)
                0x00202adc                nxt_lcd_enable
 .text.nxt_lcd_set_map_control
                0x00202af0       0x18 ../../../ecrobot/../ecrobot/libecrobot.a(nxt_lcd.oram)
                0x00202af0                nxt_lcd_set_map_control
 .text.nxt_lcd_reset
                0x00202b08        0xc ../../../ecrobot/../ecrobot/libecrobot.a(nxt_lcd.oram)
                0x00202b08                nxt_lcd_reset
 .text.nxt_lcd_set_bias_ratio
                0x00202b14       0x18 ../../../ecrobot/../ecrobot/libecrobot.a(nxt_lcd.oram)
                0x00202b14                nxt_lcd_set_bias_ratio
 .text.nxt_lcd_force_update
                0x00202b2c       0x30 ../../../ecrobot/../ecrobot/libecrobot.a(nxt_lcd.oram)
                0x00202b2c                nxt_lcd_force_update
 .text.nxt_lcd_update
                0x00202b5c        0xc ../../../ecrobot/../ecrobot/libecrobot.a(nxt_lcd.oram)
                0x00202b5c                nxt_lcd_update
 .text.nxt_lcd_power_up
                0x00202b68       0x48 ../../../ecrobot/../ecrobot/libecrobot.a(nxt_lcd.oram)
                0x00202b68                nxt_lcd_power_up
 .text.nxt_lcd_power_down
                0x00202bb0        0xc ../../../ecrobot/../ecrobot/libecrobot.a(nxt_lcd.oram)
                0x00202bb0                nxt_lcd_power_down
 .text.nxt_lcd_init
                0x00202bbc       0x18 ../../../ecrobot/../ecrobot/libecrobot.a(nxt_lcd.oram)
                0x00202bbc                nxt_lcd_init
 .text.verify_flash_page
                0x00202bd4       0x34 ../../../ecrobot/../ecrobot/libecrobot.a(flash_loader.oram)
 .text.set_flash_request
                0x00202c08       0x38 ../../../ecrobot/../ecrobot/libecrobot.a(flash_loader.oram)
                0x00202c08                set_flash_request
 .text.nxt_device_init
                0x00202c40       0x38 ../../../ecrobot/../ecrobot/libecrobot.a(flash_loader.oram)
                0x00202c40                nxt_device_init
 .text          0x00202c78       0x68 ../../../ecrobot/../ecrobot/libecrobot.a(interrupts.oram)
                0x00202cd0                fiq_enable
                0x00202c78                interrupts_get_and_disable
                0x00202cac                fiq_get_and_disable
                0x00202c9c                interrupts_enable
 .text.flash_write_page
                0x00202ce0       0xc0 ../../../ecrobot/../ecrobot/libecrobot.a(flashprog.oram)
                0x00202ce0                flash_write_page
                0x00202da0                . = ALIGN (0x10)
 *.oram(*.rodata *.rodata.*)
 .rodata.ld     0x00202da0        0x4 ../../../ecrobot/../ecrobot/libecrobot.a(udp.oram)
 .rodata.cfd    0x00202da4       0x20 ../../../ecrobot/../ecrobot/libecrobot.a(udp.oram)
 .rodata.dd     0x00202dc4       0x12 ../../../ecrobot/../ecrobot/libecrobot.a(udp.oram)
 *fill*         0x00202dd6        0x2 00
 .rodata.str1.4
                0x00202dd8       0x22 ../../../ecrobot/../ecrobot/libecrobot.a(data_abort.oram)
                                 0x24 (size before relaxing)
 .rodata.font   0x00202dfa      0x280 ../../../ecrobot/../ecrobot/libecrobot.a(display.oram)
 *fill*         0x0020307a        0x2 00
 .rodata.str1.4
                0x0020307c       0x76 ../../../ecrobot/../ecrobot/libecrobot.a(display.oram)
                                 0x78 (size before relaxing)
 *fill*         0x002030f2        0x2 00
 .rodata.i2c_pin
                0x002030f4       0x20 ../../../ecrobot/../ecrobot/libecrobot.a(i2c.oram)
 .rodata.i2c_timer_isr_C
                0x00203114       0x38 ../../../ecrobot/../ecrobot/libecrobot.a(i2c.oram)
 .rodata.silence
                0x0020314c       0x40 ../../../ecrobot/../ecrobot/libecrobot.a(sound.oram)
                0x0020314c                silence
 .rodata.sample_pattern
                0x0020318c       0x84 ../../../ecrobot/../ecrobot/libecrobot.a(sound.oram)
                0x0020318c                sample_pattern
 .rodata        0x00203210        0xc ../../../ecrobot/../ecrobot/libecrobot.a(sound.oram)
 .rodata.avr_brainwash_string
                0x0020321c       0x30 ../../../ecrobot/../ecrobot/libecrobot.a(nxt_avr.oram)
                0x0020321c                avr_brainwash_string
 .rodata.nxt_avr_1kHz_update
                0x0020324c       0x14 ../../../ecrobot/../ecrobot/libecrobot.a(nxt_avr.oram)
 .rodata.C.33.1823
                0x00203260       0x10 ../../../ecrobot/../ecrobot/libecrobot.a(sensors.oram)
 .rodata.C.37.1857
                0x00203270       0x10 ../../../ecrobot/../ecrobot/libecrobot.a(sensors.oram)
 .rodata.C.31.1806
                0x00203280       0x10 ../../../ecrobot/../ecrobot/libecrobot.a(sensors.oram)
 .rodata.str1.4
                0x00203290       0x23 ../../../ecrobot/../ecrobot/libecrobot.a(flash_loader.oram)
                                 0x24 (size before relaxing)
                0x002032c0                . = ALIGN (0x10)
 *fill*         0x002032b3        0xd 00
                0x00200040                __ramtext_ram_start__ = ADDR (.ram_text)
                0x002032c0                __ramtext_ram_end__ = (ADDR (.ram_text) + SIZEOF (.ram_text))
                0x001082c0                __ramtext_load_start__ = LOADADDR (.ram_text)
                0x0010b540                __ramtext_load_end__ = (__ramtext_load_start__ + SIZEOF (.ram_text))

.wav_data       0x0010b540        0x0
 *.owav(*.data *.data.*)
                0x0010b540                . = ALIGN (0x10)

.bmp_data       0x0010b540      0x440
 *.obmp(*.data *.data.*)
 .data          0x0010b540      0x43e ../../../ecrobot/../ecrobot/libecrobot.a(nxtosek_splash.obmp)
                0x0010b540                nxtosek_splash_bmp_start
                0x0010b97e                nxtosek_splash_bmp_end
                0x0010b980                . = ALIGN (0x10)
 *fill*         0x0010b97e        0x2 00

.spr_data       0x0010b980        0x0
 *.ospr(*.data *.data.*)
                0x0010b980                . = ALIGN (0x10)

.data           0x002032c0       0x90 load address 0x0010b980
 *(*.data *.data.*)
 .data.bt_status
                0x002032c0        0x1 build/ecrobot_bluetooth.o
 *fill*         0x002032c1        0x3 00
 .data.K_THETADOT
                0x002032c4        0x4 build/balancer_param.o
                0x002032c4                K_THETADOT
 .data.K_PHIDOT
                0x002032c8        0x4 build/balancer_param.o
                0x002032c8                K_PHIDOT
 .data.K_I      0x002032cc        0x4 build/balancer_param.o
                0x002032cc                K_I
 .data.K_F      0x002032d0       0x10 build/balancer_param.o
                0x002032d0                K_F
 .data.A_R      0x002032e0        0x4 build/balancer_param.o
                0x002032e0                A_R
 .data.A_D      0x002032e4        0x4 build/balancer_param.o
                0x002032e4                A_D
 .data.distance_state
                0x002032e8       0x10 ../../../ecrobot/../ecrobot/libecrobot.a(ecrobot_interface.o)
 .data.deviceStatus
                0x002032f8        0x1 ../../../ecrobot/../ecrobot/libecrobot.a(ecrobot_interface.o)
 .data.named    0x002032f9       0x22 ../../../ecrobot/../ecrobot/libecrobot.a(udp.oram)
 .data.snd      0x0020331b       0x1a ../../../ecrobot/../ecrobot/libecrobot.a(udp.oram)
 *fill*         0x00203335        0x3 00
 .data.configured
                0x00203338        0x4 ../../../ecrobot/../ecrobot/libecrobot.a(udp.oram)
 .data.mode     0x0020333c        0x1 ../../../ecrobot/../ecrobot/libecrobot.a(nxt_spi.oram)
                0x0020333c                mode
 *fill*         0x0020333d        0x3 00
 .bss.data      0x00203340        0x4 ../../../ecrobot/../ecrobot/libecrobot.a(nxt_spi.oram)
                0x00203340                data
 .data.display_auto_update
                0x00203344        0x4 ../../../ecrobot/../ecrobot/libecrobot.a(display.oram)
                0x00203344                display_auto_update
 .data.display_buffer
                0x00203348        0x4 ../../../ecrobot/../ecrobot/libecrobot.a(display.oram)
                0x00203350                . = ALIGN (0x10)
 *fill*         0x0020334c        0x4 00
                0x002032c0                __data_ram_start__ = ADDR (.data)
                0x00203350                __data_ram_end__ = (ADDR (.data) + SIZEOF (.data))
                0x0010b980                __data_load_start__ = LOADADDR (.data)
                0x0010ba10                __data_load_end__ = (__data_load_start__ + SIZEOF (.data))

.text           0x0010ba10     0x29a0
                0x0010ba10                . = ALIGN (0x10)
 *(*.text *.text.* *.glue*)
 .text.StartOS  0x0010ba10       0x58 build/kernel/osctl.o
                0x0010ba10                StartOS
 .text.call_pretaskhook
                0x0010ba68       0x24 build/kernel/osctl.o
                0x0010ba68                call_pretaskhook
 .text.call_posttaskhook
                0x0010ba8c       0x24 build/kernel/osctl.o
                0x0010ba8c                call_posttaskhook
 .text.make_runnable
                0x0010bab0       0xac build/kernel/task.o
                0x0010bab0                make_runnable
 .text.make_active
                0x0010bb5c       0x78 build/kernel/task.o
                0x0010bb5c                make_active
 .text.task_initialize
                0x0010bbd4       0x90 build/kernel/task.o
                0x0010bbd4                task_initialize
 .text.cpu_initialize
                0x0010bc64        0x4 build/config/at91sam7s-gnu/cpu_config.o
                0x0010bc64                cpu_initialize
 .text.sys_initialize
                0x0010bc68        0x4 build/config/at91sam7s-gnu/lego_nxt/sys_config.o
                0x0010bc68                sys_initialize
 .text.object_initialize
                0x0010bc6c        0xc build/./kernel_cfg.o
                0x0010bc6c                object_initialize
 .text.send_bt_command
                0x0010bc78       0x40 build/ecrobot_bluetooth.o
 .text.read_bt_command
                0x0010bcb8       0x5c build/ecrobot_bluetooth.o
 .text.getLocalAddress
                0x0010bd14       0x64 build/ecrobot_bluetooth.o
 .text.ecrobot_open_bt_stream
                0x0010bd78       0x44 build/ecrobot_bluetooth.o
 .text.ecrobot_init_bt_slave
                0x0010bdbc      0x12c build/ecrobot_bluetooth.o
                0x0010bdbc                ecrobot_init_bt_slave
 .text.ecrobot_term_bt_connection
                0x0010bee8       0x48 build/ecrobot_bluetooth.o
                0x0010bee8                ecrobot_term_bt_connection
 .text.ecrobot_read_bt_packet
                0x0010bf30       0x4c build/ecrobot_bluetooth.o
                0x0010bf30                ecrobot_read_bt_packet
 .text.init_OS_flag
                0x0010bf7c        0xc build/ecrobot_base.o
                0x0010bf7c                init_OS_flag
 .text.set_OS_flag
                0x0010bf88        0xc build/ecrobot_base.o
                0x0010bf88                set_OS_flag
 .text.get_OS_flag
                0x0010bf94        0xc build/ecrobot_base.o
                0x0010bf94                get_OS_flag
 .text.cpp_constructor
                0x0010bfa0       0x28 build/ecrobot_base.o
                0x0010bfa0                cpp_constructor
 .text.cpp_destructor
                0x0010bfc8       0x28 build/ecrobot_base.o
                0x0010bfc8                cpp_destructor
 .text.execution_mode
                0x0010bff0       0x24 build/ecrobot_base.o
                0x0010bff0                execution_mode
 .text.show_main_screen
                0x0010c014       0x48 build/ecrobot_base.o
                0x0010c014                show_main_screen
 .text.display_status_bar
                0x0010c05c       0x5c build/ecrobot_base.o
                0x0010c05c                display_status_bar
 .text.check_NXT_buttons
                0x0010c0b8       0x7c build/ecrobot_base.o
                0x0010c0b8                check_NXT_buttons
 .text.show_bd_addr
                0x0010c134       0x44 build/ecrobot_base.o
                0x0010c134                show_bd_addr
 .text.show_bd_addr_err
                0x0010c178       0x3c build/ecrobot_base.o
                0x0010c178                show_bd_addr_err
 .text.add_status_info
                0x0010c1b4       0x68 build/ecrobot_base.o
                0x0010c1b4                add_status_info
 .text.show_splash_screen
                0x0010c21c       0x90 build/ecrobot_base.o
                0x0010c21c                show_splash_screen
 .text.main     0x0010c2ac      0x108 build/ecrobot.o
                0x0010c2ac                main
 .text.ecrobot_device_initialize
                0x0010c3b4       0x38 build/balance_linetrace.o
                0x0010c3b4                ecrobot_device_initialize
 .text.ecrobot_device_terminate
                0x0010c3ec       0x38 build/balance_linetrace.o
                0x0010c3ec                ecrobot_device_terminate
 .text.user_1ms_isr_type2
                0x0010c424        0x4 build/balance_linetrace.o
                0x0010c424                user_1ms_isr_type2
 .text.calibration
                0x0010c428       0xd0 build/balance_linetrace.o
                0x0010c428                calibration
 .text.TaskMainTaskMain
                0x0010c4f8      0x328 build/balance_linetrace.o
                0x0010c4f8                TaskMainTaskMain
 .text.ecrobot_get_gyro_sensor
                0x0010c820       0x14 ../../../ecrobot/../ecrobot/libecrobot.a(ecrobot_HiTechnic.o)
                0x0010c820                ecrobot_get_gyro_sensor
 .text.ecrobot_set_light_sensor_active
                0x0010c834       0x10 ../../../ecrobot/../ecrobot/libecrobot.a(ecrobot_interface.o)
                0x0010c834                ecrobot_set_light_sensor_active
 .text.ecrobot_set_light_sensor_inactive
                0x0010c844       0x10 ../../../ecrobot/../ecrobot/libecrobot.a(ecrobot_interface.o)
                0x0010c844                ecrobot_set_light_sensor_inactive
 .text.ecrobot_get_light_sensor
                0x0010c854       0x14 ../../../ecrobot/../ecrobot/libecrobot.a(ecrobot_interface.o)
                0x0010c854                ecrobot_get_light_sensor
 .text.ecrobot_get_touch_sensor
                0x0010c868       0x20 ../../../ecrobot/../ecrobot/libecrobot.a(ecrobot_interface.o)
                0x0010c868                ecrobot_get_touch_sensor
 .text.ecrobot_init_i2c
                0x0010c888       0x28 ../../../ecrobot/../ecrobot/libecrobot.a(ecrobot_interface.o)
                0x0010c888                ecrobot_init_i2c
 .text.ecrobot_init_sonar_sensor
                0x0010c8b0       0x10 ../../../ecrobot/../ecrobot/libecrobot.a(ecrobot_interface.o)
                0x0010c8b0                ecrobot_init_sonar_sensor
 .text.ecrobot_term_sonar_sensor
                0x0010c8c0       0x20 ../../../ecrobot/../ecrobot/libecrobot.a(ecrobot_interface.o)
                0x0010c8c0                ecrobot_term_sonar_sensor
 .text.ecrobot_get_battery_voltage
                0x0010c8e0        0xc ../../../ecrobot/../ecrobot/libecrobot.a(ecrobot_interface.o)
                0x0010c8e0                ecrobot_get_battery_voltage
 .text.ecrobot_get_button_state
                0x0010c8ec        0xc ../../../ecrobot/../ecrobot/libecrobot.a(ecrobot_interface.o)
                0x0010c8ec                ecrobot_get_button_state
 .text.ecrobot_init_nxtstate
                0x0010c8f8       0x28 ../../../ecrobot/../ecrobot/libecrobot.a(ecrobot_interface.o)
                0x0010c8f8                ecrobot_init_nxtstate
 .text.ecrobot_poll_nxtstate
                0x0010c920       0x64 ../../../ecrobot/../ecrobot/libecrobot.a(ecrobot_interface.o)
                0x0010c920                ecrobot_poll_nxtstate
 .text.ecrobot_setDeviceInitialized
                0x0010c984       0x14 ../../../ecrobot/../ecrobot/libecrobot.a(ecrobot_interface.o)
                0x0010c984                ecrobot_setDeviceInitialized
 .text.ecrobot_bmp2lcd
                0x0010c998      0x1c8 ../../../ecrobot/../ecrobot/libecrobot.a(ecrobot_interface.o)
                0x0010c998                ecrobot_bmp2lcd
 .text.StartupHook
                0x0010cb60        0x4 ../../../ecrobot/../ecrobot/libecrobot.a(osek_hook.o)
                0x0010cb60                StartupHook
 .text.PreTaskHook
                0x0010cb64        0x4 ../../../ecrobot/../ecrobot/libecrobot.a(osek_hook.o)
                0x0010cb64                PreTaskHook
 .text.PostTaskHook
                0x0010cb68        0x4 ../../../ecrobot/../ecrobot/libecrobot.a(osek_hook.o)
                0x0010cb68                PostTaskHook
 .text.balance_control
                0x0010cb6c      0x254 ../../../ecrobot/../ecrobot/libnxtway_gs_balancer.a(balancer.o)
                0x0010cb6c                balance_control
 .text.balance_init
                0x0010cdc0       0x30 ../../../ecrobot/../ecrobot/libnxtway_gs_balancer.a(balancer.o)
                0x0010cdc0                balance_init
 .text          0x0010cdf0       0x8c /cygdrive/C/cygwin/GNUARM/bin/../lib/gcc/arm-elf/4.0.2/thumb/interwork/libgcc.a(_udivsi3.o)
                0x0010cdf0                __udivsi3
                0x0010ce6c                __aeabi_uidivmod
 .text          0x0010ce7c       0xa4 /cygdrive/C/cygwin/GNUARM/bin/../lib/gcc/arm-elf/4.0.2/thumb/interwork/libgcc.a(_divsi3.o)
                0x0010ce7c                __divsi3
                0x0010cf10                __aeabi_idivmod
 .text          0x0010cf20       0xc8 /cygdrive/C/cygwin/GNUARM/bin/../lib/gcc/arm-elf/4.0.2/thumb/interwork/libgcc.a(_umodsi3.o)
                0x0010cf20                __umodsi3
 .text          0x0010cfe8        0x4 /cygdrive/C/cygwin/GNUARM/bin/../lib/gcc/arm-elf/4.0.2/thumb/interwork/libgcc.a(_dvmd_tls.o)
                0x0010cfe8                __aeabi_ldiv0
                0x0010cfe8                __div0
                0x0010cfe8                __aeabi_idiv0
 .text          0x0010cfec      0x430 /cygdrive/C/cygwin/GNUARM/bin/../lib/gcc/arm-elf/4.0.2/thumb/interwork/libgcc.a(_addsubdf3.o)
                0x0010d3b0                __floatdidf
                0x0010d330                __floatsidf
                0x0010d308                __aeabi_ui2d
                0x0010cfec                __aeabi_drsub
                0x0010d35c                __extendsfdf2
                0x0010cff8                __adddf3
                0x0010d308                __floatunsidf
                0x0010cff8                __aeabi_dadd
                0x0010d39c                __aeabi_ul2d
                0x0010cff4                __aeabi_dsub
                0x0010d39c                __floatundidf
                0x0010d330                __aeabi_i2d
                0x0010d3b0                __aeabi_l2d
                0x0010d35c                __aeabi_f2d
                0x0010cff4                __subdf3
 .text          0x0010d41c      0x49c /cygdrive/C/cygwin/GNUARM/bin/../lib/gcc/arm-elf/4.0.2/thumb/interwork/libgcc.a(_muldivdf3.o)
                0x0010d6ac                __aeabi_ddiv
                0x0010d41c                __aeabi_dmul
                0x0010d6ac                __divdf3
                0x0010d41c                __muldf3
 .text          0x0010d8b8       0xa0 /cygdrive/C/cygwin/GNUARM/bin/../lib/gcc/arm-elf/4.0.2/thumb/interwork/libgcc.a(_truncdfsf2.o)
                0x0010d8b8                __aeabi_d2f
                0x0010d8b8                __truncdfsf2
 .text          0x0010d958      0x2ac /cygdrive/C/cygwin/GNUARM/bin/../lib/gcc/arm-elf/4.0.2/thumb/interwork/libgcc.a(_addsubsf3.o)
                0x0010d964                __aeabi_fadd
                0x0010d960                __subsf3
                0x0010db28                __aeabi_i2f
                0x0010d960                __aeabi_fsub
                0x0010db58                __floatdisf
                0x0010db28                __floatsisf
                0x0010db48                __floatundisf
                0x0010db20                __aeabi_ui2f
                0x0010db58                __aeabi_l2f
                0x0010db48                __aeabi_ul2f
                0x0010d958                __aeabi_frsub
                0x0010db20                __floatunsisf
                0x0010d964                __addsf3
 .text          0x0010dc04      0x2f8 /cygdrive/C/cygwin/GNUARM/bin/../lib/gcc/arm-elf/4.0.2/thumb/interwork/libgcc.a(_muldivsf3.o)
                0x0010dd9c                __divsf3
                0x0010dd9c                __aeabi_fdiv
                0x0010dc04                __mulsf3
                0x0010dc04                __aeabi_fmul
 .text          0x0010defc      0x110 /cygdrive/C/cygwin/GNUARM/bin/../lib/gcc/arm-elf/4.0.2/thumb/interwork/libgcc.a(_cmpsf2.o)
                0x0010dff4                __aeabi_fcmpgt
                0x0010df04                __lesf2
                0x0010df0c                __nesf2
                0x0010dfdc                __aeabi_fcmpge
                0x0010defc                __gtsf2
                0x0010dfc4                __aeabi_fcmple
                0x0010df0c                __eqsf2
                0x0010df0c                __cmpsf2
                0x0010df04                __ltsf2
                0x0010df7c                __aeabi_cfcmple
                0x0010defc                __gesf2
                0x0010df94                __aeabi_fcmpeq
                0x0010df6c                __aeabi_cfrcmple
                0x0010dfac                __aeabi_fcmplt
                0x0010df7c                __aeabi_cfcmpeq
 .text          0x0010e00c       0x5c /cygdrive/C/cygwin/GNUARM/bin/../lib/gcc/arm-elf/4.0.2/thumb/interwork/libgcc.a(_fixsfsi.o)
                0x0010e00c                __fixsfsi
                0x0010e00c                __aeabi_f2iz
 .text          0x0010e068       0x68 /cygdrive/C/cygwin/GNUARM/bin/../lib/gcc/arm-elf/4.0.2/../../../../arm-elf/lib/thumb/interwork/libc.a(memcpy.o)
                0x0010e068                memcpy
 .text          0x0010e0d0       0x68 /cygdrive/C/cygwin/GNUARM/bin/../lib/gcc/arm-elf/4.0.2/../../../../arm-elf/lib/thumb/interwork/libc.a(memset.o)
                0x0010e0d0                memset
 .text          0x0010e138       0x60 /cygdrive/C/cygwin/GNUARM/bin/../lib/gcc/arm-elf/4.0.2/../../../../arm-elf/lib/thumb/interwork/libc.a(strcpy.o)
                0x0010e138                strcpy
 .text          0x0010e198       0x48 /cygdrive/C/cygwin/GNUARM/bin/../lib/gcc/arm-elf/4.0.2/../../../../arm-elf/lib/thumb/interwork/libc.a(strlen.o)
                0x0010e198                strlen
 .glue_7        0x0010e1e0       0x30 /cygdrive/C/cygwin/GNUARM/bin/../lib/gcc/arm-elf/4.0.2/../../../../arm-elf/lib/thumb/interwork/libc.a(strncpy.o)
                0x0010e1f8                __call_posttaskhook_from_arm
                0x0010e1e1                __ecrobot_debug1_from_arm
                0x0010e1ed                __ecrobot_debug2_from_arm
                0x0010e204                __call_pretaskhook_from_arm
 .glue_7t       0x0010e210       0xb8 /cygdrive/C/cygwin/GNUARM/bin/../lib/gcc/arm-elf/4.0.2/../../../../arm-elf/lib/thumb/interwork/libc.a(strncpy.o)
                0x0010e23c                __start_change_to_arm
                0x0010e298                __interrupts_get_and_disable_from_thumb
                0x0010e2c0                ____lesf2_from_thumb
                0x0010e291                ____gtdf2_from_thumb
                0x0010e231                __exit_and_dispatch_from_thumb
                0x0010e278                ____divsf3_from_thumb
                0x0010e2bc                ____gesf2_change_to_arm
                0x0010e28c                ____fixsfsi_change_to_arm
                0x0010e284                ____addsf3_change_to_arm
                0x0010e288                ____fixsfsi_from_thumb
                0x0010e240                ____floatsisf_from_thumb
                0x0010e248                ____extendsfdf2_from_thumb
                0x0010e234                __exit_and_dispatch_change_to_arm
                0x0010e210                __disable_int_from_thumb
                0x0010e2b8                ____gesf2_from_thumb
                0x0010e228                __start_dispatch_from_thumb
                0x0010e2c4                ____lesf2_change_to_arm
                0x0010e238                __start_from_thumb
                0x0010e268                ____truncdfsf2_from_thumb
                0x0010e25c                ____muldf3_change_to_arm
                0x0010e27c                ____divsf3_change_to_arm
                0x0010e218                __enable_int_from_thumb
                0x0010e221                __dispatch_from_thumb
                0x0010e2a4                __interrupts_enable_change_to_arm
                0x0010e29c                __interrupts_get_and_disable_change_to_arm
                0x0010e224                __dispatch_change_to_arm
                0x0010e274                ____mulsf3_change_to_arm
                0x0010e264                ____adddf3_change_to_arm
                0x0010e294                ____gtdf2_change_to_arm
                0x0010e26c                ____truncdfsf2_change_to_arm
                0x0010e24c                ____extendsfdf2_change_to_arm
                0x0010e250                ____floatsidf_from_thumb
                0x0010e244                ____floatsisf_change_to_arm
                0x0010e2a9                __display_bios_status_from_thumb
                0x0010e2b0                ____subsf3_from_thumb
                0x0010e260                ____adddf3_from_thumb
                0x0010e214                __disable_int_change_to_arm
                0x0010e270                ____mulsf3_from_thumb
                0x0010e280                ____addsf3_from_thumb
                0x0010e258                ____muldf3_from_thumb
                0x0010e2b4                ____subsf3_change_to_arm
                0x0010e21c                __enable_int_change_to_arm
                0x0010e254                ____floatsidf_change_to_arm
                0x0010e2a0                __interrupts_enable_from_thumb
                0x0010e2ac                __display_bios_status_change_to_arm
                0x0010e22c                __start_dispatch_change_to_arm
                0x0010e2d0                . = ALIGN (0x10)
 *fill*         0x0010e2c8        0x8 00
 *(*.rodata *.rodata.*)
 .rodata.tinib_stksz
                0x0010e2d0        0x2 build/./kernel_cfg.o
                0x0010e2d0                tinib_stksz
 *fill*         0x0010e2d2        0x2 00
 .rodata.tinib_stk
                0x0010e2d4        0x4 build/./kernel_cfg.o
                0x0010e2d4                tinib_stk
 .rodata.tinib_task
                0x0010e2d8        0x4 build/./kernel_cfg.o
                0x0010e2d8                tinib_task
 .rodata.tinib_autoact
                0x0010e2dc        0x1 build/./kernel_cfg.o
                0x0010e2dc                tinib_autoact
 .rodata.tinib_exepri
                0x0010e2dd        0x1 build/./kernel_cfg.o
                0x0010e2dd                tinib_exepri
 .rodata.tinib_inipri
                0x0010e2de        0x1 build/./kernel_cfg.o
                0x0010e2de                tinib_inipri
 .rodata.tnum_exttask
                0x0010e2df        0x1 build/./kernel_cfg.o
                0x0010e2df                tnum_exttask
 .rodata.tnum_task
                0x0010e2e0        0x1 build/./kernel_cfg.o
                0x0010e2e0                tnum_task
 *fill*         0x0010e2e1        0x3 00
 .rodata.exec_addr
                0x0010e2e4        0x4 build/ecrobot_base.o
                0x0010e2e4                exec_addr
 .rodata.str1.4
                0x0010e2e8       0x80 build/ecrobot_base.o
 .rodata.str1.4
                0x0010e368       0x31 build/balance_linetrace.o
                                 0x34 (size before relaxing)
 *fill*         0x0010e399        0x3 00
 .rodata.BATTERY_OFFSET
                0x0010e39c        0x4 build/balancer_param.o
                0x0010e39c                BATTERY_OFFSET
 .rodata.BATTERY_GAIN
                0x0010e3a0        0x4 build/balancer_param.o
                0x0010e3a0                BATTERY_GAIN
                0x0010e3b0                . = ALIGN (0x10)
 *fill*         0x0010e3a4        0xc 00
 *(*.gnu.linkonce.* .gcc_except_table)
                0x0010e3b0                . = ALIGN (0x10)

.tors           0x0010e3b0        0x0
                0x0010e3b0                . = ALIGN (0x10)
                0x0010e3b0                __ctor_begin = .
 *(*.ctors*)
                0x0010e3b0                __ctor_end = .
                0x0010e3b0                . = ALIGN (0x10)
                0x0010e3b0                __dtor_begin = .
 *(*.dtors*)
                0x0010e3b0                __dtor_end = .
                0x0010e3b0                . = ALIGN (0x10)
                0x0010e3b0                __rom_end__ = __dtor_end

.bss            0x00203350     0x1464
 *(*.bss *.bss.*)
 .bss.ready_primap
                0x00203350        0x2 build/kernel/task.o
 .bss.ready_queue_last
                0x00203352       0x10 build/kernel/task.o
 .bss.ready_queue_first
                0x00203362       0x10 build/kernel/task.o
 *fill*         0x00203372        0x2 00
 .bss._stack_TaskMain
                0x00203374      0x200 build/./kernel_cfg.o
 .bss.receiveBuf
                0x00203574       0xfe build/ecrobot_bluetooth.o
 .bss.sendBuf   0x00203672       0xfe build/ecrobot_bluetooth.o
 .bss.handle    0x00203770        0x1 build/ecrobot_bluetooth.o
 *fill*         0x00203771        0x3 00
 .bss.status_bar_position
                0x00203774        0x4 build/ecrobot_base.o
 .bss.last_act_time.2674
                0x00203778        0x4 build/ecrobot_base.o
 .bss.lcd.2603  0x0020377c      0x320 build/ecrobot_base.o
 .bss.OS_flag   0x00203a9c        0x4 build/ecrobot_base.o
 .bss.status_bar
                0x00203aa0       0x10 build/ecrobot_base.o
 .bss.buttons_i
                0x00203ab0        0x4 ../../../ecrobot/../ecrobot/libecrobot.a(ecrobot_interface.o)
 .bss.buttons_states
                0x00203ab4       0x14 ../../../ecrobot/../ecrobot/libecrobot.a(ecrobot_interface.o)
 .bss.ecrobot_inputs
                0x00203ac8        0x8 ../../../ecrobot/../ecrobot/libecrobot.a(ecrobot_interface.o)
 .bss.systick_ms
                0x00203ad0        0x4 ../../../ecrobot/../ecrobot/libecrobot.a(systick.oram)
 .bss.delayedEnable
                0x00203ad4        0x1 ../../../ecrobot/../ecrobot/libecrobot.a(udp.oram)
 *fill*         0x00203ad5        0x3 00
 .bss.outCnt    0x00203ad8        0x4 ../../../ecrobot/../ecrobot/libecrobot.a(udp.oram)
 .bss.outPtr    0x00203adc        0x4 ../../../ecrobot/../ecrobot/libecrobot.a(udp.oram)
 .bss.newAddress
                0x00203ae0        0x4 ../../../ecrobot/../ecrobot/libecrobot.a(udp.oram)
 .bss.currentRxBank
                0x00203ae4        0x4 ../../../ecrobot/../ecrobot/libecrobot.a(udp.oram)
 .bss.currentFeatures
                0x00203ae8        0x4 ../../../ecrobot/../ecrobot/libecrobot.a(udp.oram)
 .bss.currentConfig
                0x00203aec        0x1 ../../../ecrobot/../ecrobot/libecrobot.a(udp.oram)
 *fill*         0x00203aed        0x3 00
 .bss.twi_mask  0x00203af0        0x4 ../../../ecrobot/../ecrobot/libecrobot.a(twi.oram)
 .bss.twi_ptr   0x00203af4        0x4 ../../../ecrobot/../ecrobot/libecrobot.a(twi.oram)
 .bss.twi_pending
                0x00203af8        0x4 ../../../ecrobot/../ecrobot/libecrobot.a(twi.oram)
 .bss.twi_state
                0x00203afc        0x4 ../../../ecrobot/../ecrobot/libecrobot.a(twi.oram)
 .bss.page      0x00203b00        0x1 ../../../ecrobot/../ecrobot/libecrobot.a(nxt_spi.oram)
                0x00203b00                page
 .bss.dirty     0x00203b01        0x1 ../../../ecrobot/../ecrobot/libecrobot.a(nxt_spi.oram)
                0x00203b01                dirty
 *fill*         0x00203b02        0x2 00
 .bss.display   0x00203b04        0x4 ../../../ecrobot/../ecrobot/libecrobot.a(nxt_spi.oram)
                0x00203b04                display
 .bss.interrupts_this_period
                0x00203b08        0x4 ../../../ecrobot/../ecrobot/libecrobot.a(nxt_motors.oram)
 .bss.nxt_motor_initialised
                0x00203b0c        0x4 ../../../ecrobot/../ecrobot/libecrobot.a(nxt_motors.oram)
 .bss.motor     0x00203b10       0x30 ../../../ecrobot/../ecrobot/libecrobot.a(nxt_motors.oram)
 .bss.display_tick
                0x00203b40        0x4 ../../../ecrobot/../ecrobot/libecrobot.a(display.oram)
                0x00203b40                display_tick
 .bss.display_array
                0x00203b44      0x388 ../../../ecrobot/../ecrobot/libecrobot.a(display.oram)
 .bss.i2c_int_count
                0x00203ecc        0x4 ../../../ecrobot/../ecrobot/libecrobot.a(i2c.oram)
 .bss.i2c_port  0x00203ed0      0x170 ../../../ecrobot/../ecrobot/libecrobot.a(i2c.oram)
 .bss.sound_mode
                0x00204040        0x1 ../../../ecrobot/../ecrobot/libecrobot.a(sound.oram)
                0x00204040                sound_mode
 *fill*         0x00204041        0x3 00
 .bss.in_buf_idx
                0x00204044        0x4 ../../../ecrobot/../ecrobot/libecrobot.a(bt.oram)
 .bss.buf_ptr   0x00204048        0x4 ../../../ecrobot/../ecrobot/libecrobot.a(bt.oram)
 .bss.out_buf   0x0020404c      0x200 ../../../ecrobot/../ecrobot/libecrobot.a(bt.oram)
 .bss.out_buf_ptr
                0x0020424c        0x1 ../../../ecrobot/../ecrobot/libecrobot.a(bt.oram)
 .bss.in_buf_in_ptr
                0x0020424d        0x1 ../../../ecrobot/../ecrobot/libecrobot.a(bt.oram)
 .bss.in_buf    0x0020424e      0x100 ../../../ecrobot/../ecrobot/libecrobot.a(bt.oram)
 *fill*         0x0020434e        0x2 00
 .bss.link_state
                0x00204350        0x4 ../../../ecrobot/../ecrobot/libecrobot.a(nxt_avr.oram)
 .bss.update_count
                0x00204354        0x4 ../../../ecrobot/../ecrobot/libecrobot.a(nxt_avr.oram)
 .bss.nxt_avr_stats
                0x00204358       0x14 ../../../ecrobot/../ecrobot/libecrobot.a(nxt_avr.oram)
 .bss.debounce_cnt
                0x0020436c        0x2 ../../../ecrobot/../ecrobot/libecrobot.a(nxt_avr.oram)
 .bss.debounce_state
                0x0020436e        0x2 ../../../ecrobot/../ecrobot/libecrobot.a(nxt_avr.oram)
 .bss.button_state
                0x00204370        0x2 ../../../ecrobot/../ecrobot/libecrobot.a(nxt_avr.oram)
 .bss.prev_buttons
                0x00204372        0x2 ../../../ecrobot/../ecrobot/libecrobot.a(nxt_avr.oram)
 .bss.from_buf  0x00204374        0x4 ../../../ecrobot/../ecrobot/libecrobot.a(nxt_avr.oram)
 .bss.io_from_avr
                0x00204378        0x4 ../../../ecrobot/../ecrobot/libecrobot.a(nxt_avr.oram)
 .bss.data_from_avr
                0x0020437c       0x1a ../../../ecrobot/../ecrobot/libecrobot.a(nxt_avr.oram)
 .bss.data_to_avr
                0x00204396        0x9 ../../../ecrobot/../ecrobot/libecrobot.a(nxt_avr.oram)
 .bss.io_to_avr
                0x0020439f        0x8 ../../../ecrobot/../ecrobot/libecrobot.a(nxt_avr.oram)
 *fill*         0x002043a7        0x1 00
 .bss.display   0x002043a8        0x4 ../../../ecrobot/../ecrobot/libecrobot.a(nxt_lcd.oram)
 .bss.ud_thetadot_cmd_lpf
                0x002043ac        0x4 ../../../ecrobot/../ecrobot/libnxtway_gs_balancer.a(balancer.o)
 .bss.ud_theta_ref
                0x002043b0        0x4 ../../../ecrobot/../ecrobot/libnxtway_gs_balancer.a(balancer.o)
 .bss.ud_theta_lpf
                0x002043b4        0x4 ../../../ecrobot/../ecrobot/libnxtway_gs_balancer.a(balancer.o)
 .bss.ud_psi    0x002043b8        0x4 ../../../ecrobot/../ecrobot/libnxtway_gs_balancer.a(balancer.o)
 .bss.ud_err_theta
                0x002043bc        0x4 ../../../ecrobot/../ecrobot/libnxtway_gs_balancer.a(balancer.o)
                0x002043c0                . = ALIGN (0x10)
                0x002043c0                __bss_end__ = .
 COMMON         0x002043c0        0x2 build/kernel/interrupt.o
                0x002043c0                runisr
                0x002043c1                sus_all_cnt
 *fill*         0x002043c2        0x2 00
 COMMON         0x002043c4       0x10 build/kernel/osctl.o
                0x002043c4                callevel
                0x002043c5                _errorhook_svcid
                0x002043c6                appmode
                0x002043c8                _errorhook_par1
                0x002043cc                _errorhook_par3
                0x002043d0                _errorhook_par2
 COMMON         0x002043d4        0x3 build/kernel/task.o
                0x002043d4                runtsk
                0x002043d5                schedtsk
                0x002043d6                nextpri
 *fill*         0x002043d7        0x1 00
 COMMON         0x002043d8       0x2c build/./kernel_cfg.o
                0x002043d8                tcb_waievt
                0x002043dc                rescb_prevpri
                0x002043dd                almcb_prev
                0x002043de                tcb_lastres
                0x002043e0                almcb_almval
                0x002043e4                tcxb_pc
                0x002043e8                tcb_next
                0x002043e9                tcb_curpri
                0x002043ea                tcb_tstat
                0x002043eb                isrcb_lastres
                0x002043ec                cntcb_almque
                0x002043ed                rescb_prevres
                0x002043ee                tcb_actcnt
                0x002043f0                tcb_curevt
                0x002043f4                almcb_cycle
                0x002043f8                tcxb_sp
                0x002043fc                almcb_next
                0x00204400                cntcb_curval
 COMMON         0x00204404       0x44 build/balance_linetrace.o
                0x00204404                D_GAIN_TMP
                0x00204408                BACK_POWER
                0x0020440c                AUTO_TAIL_POWER
                0x00204410                FORWARD_POWER
                0x00204414                FORWARD_TIME
                0x00204418                I_GAIN_TMP
                0x0020441c                P_GAIN_TMP
                0x00204420                ANGLE_TAIL
                0x00204424                bt_receive_buf
                0x00204444                GYRO_OFFSET
 COMMON         0x00204448       0x44 ../../../ecrobot/../ecrobot/libecrobot.a(uart.oram)
                0x00204448                uart
 COMMON         0x0020448c        0x4 ../../../ecrobot/../ecrobot/libecrobot.a(data_abort.oram)
                0x0020448c                data_abort_pc
 COMMON         0x00204490        0x8 ../../../ecrobot/../ecrobot/libecrobot.a(display.oram)
                0x00204490                display_x
                0x00204494                display_y
 COMMON         0x00204498      0x31c ../../../ecrobot/../ecrobot/libecrobot.a(sound.oram)
                0x00204498                sample
                0x00203350                __bss_start__ = ADDR (.bss)
                0x002047b4                __bss_end__ = (ADDR (.bss) + SIZEOF (.bss))
                0x002047b4                PROVIDE (end, .)

.heap_area      0x002047b4     0xb3c4
                0x0020fb78                . = (. + (0x20fb78 - end))
 *fill*         0x002047b4     0xb3c4 00

.stack          0x0020fb78      0x488
                0x0020fbf8                . = (. + 0x80)
 *fill*         0x0020fb78       0x80 00
                0x0020fc00                . = ALIGN (0x10)
 *fill*         0x0020fbf8        0x8 00
                0x0020fc00                __irq_stack__ = .
                0x0020fc00                __system_stack_bottom__ = .
                0x00210000                . = (. + 0x400)
 *fill*         0x0020fc00      0x400 00
                0x00210000                . = ALIGN (0x10)
                0x00210000                __system_stack__ = .
                0x00210000                __system_stack_top__ = .
                0x0020fb78                __stack_start__ = ADDR (.stack)
                0x00210000                __stack_end__ = (ADDR (.stack) + SIZEOF (.stack))
OUTPUT(balance_linetrace_rom.elf elf32-littlearm)

.comment        0x00000000      0x396
 .comment       0x00000000       0x12 build/kernel/alarm.o
 .comment       0x00000012       0x12 build/kernel/event.o
 .comment       0x00000024       0x12 build/kernel/interrupt.o
 .comment       0x00000036       0x12 build/kernel/osctl.o
 .comment       0x00000048       0x12 build/kernel/resource.o
 .comment       0x0000005a       0x12 build/kernel/task.o
 .comment       0x0000006c       0x12 build/kernel/task_manage.o
 .comment       0x0000007e       0x12 build/config/at91sam7s-gnu/cpu_config.o
 .comment       0x00000090       0x12 build/config/at91sam7s-gnu/lego_nxt/sys_config.o
 .comment       0x000000a2       0x12 build/./kernel_cfg.o
 .comment       0x000000b4       0x12 build/syscalls.o
 .comment       0x000000c6       0x12 build/ecrobot_bluetooth.o
 .comment       0x000000d8       0x12 build/ecrobot_base.o
 .comment       0x000000ea       0x12 build/ecrobot.o
 .comment       0x000000fc       0x12 build/balance_linetrace.o
 .comment       0x0000010e       0x12 build/balancer_param.o
 .comment       0x00000120       0x12 build/syslib/at91sam7s-gnu/lego_nxt/hw_sys_timer.oram
 .comment       0x00000132       0x12 ../../../ecrobot/../ecrobot/libecrobot.a(ecrobot_HiTechnic.o)
 .comment       0x00000144       0x12 ../../../ecrobot/../ecrobot/libecrobot.a(ecrobot_interface.o)
 .comment       0x00000156       0x12 ../../../ecrobot/../ecrobot/libecrobot.a(colorsensor.o)
 .comment       0x00000168       0x12 ../../../ecrobot/../ecrobot/libecrobot.a(osek_hook.o)
 .comment       0x0000017a       0x12 ../../../ecrobot/../ecrobot/libecrobot.a(uart.oram)
 .comment       0x0000018c       0x12 ../../../ecrobot/../ecrobot/libecrobot.a(systick.oram)
 .comment       0x0000019e       0x12 ../../../ecrobot/../ecrobot/libecrobot.a(byte_fifo.oram)
 .comment       0x000001b0       0x12 ../../../ecrobot/../ecrobot/libecrobot.a(aic.oram)
 .comment       0x000001c2       0x12 ../../../ecrobot/../ecrobot/libecrobot.a(udp.oram)
 .comment       0x000001d4       0x12 ../../../ecrobot/../ecrobot/libecrobot.a(twi.oram)
 .comment       0x000001e6       0x12 ../../../ecrobot/../ecrobot/libecrobot.a(nxt_spi.oram)
 .comment       0x000001f8       0x12 ../../../ecrobot/../ecrobot/libecrobot.a(nxt_motors.oram)
 .comment       0x0000020a       0x12 ../../../ecrobot/../ecrobot/libecrobot.a(data_abort.oram)
 .comment       0x0000021c       0x12 ../../../ecrobot/../ecrobot/libecrobot.a(display.oram)
 .comment       0x0000022e       0x12 ../../../ecrobot/../ecrobot/libecrobot.a(i2c.oram)
 .comment       0x00000240       0x12 ../../../ecrobot/../ecrobot/libecrobot.a(sound.oram)
 .comment       0x00000252       0x12 ../../../ecrobot/../ecrobot/libecrobot.a(bt.oram)
 .comment       0x00000264       0x12 ../../../ecrobot/../ecrobot/libecrobot.a(nxt_avr.oram)
 .comment       0x00000276       0x12 ../../../ecrobot/../ecrobot/libecrobot.a(sensors.oram)
 .comment       0x00000288       0x12 ../../../ecrobot/../ecrobot/libecrobot.a(sensors1.oram)
 .comment       0x0000029a       0x12 ../../../ecrobot/../ecrobot/libecrobot.a(nxt_lcd.oram)
 .comment       0x000002ac       0x12 ../../../ecrobot/../ecrobot/libecrobot.a(flash_loader.oram)
 .comment       0x000002be       0x12 ../../../ecrobot/../ecrobot/libecrobot.a(ecrobot_usb.o)
 .comment       0x000002d0       0x12 ../../../ecrobot/../ecrobot/libecrobot.a(flashprog.oram)
 .comment       0x000002e2       0x12 ../../../ecrobot/../ecrobot/libnxtway_gs_balancer.a(balancer.o)
 .comment       0x000002f4       0x12 /cygdrive/C/cygwin/GNUARM/bin/../lib/gcc/arm-elf/4.0.2/thumb/interwork/libgcc.a(_muldi3.o)
 .comment       0x00000306       0x12 /cygdrive/C/cygwin/GNUARM/bin/../lib/gcc/arm-elf/4.0.2/thumb/interwork/libgcc.a(_divdi3.o)
 .comment       0x00000318       0x12 /cygdrive/C/cygwin/GNUARM/bin/../lib/gcc/arm-elf/4.0.2/thumb/interwork/libgcc.a(_clz.o)
 .comment       0x0000032a       0x12 /cygdrive/C/cygwin/GNUARM/bin/../lib/gcc/arm-elf/4.0.2/../../../../arm-elf/lib/thumb/interwork/libc.a(memcpy.o)
 .comment       0x0000033c       0x12 /cygdrive/C/cygwin/GNUARM/bin/../lib/gcc/arm-elf/4.0.2/../../../../arm-elf/lib/thumb/interwork/libc.a(memset.o)
 .comment       0x0000034e       0x12 /cygdrive/C/cygwin/GNUARM/bin/../lib/gcc/arm-elf/4.0.2/../../../../arm-elf/lib/thumb/interwork/libc.a(strcmp.o)
 .comment       0x00000360       0x12 /cygdrive/C/cygwin/GNUARM/bin/../lib/gcc/arm-elf/4.0.2/../../../../arm-elf/lib/thumb/interwork/libc.a(strcpy.o)
 .comment       0x00000372       0x12 /cygdrive/C/cygwin/GNUARM/bin/../lib/gcc/arm-elf/4.0.2/../../../../arm-elf/lib/thumb/interwork/libc.a(strlen.o)
 .comment       0x00000384       0x12 /cygdrive/C/cygwin/GNUARM/bin/../lib/gcc/arm-elf/4.0.2/../../../../arm-elf/lib/thumb/interwork/libc.a(strncpy.o)

.debug_line     0x00000000      0xf28
 .debug_line    0x00000000       0x70 /cygdrive/C/cygwin/GNUARM/bin/../lib/gcc/arm-elf/4.0.2/thumb/interwork/libgcc.a(_udivsi3.o)
 .debug_line    0x00000070       0x7c /cygdrive/C/cygwin/GNUARM/bin/../lib/gcc/arm-elf/4.0.2/thumb/interwork/libgcc.a(_divsi3.o)
 .debug_line    0x000000ec       0x68 /cygdrive/C/cygwin/GNUARM/bin/../lib/gcc/arm-elf/4.0.2/thumb/interwork/libgcc.a(_umodsi3.o)
 .debug_line    0x00000154       0x71 /cygdrive/C/cygwin/GNUARM/bin/../lib/gcc/arm-elf/4.0.2/thumb/interwork/libgcc.a(_modsi3.o)
 .debug_line    0x000001c5       0x5a /cygdrive/C/cygwin/GNUARM/bin/../lib/gcc/arm-elf/4.0.2/thumb/interwork/libgcc.a(_dvmd_tls.o)
 .debug_line    0x0000021f      0x162 /cygdrive/C/cygwin/GNUARM/bin/../lib/gcc/arm-elf/4.0.2/thumb/interwork/libgcc.a(_addsubdf3.o)
 .debug_line    0x00000381      0x177 /cygdrive/C/cygwin/GNUARM/bin/../lib/gcc/arm-elf/4.0.2/thumb/interwork/libgcc.a(_muldivdf3.o)
 .debug_line    0x000004f8       0xa4 /cygdrive/C/cygwin/GNUARM/bin/../lib/gcc/arm-elf/4.0.2/thumb/interwork/libgcc.a(_cmpdf2.o)
 .debug_line    0x0000059c       0x80 /cygdrive/C/cygwin/GNUARM/bin/../lib/gcc/arm-elf/4.0.2/thumb/interwork/libgcc.a(_truncdfsf2.o)
 .debug_line    0x0000061c      0x110 /cygdrive/C/cygwin/GNUARM/bin/../lib/gcc/arm-elf/4.0.2/thumb/interwork/libgcc.a(_addsubsf3.o)
 .debug_line    0x0000072c      0x11a /cygdrive/C/cygwin/GNUARM/bin/../lib/gcc/arm-elf/4.0.2/thumb/interwork/libgcc.a(_muldivsf3.o)
 .debug_line    0x00000846       0x98 /cygdrive/C/cygwin/GNUARM/bin/../lib/gcc/arm-elf/4.0.2/thumb/interwork/libgcc.a(_cmpsf2.o)
 .debug_line    0x000008de       0x6f /cygdrive/C/cygwin/GNUARM/bin/../lib/gcc/arm-elf/4.0.2/thumb/interwork/libgcc.a(_fixsfsi.o)
 .debug_line    0x0000094d       0x61 /cygdrive/C/cygwin/GNUARM/bin/../lib/gcc/arm-elf/4.0.2/thumb/interwork/libgcc.a(_muldi3.o)
 .debug_line    0x000009ae      0x122 /cygdrive/C/cygwin/GNUARM/bin/../lib/gcc/arm-elf/4.0.2/thumb/interwork/libgcc.a(_divdi3.o)
 .debug_line    0x00000ad0       0x48 /cygdrive/C/cygwin/GNUARM/bin/../lib/gcc/arm-elf/4.0.2/thumb/interwork/libgcc.a(_clz.o)
 .debug_line    0x00000b18       0xc3 /cygdrive/C/cygwin/GNUARM/bin/../lib/gcc/arm-elf/4.0.2/../../../../arm-elf/lib/thumb/interwork/libc.a(memcpy.o)
 .debug_line    0x00000bdb       0xd4 /cygdrive/C/cygwin/GNUARM/bin/../lib/gcc/arm-elf/4.0.2/../../../../arm-elf/lib/thumb/interwork/libc.a(memset.o)
 .debug_line    0x00000caf       0x88 /cygdrive/C/cygwin/GNUARM/bin/../lib/gcc/arm-elf/4.0.2/../../../../arm-elf/lib/thumb/interwork/libc.a(strcmp.o)
 .debug_line    0x00000d37       0x80 /cygdrive/C/cygwin/GNUARM/bin/../lib/gcc/arm-elf/4.0.2/../../../../arm-elf/lib/thumb/interwork/libc.a(strcpy.o)
 .debug_line    0x00000db7       0xaf /cygdrive/C/cygwin/GNUARM/bin/../lib/gcc/arm-elf/4.0.2/../../../../arm-elf/lib/thumb/interwork/libc.a(strlen.o)
 .debug_line    0x00000e66       0xc2 /cygdrive/C/cygwin/GNUARM/bin/../lib/gcc/arm-elf/4.0.2/../../../../arm-elf/lib/thumb/interwork/libc.a(strncpy.o)

.debug_info     0x00000000     0x1587
 .debug_info    0x00000000       0x6a /cygdrive/C/cygwin/GNUARM/bin/../lib/gcc/arm-elf/4.0.2/thumb/interwork/libgcc.a(_udivsi3.o)
 .debug_info    0x0000006a       0x6a /cygdrive/C/cygwin/GNUARM/bin/../lib/gcc/arm-elf/4.0.2/thumb/interwork/libgcc.a(_divsi3.o)
 .debug_info    0x000000d4       0x6a /cygdrive/C/cygwin/GNUARM/bin/../lib/gcc/arm-elf/4.0.2/thumb/interwork/libgcc.a(_umodsi3.o)
 .debug_info    0x0000013e       0x6a /cygdrive/C/cygwin/GNUARM/bin/../lib/gcc/arm-elf/4.0.2/thumb/interwork/libgcc.a(_modsi3.o)
 .debug_info    0x000001a8       0x6a /cygdrive/C/cygwin/GNUARM/bin/../lib/gcc/arm-elf/4.0.2/thumb/interwork/libgcc.a(_dvmd_tls.o)
 .debug_info    0x00000212       0x69 /cygdrive/C/cygwin/GNUARM/bin/../lib/gcc/arm-elf/4.0.2/thumb/interwork/libgcc.a(_addsubdf3.o)
 .debug_info    0x0000027b       0x69 /cygdrive/C/cygwin/GNUARM/bin/../lib/gcc/arm-elf/4.0.2/thumb/interwork/libgcc.a(_muldivdf3.o)
 .debug_info    0x000002e4       0x69 /cygdrive/C/cygwin/GNUARM/bin/../lib/gcc/arm-elf/4.0.2/thumb/interwork/libgcc.a(_cmpdf2.o)
 .debug_info    0x0000034d       0x69 /cygdrive/C/cygwin/GNUARM/bin/../lib/gcc/arm-elf/4.0.2/thumb/interwork/libgcc.a(_truncdfsf2.o)
 .debug_info    0x000003b6       0x69 /cygdrive/C/cygwin/GNUARM/bin/../lib/gcc/arm-elf/4.0.2/thumb/interwork/libgcc.a(_addsubsf3.o)
 .debug_info    0x0000041f       0x69 /cygdrive/C/cygwin/GNUARM/bin/../lib/gcc/arm-elf/4.0.2/thumb/interwork/libgcc.a(_muldivsf3.o)
 .debug_info    0x00000488       0x69 /cygdrive/C/cygwin/GNUARM/bin/../lib/gcc/arm-elf/4.0.2/thumb/interwork/libgcc.a(_cmpsf2.o)
 .debug_info    0x000004f1       0x69 /cygdrive/C/cygwin/GNUARM/bin/../lib/gcc/arm-elf/4.0.2/thumb/interwork/libgcc.a(_fixsfsi.o)
 .debug_info    0x0000055a      0x20e /cygdrive/C/cygwin/GNUARM/bin/../lib/gcc/arm-elf/4.0.2/thumb/interwork/libgcc.a(_muldi3.o)
 .debug_info    0x00000768      0x758 /cygdrive/C/cygwin/GNUARM/bin/../lib/gcc/arm-elf/4.0.2/thumb/interwork/libgcc.a(_divdi3.o)
 .debug_info    0x00000ec0       0xc9 /cygdrive/C/cygwin/GNUARM/bin/../lib/gcc/arm-elf/4.0.2/thumb/interwork/libgcc.a(_clz.o)
 .debug_info    0x00000f89      0x10d /cygdrive/C/cygwin/GNUARM/bin/../lib/gcc/arm-elf/4.0.2/../../../../arm-elf/lib/thumb/interwork/libc.a(memcpy.o)
 .debug_info    0x00001096      0x111 /cygdrive/C/cygwin/GNUARM/bin/../lib/gcc/arm-elf/4.0.2/../../../../arm-elf/lib/thumb/interwork/libc.a(memset.o)
 .debug_info    0x000011a7       0xd9 /cygdrive/C/cygwin/GNUARM/bin/../lib/gcc/arm-elf/4.0.2/../../../../arm-elf/lib/thumb/interwork/libc.a(strcmp.o)
 .debug_info    0x00001280      0x10c /cygdrive/C/cygwin/GNUARM/bin/../lib/gcc/arm-elf/4.0.2/../../../../arm-elf/lib/thumb/interwork/libc.a(strcpy.o)
 .debug_info    0x0000138c       0xd5 /cygdrive/C/cygwin/GNUARM/bin/../lib/gcc/arm-elf/4.0.2/../../../../arm-elf/lib/thumb/interwork/libc.a(strlen.o)
 .debug_info    0x00001461      0x126 /cygdrive/C/cygwin/GNUARM/bin/../lib/gcc/arm-elf/4.0.2/../../../../arm-elf/lib/thumb/interwork/libc.a(strncpy.o)

.debug_abbrev   0x00000000      0x701
 .debug_abbrev  0x00000000       0x14 /cygdrive/C/cygwin/GNUARM/bin/../lib/gcc/arm-elf/4.0.2/thumb/interwork/libgcc.a(_udivsi3.o)
 .debug_abbrev  0x00000014       0x14 /cygdrive/C/cygwin/GNUARM/bin/../lib/gcc/arm-elf/4.0.2/thumb/interwork/libgcc.a(_divsi3.o)
 .debug_abbrev  0x00000028       0x14 /cygdrive/C/cygwin/GNUARM/bin/../lib/gcc/arm-elf/4.0.2/thumb/interwork/libgcc.a(_umodsi3.o)
 .debug_abbrev  0x0000003c       0x14 /cygdrive/C/cygwin/GNUARM/bin/../lib/gcc/arm-elf/4.0.2/thumb/interwork/libgcc.a(_modsi3.o)
 .debug_abbrev  0x00000050       0x14 /cygdrive/C/cygwin/GNUARM/bin/../lib/gcc/arm-elf/4.0.2/thumb/interwork/libgcc.a(_dvmd_tls.o)
 .debug_abbrev  0x00000064       0x14 /cygdrive/C/cygwin/GNUARM/bin/../lib/gcc/arm-elf/4.0.2/thumb/interwork/libgcc.a(_addsubdf3.o)
 .debug_abbrev  0x00000078       0x14 /cygdrive/C/cygwin/GNUARM/bin/../lib/gcc/arm-elf/4.0.2/thumb/interwork/libgcc.a(_muldivdf3.o)
 .debug_abbrev  0x0000008c       0x14 /cygdrive/C/cygwin/GNUARM/bin/../lib/gcc/arm-elf/4.0.2/thumb/interwork/libgcc.a(_cmpdf2.o)
 .debug_abbrev  0x000000a0       0x14 /cygdrive/C/cygwin/GNUARM/bin/../lib/gcc/arm-elf/4.0.2/thumb/interwork/libgcc.a(_truncdfsf2.o)
 .debug_abbrev  0x000000b4       0x14 /cygdrive/C/cygwin/GNUARM/bin/../lib/gcc/arm-elf/4.0.2/thumb/interwork/libgcc.a(_addsubsf3.o)
 .debug_abbrev  0x000000c8       0x14 /cygdrive/C/cygwin/GNUARM/bin/../lib/gcc/arm-elf/4.0.2/thumb/interwork/libgcc.a(_muldivsf3.o)
 .debug_abbrev  0x000000dc       0x14 /cygdrive/C/cygwin/GNUARM/bin/../lib/gcc/arm-elf/4.0.2/thumb/interwork/libgcc.a(_cmpsf2.o)
 .debug_abbrev  0x000000f0       0x14 /cygdrive/C/cygwin/GNUARM/bin/../lib/gcc/arm-elf/4.0.2/thumb/interwork/libgcc.a(_fixsfsi.o)
 .debug_abbrev  0x00000104       0xec /cygdrive/C/cygwin/GNUARM/bin/../lib/gcc/arm-elf/4.0.2/thumb/interwork/libgcc.a(_muldi3.o)
 .debug_abbrev  0x000001f0      0x174 /cygdrive/C/cygwin/GNUARM/bin/../lib/gcc/arm-elf/4.0.2/thumb/interwork/libgcc.a(_divdi3.o)
 .debug_abbrev  0x00000364       0x61 /cygdrive/C/cygwin/GNUARM/bin/../lib/gcc/arm-elf/4.0.2/thumb/interwork/libgcc.a(_clz.o)
 .debug_abbrev  0x000003c5       0x99 /cygdrive/C/cygwin/GNUARM/bin/../lib/gcc/arm-elf/4.0.2/../../../../arm-elf/lib/thumb/interwork/libc.a(memcpy.o)
 .debug_abbrev  0x0000045e       0x9a /cygdrive/C/cygwin/GNUARM/bin/../lib/gcc/arm-elf/4.0.2/../../../../arm-elf/lib/thumb/interwork/libc.a(memset.o)
 .debug_abbrev  0x000004f8       0x71 /cygdrive/C/cygwin/GNUARM/bin/../lib/gcc/arm-elf/4.0.2/../../../../arm-elf/lib/thumb/interwork/libc.a(strcmp.o)
 .debug_abbrev  0x00000569       0x80 /cygdrive/C/cygwin/GNUARM/bin/../lib/gcc/arm-elf/4.0.2/../../../../arm-elf/lib/thumb/interwork/libc.a(strcpy.o)
 .debug_abbrev  0x000005e9       0x8b /cygdrive/C/cygwin/GNUARM/bin/../lib/gcc/arm-elf/4.0.2/../../../../arm-elf/lib/thumb/interwork/libc.a(strlen.o)
 .debug_abbrev  0x00000674       0x8d /cygdrive/C/cygwin/GNUARM/bin/../lib/gcc/arm-elf/4.0.2/../../../../arm-elf/lib/thumb/interwork/libc.a(strncpy.o)

.debug_aranges  0x00000000      0x2a0
 .debug_aranges
                0x00000000       0x20 /cygdrive/C/cygwin/GNUARM/bin/../lib/gcc/arm-elf/4.0.2/thumb/interwork/libgcc.a(_udivsi3.o)
 .debug_aranges
                0x00000020       0x20 /cygdrive/C/cygwin/GNUARM/bin/../lib/gcc/arm-elf/4.0.2/thumb/interwork/libgcc.a(_divsi3.o)
 .debug_aranges
                0x00000040       0x20 /cygdrive/C/cygwin/GNUARM/bin/../lib/gcc/arm-elf/4.0.2/thumb/interwork/libgcc.a(_umodsi3.o)
 .debug_aranges
                0x00000060       0x20 /cygdrive/C/cygwin/GNUARM/bin/../lib/gcc/arm-elf/4.0.2/thumb/interwork/libgcc.a(_modsi3.o)
 .debug_aranges
                0x00000080       0x20 /cygdrive/C/cygwin/GNUARM/bin/../lib/gcc/arm-elf/4.0.2/thumb/interwork/libgcc.a(_dvmd_tls.o)
 .debug_aranges
                0x000000a0       0x20 /cygdrive/C/cygwin/GNUARM/bin/../lib/gcc/arm-elf/4.0.2/thumb/interwork/libgcc.a(_addsubdf3.o)
 .debug_aranges
                0x000000c0       0x20 /cygdrive/C/cygwin/GNUARM/bin/../lib/gcc/arm-elf/4.0.2/thumb/interwork/libgcc.a(_muldivdf3.o)
 .debug_aranges
                0x000000e0       0x20 /cygdrive/C/cygwin/GNUARM/bin/../lib/gcc/arm-elf/4.0.2/thumb/interwork/libgcc.a(_cmpdf2.o)
 .debug_aranges
                0x00000100       0x20 /cygdrive/C/cygwin/GNUARM/bin/../lib/gcc/arm-elf/4.0.2/thumb/interwork/libgcc.a(_truncdfsf2.o)
 .debug_aranges
                0x00000120       0x20 /cygdrive/C/cygwin/GNUARM/bin/../lib/gcc/arm-elf/4.0.2/thumb/interwork/libgcc.a(_addsubsf3.o)
 .debug_aranges
                0x00000140       0x20 /cygdrive/C/cygwin/GNUARM/bin/../lib/gcc/arm-elf/4.0.2/thumb/interwork/libgcc.a(_muldivsf3.o)
 .debug_aranges
                0x00000160       0x20 /cygdrive/C/cygwin/GNUARM/bin/../lib/gcc/arm-elf/4.0.2/thumb/interwork/libgcc.a(_cmpsf2.o)
 .debug_aranges
                0x00000180       0x20 /cygdrive/C/cygwin/GNUARM/bin/../lib/gcc/arm-elf/4.0.2/thumb/interwork/libgcc.a(_fixsfsi.o)
 .debug_aranges
                0x000001a0       0x20 /cygdrive/C/cygwin/GNUARM/bin/../lib/gcc/arm-elf/4.0.2/thumb/interwork/libgcc.a(_muldi3.o)
 .debug_aranges
                0x000001c0       0x20 /cygdrive/C/cygwin/GNUARM/bin/../lib/gcc/arm-elf/4.0.2/thumb/interwork/libgcc.a(_divdi3.o)
 .debug_aranges
                0x000001e0       0x20 /cygdrive/C/cygwin/GNUARM/bin/../lib/gcc/arm-elf/4.0.2/../../../../arm-elf/lib/thumb/interwork/libc.a(memcpy.o)
 .debug_aranges
                0x00000200       0x20 /cygdrive/C/cygwin/GNUARM/bin/../lib/gcc/arm-elf/4.0.2/../../../../arm-elf/lib/thumb/interwork/libc.a(memset.o)
 .debug_aranges
                0x00000220       0x20 /cygdrive/C/cygwin/GNUARM/bin/../lib/gcc/arm-elf/4.0.2/../../../../arm-elf/lib/thumb/interwork/libc.a(strcmp.o)
 .debug_aranges
                0x00000240       0x20 /cygdrive/C/cygwin/GNUARM/bin/../lib/gcc/arm-elf/4.0.2/../../../../arm-elf/lib/thumb/interwork/libc.a(strcpy.o)
 .debug_aranges
                0x00000260       0x20 /cygdrive/C/cygwin/GNUARM/bin/../lib/gcc/arm-elf/4.0.2/../../../../arm-elf/lib/thumb/interwork/libc.a(strlen.o)
 .debug_aranges
                0x00000280       0x20 /cygdrive/C/cygwin/GNUARM/bin/../lib/gcc/arm-elf/4.0.2/../../../../arm-elf/lib/thumb/interwork/libc.a(strncpy.o)

.debug_frame    0x00000000      0x180
 .debug_frame   0x00000000       0x38 /cygdrive/C/cygwin/GNUARM/bin/../lib/gcc/arm-elf/4.0.2/thumb/interwork/libgcc.a(_muldi3.o)
 .debug_frame   0x00000038       0x3c /cygdrive/C/cygwin/GNUARM/bin/../lib/gcc/arm-elf/4.0.2/thumb/interwork/libgcc.a(_divdi3.o)
 .debug_frame   0x00000074       0x2c /cygdrive/C/cygwin/GNUARM/bin/../lib/gcc/arm-elf/4.0.2/../../../../arm-elf/lib/thumb/interwork/libc.a(memcpy.o)
 .debug_frame   0x000000a0       0x2c /cygdrive/C/cygwin/GNUARM/bin/../lib/gcc/arm-elf/4.0.2/../../../../arm-elf/lib/thumb/interwork/libc.a(memset.o)
 .debug_frame   0x000000cc       0x2c /cygdrive/C/cygwin/GNUARM/bin/../lib/gcc/arm-elf/4.0.2/../../../../arm-elf/lib/thumb/interwork/libc.a(strcmp.o)
 .debug_frame   0x000000f8       0x2c /cygdrive/C/cygwin/GNUARM/bin/../lib/gcc/arm-elf/4.0.2/../../../../arm-elf/lib/thumb/interwork/libc.a(strcpy.o)
 .debug_frame   0x00000124       0x2c /cygdrive/C/cygwin/GNUARM/bin/../lib/gcc/arm-elf/4.0.2/../../../../arm-elf/lib/thumb/interwork/libc.a(strlen.o)
 .debug_frame   0x00000150       0x30 /cygdrive/C/cygwin/GNUARM/bin/../lib/gcc/arm-elf/4.0.2/../../../../arm-elf/lib/thumb/interwork/libc.a(strncpy.o)

.debug_loc      0x00000000     0x13c0
 .debug_loc     0x00000000      0x156 /cygdrive/C/cygwin/GNUARM/bin/../lib/gcc/arm-elf/4.0.2/thumb/interwork/libgcc.a(_muldi3.o)
 .debug_loc     0x00000156      0xd45 /cygdrive/C/cygwin/GNUARM/bin/../lib/gcc/arm-elf/4.0.2/thumb/interwork/libgcc.a(_divdi3.o)
 .debug_loc     0x00000e9b      0x127 /cygdrive/C/cygwin/GNUARM/bin/../lib/gcc/arm-elf/4.0.2/../../../../arm-elf/lib/thumb/interwork/libc.a(memcpy.o)
 .debug_loc     0x00000fc2      0x12a /cygdrive/C/cygwin/GNUARM/bin/../lib/gcc/arm-elf/4.0.2/../../../../arm-elf/lib/thumb/interwork/libc.a(memset.o)
 .debug_loc     0x000010ec       0x8e /cygdrive/C/cygwin/GNUARM/bin/../lib/gcc/arm-elf/4.0.2/../../../../arm-elf/lib/thumb/interwork/libc.a(strcmp.o)
 .debug_loc     0x0000117a       0xb4 /cygdrive/C/cygwin/GNUARM/bin/../lib/gcc/arm-elf/4.0.2/../../../../arm-elf/lib/thumb/interwork/libc.a(strcpy.o)
 .debug_loc     0x0000122e       0x3c /cygdrive/C/cygwin/GNUARM/bin/../lib/gcc/arm-elf/4.0.2/../../../../arm-elf/lib/thumb/interwork/libc.a(strlen.o)
 .debug_loc     0x0000126a      0x156 /cygdrive/C/cygwin/GNUARM/bin/../lib/gcc/arm-elf/4.0.2/../../../../arm-elf/lib/thumb/interwork/libc.a(strncpy.o)

.debug_pubnames
                0x00000000      0x10d
 .debug_pubnames
                0x00000000       0x1f /cygdrive/C/cygwin/GNUARM/bin/../lib/gcc/arm-elf/4.0.2/thumb/interwork/libgcc.a(_muldi3.o)
 .debug_pubnames
                0x0000001f       0x1f /cygdrive/C/cygwin/GNUARM/bin/../lib/gcc/arm-elf/4.0.2/thumb/interwork/libgcc.a(_divdi3.o)
 .debug_pubnames
                0x0000003e       0x20 /cygdrive/C/cygwin/GNUARM/bin/../lib/gcc/arm-elf/4.0.2/thumb/interwork/libgcc.a(_clz.o)
 .debug_pubnames
                0x0000005e       0x1d /cygdrive/C/cygwin/GNUARM/bin/../lib/gcc/arm-elf/4.0.2/../../../../arm-elf/lib/thumb/interwork/libc.a(memcpy.o)
 .debug_pubnames
                0x0000007b       0x1d /cygdrive/C/cygwin/GNUARM/bin/../lib/gcc/arm-elf/4.0.2/../../../../arm-elf/lib/thumb/interwork/libc.a(memset.o)
 .debug_pubnames
                0x00000098       0x1d /cygdrive/C/cygwin/GNUARM/bin/../lib/gcc/arm-elf/4.0.2/../../../../arm-elf/lib/thumb/interwork/libc.a(strcmp.o)
 .debug_pubnames
                0x000000b5       0x1d /cygdrive/C/cygwin/GNUARM/bin/../lib/gcc/arm-elf/4.0.2/../../../../arm-elf/lib/thumb/interwork/libc.a(strcpy.o)
 .debug_pubnames
                0x000000d2       0x1d /cygdrive/C/cygwin/GNUARM/bin/../lib/gcc/arm-elf/4.0.2/../../../../arm-elf/lib/thumb/interwork/libc.a(strlen.o)
 .debug_pubnames
                0x000000ef       0x1e /cygdrive/C/cygwin/GNUARM/bin/../lib/gcc/arm-elf/4.0.2/../../../../arm-elf/lib/thumb/interwork/libc.a(strncpy.o)

.debug_ranges   0x00000000      0x1d8
 .debug_ranges  0x00000000       0x30 /cygdrive/C/cygwin/GNUARM/bin/../lib/gcc/arm-elf/4.0.2/thumb/interwork/libgcc.a(_muldi3.o)
 .debug_ranges  0x00000030      0x1a8 /cygdrive/C/cygwin/GNUARM/bin/../lib/gcc/arm-elf/4.0.2/thumb/interwork/libgcc.a(_divdi3.o)

.debug_str      0x00000000      0x38b
 .debug_str     0x00000000       0xfb /cygdrive/C/cygwin/GNUARM/bin/../lib/gcc/arm-elf/4.0.2/thumb/interwork/libgcc.a(_muldi3.o)
                                0x14f (size before relaxing)
 .debug_str     0x000000fb       0x5d /cygdrive/C/cygwin/GNUARM/bin/../lib/gcc/arm-elf/4.0.2/thumb/interwork/libgcc.a(_divdi3.o)
                                0x1a3 (size before relaxing)
 .debug_str     0x00000158        0x0 /cygdrive/C/cygwin/GNUARM/bin/../lib/gcc/arm-elf/4.0.2/thumb/interwork/libgcc.a(_clz.o)
                                0x104 (size before relaxing)
 .debug_str     0x00000158       0xb3 /cygdrive/C/cygwin/GNUARM/bin/../lib/gcc/arm-elf/4.0.2/../../../../arm-elf/lib/thumb/interwork/libc.a(memcpy.o)
                                 0xdf (size before relaxing)
 .debug_str     0x0000020b       0x5a /cygdrive/C/cygwin/GNUARM/bin/../lib/gcc/arm-elf/4.0.2/../../../../arm-elf/lib/thumb/interwork/libc.a(memset.o)
                                0x129 (size before relaxing)
 .debug_str     0x00000265       0x46 /cygdrive/C/cygwin/GNUARM/bin/../lib/gcc/arm-elf/4.0.2/../../../../arm-elf/lib/thumb/interwork/libc.a(strcmp.o)
                                0x10e (size before relaxing)
 .debug_str     0x000002ab       0x46 /cygdrive/C/cygwin/GNUARM/bin/../lib/gcc/arm-elf/4.0.2/../../../../arm-elf/lib/thumb/interwork/libc.a(strcpy.o)
                                0x130 (size before relaxing)
 .debug_str     0x000002f1       0x4c /cygdrive/C/cygwin/GNUARM/bin/../lib/gcc/arm-elf/4.0.2/../../../../arm-elf/lib/thumb/interwork/libc.a(strlen.o)
                                0x128 (size before relaxing)
 .debug_str     0x0000033d       0x4e /cygdrive/C/cygwin/GNUARM/bin/../lib/gcc/arm-elf/4.0.2/../../../../arm-elf/lib/thumb/interwork/libc.a(strncpy.o)
                                0x13f (size before relaxing)

Cross Reference Table

Symbol                                            File
ANGLE_TAIL                                        build/balance_linetrace.o
AUTO_TAIL_POWER                                   build/balance_linetrace.o
A_D                                               build/balancer_param.o
                                                  ../../../ecrobot/../ecrobot/libnxtway_gs_balancer.a(balancer.o)
A_R                                               build/balancer_param.o
                                                  ../../../ecrobot/../ecrobot/libnxtway_gs_balancer.a(balancer.o)
ActivateTask                                      build/kernel/task_manage.o
BACK_POWER                                        build/balance_linetrace.o
BATTERY_GAIN                                      build/balancer_param.o
                                                  ../../../ecrobot/../ecrobot/libnxtway_gs_balancer.a(balancer.o)
BATTERY_OFFSET                                    build/balancer_param.o
                                                  ../../../ecrobot/../ecrobot/libnxtway_gs_balancer.a(balancer.o)
CancelAlarm                                       build/kernel/alarm.o
ChainTask                                         build/kernel/task_manage.o
ClearEvent                                        build/kernel/event.o
D_GAIN_TMP                                        build/balance_linetrace.o
DisableAllInterrupts                              build/kernel/interrupt.o
EnableAllInterrupts                               build/kernel/interrupt.o
ErrorHook                                         ../../../ecrobot/../ecrobot/libecrobot.a(osek_hook.o)
                                                  build/kernel/osctl.o
FORWARD_POWER                                     build/balance_linetrace.o
FORWARD_TIME                                      build/balance_linetrace.o
GYRO_OFFSET                                       build/balance_linetrace.o
GetActiveApplicationMode                          build/kernel/osctl.o
GetAlarm                                          build/kernel/alarm.o
GetAlarmBase                                      build/kernel/alarm.o
GetEvent                                          build/kernel/event.o
GetResource                                       build/kernel/resource.o
GetTaskID                                         build/kernel/task_manage.o
GetTaskState                                      build/kernel/task_manage.o
I_GAIN_TMP                                        build/balance_linetrace.o
K_F                                               build/balancer_param.o
                                                  ../../../ecrobot/../ecrobot/libnxtway_gs_balancer.a(balancer.o)
K_I                                               build/balancer_param.o
                                                  ../../../ecrobot/../ecrobot/libnxtway_gs_balancer.a(balancer.o)
K_PHIDOT                                          build/balancer_param.o
                                                  ../../../ecrobot/../ecrobot/libnxtway_gs_balancer.a(balancer.o)
K_THETADOT                                        build/balancer_param.o
                                                  ../../../ecrobot/../ecrobot/libnxtway_gs_balancer.a(balancer.o)
NXT_Entry_Point                                   build/nxt_entry_point.o
                                                  build/nxt_binary_header.o
P_GAIN_TMP                                        build/balance_linetrace.o
PostTaskHook                                      ../../../ecrobot/../ecrobot/libecrobot.a(osek_hook.o)
                                                  build/config/at91sam7s-gnu/cpu_support.oram
                                                  build/kernel/osctl.o
PreTaskHook                                       ../../../ecrobot/../ecrobot/libecrobot.a(osek_hook.o)
                                                  build/config/at91sam7s-gnu/cpu_support.oram
                                                  build/kernel/osctl.o
ReleaseResource                                   build/kernel/resource.o
ResumeAllInterrupts                               build/kernel/interrupt.o
ResumeOSInterrupts                                build/kernel/interrupt.o
Schedule                                          build/kernel/task_manage.o
SetAbsAlarm                                       build/kernel/alarm.o
SetEvent                                          build/kernel/event.o
SetRelAlarm                                       build/kernel/alarm.o
ShutdownHook                                      ../../../ecrobot/../ecrobot/libecrobot.a(osek_hook.o)
                                                  build/kernel/osctl.o
ShutdownOS                                        build/kernel/osctl.o
SignalCounter                                     build/kernel/alarm.o
StartOS                                           build/kernel/osctl.o
                                                  build/ecrobot.o
StartupHook                                       ../../../ecrobot/../ecrobot/libecrobot.a(osek_hook.o)
                                                  build/kernel/osctl.o
SuspendAllInterrupts                              build/kernel/interrupt.o
SuspendOSInterrupts                               build/kernel/interrupt.o
TaskMain                                          build/./kernel_cfg.o
TaskMainTaskMain                                  build/balance_linetrace.o
                                                  build/./kernel_cfg.o
TerminateTask                                     build/kernel/task_manage.o
WaitEvent                                         build/kernel/event.o
____adddf3_change_to_arm                          /cygdrive/C/cygwin/GNUARM/bin/../lib/gcc/arm-elf/4.0.2/../../../../arm-elf/lib/thumb/interwork/libc.a(strncpy.o)
____adddf3_from_thumb                             /cygdrive/C/cygwin/GNUARM/bin/../lib/gcc/arm-elf/4.0.2/../../../../arm-elf/lib/thumb/interwork/libc.a(strncpy.o)
____addsf3_change_to_arm                          /cygdrive/C/cygwin/GNUARM/bin/../lib/gcc/arm-elf/4.0.2/../../../../arm-elf/lib/thumb/interwork/libc.a(strncpy.o)
____addsf3_from_thumb                             /cygdrive/C/cygwin/GNUARM/bin/../lib/gcc/arm-elf/4.0.2/../../../../arm-elf/lib/thumb/interwork/libc.a(strncpy.o)
____divsf3_change_to_arm                          /cygdrive/C/cygwin/GNUARM/bin/../lib/gcc/arm-elf/4.0.2/../../../../arm-elf/lib/thumb/interwork/libc.a(strncpy.o)
____divsf3_from_thumb                             /cygdrive/C/cygwin/GNUARM/bin/../lib/gcc/arm-elf/4.0.2/../../../../arm-elf/lib/thumb/interwork/libc.a(strncpy.o)
____extendsfdf2_change_to_arm                     /cygdrive/C/cygwin/GNUARM/bin/../lib/gcc/arm-elf/4.0.2/../../../../arm-elf/lib/thumb/interwork/libc.a(strncpy.o)
____extendsfdf2_from_thumb                        /cygdrive/C/cygwin/GNUARM/bin/../lib/gcc/arm-elf/4.0.2/../../../../arm-elf/lib/thumb/interwork/libc.a(strncpy.o)
____fixsfsi_change_to_arm                         /cygdrive/C/cygwin/GNUARM/bin/../lib/gcc/arm-elf/4.0.2/../../../../arm-elf/lib/thumb/interwork/libc.a(strncpy.o)
____fixsfsi_from_thumb                            /cygdrive/C/cygwin/GNUARM/bin/../lib/gcc/arm-elf/4.0.2/../../../../arm-elf/lib/thumb/interwork/libc.a(strncpy.o)
____floatsidf_change_to_arm                       /cygdrive/C/cygwin/GNUARM/bin/../lib/gcc/arm-elf/4.0.2/../../../../arm-elf/lib/thumb/interwork/libc.a(strncpy.o)
____floatsidf_from_thumb                          /cygdrive/C/cygwin/GNUARM/bin/../lib/gcc/arm-elf/4.0.2/../../../../arm-elf/lib/thumb/interwork/libc.a(strncpy.o)
____floatsisf_change_to_arm                       /cygdrive/C/cygwin/GNUARM/bin/../lib/gcc/arm-elf/4.0.2/../../../../arm-elf/lib/thumb/interwork/libc.a(strncpy.o)
____floatsisf_from_thumb                          /cygdrive/C/cygwin/GNUARM/bin/../lib/gcc/arm-elf/4.0.2/../../../../arm-elf/lib/thumb/interwork/libc.a(strncpy.o)
____gesf2_change_to_arm                           /cygdrive/C/cygwin/GNUARM/bin/../lib/gcc/arm-elf/4.0.2/../../../../arm-elf/lib/thumb/interwork/libc.a(strncpy.o)
____gesf2_from_thumb                              /cygdrive/C/cygwin/GNUARM/bin/../lib/gcc/arm-elf/4.0.2/../../../../arm-elf/lib/thumb/interwork/libc.a(strncpy.o)
____gtdf2_change_to_arm                           /cygdrive/C/cygwin/GNUARM/bin/../lib/gcc/arm-elf/4.0.2/../../../../arm-elf/lib/thumb/interwork/libc.a(strncpy.o)
____gtdf2_from_thumb                              /cygdrive/C/cygwin/GNUARM/bin/../lib/gcc/arm-elf/4.0.2/../../../../arm-elf/lib/thumb/interwork/libc.a(strncpy.o)
____lesf2_change_to_arm                           /cygdrive/C/cygwin/GNUARM/bin/../lib/gcc/arm-elf/4.0.2/../../../../arm-elf/lib/thumb/interwork/libc.a(strncpy.o)
____lesf2_from_thumb                              /cygdrive/C/cygwin/GNUARM/bin/../lib/gcc/arm-elf/4.0.2/../../../../arm-elf/lib/thumb/interwork/libc.a(strncpy.o)
____muldf3_change_to_arm                          /cygdrive/C/cygwin/GNUARM/bin/../lib/gcc/arm-elf/4.0.2/../../../../arm-elf/lib/thumb/interwork/libc.a(strncpy.o)
____muldf3_from_thumb                             /cygdrive/C/cygwin/GNUARM/bin/../lib/gcc/arm-elf/4.0.2/../../../../arm-elf/lib/thumb/interwork/libc.a(strncpy.o)
____mulsf3_change_to_arm                          /cygdrive/C/cygwin/GNUARM/bin/../lib/gcc/arm-elf/4.0.2/../../../../arm-elf/lib/thumb/interwork/libc.a(strncpy.o)
____mulsf3_from_thumb                             /cygdrive/C/cygwin/GNUARM/bin/../lib/gcc/arm-elf/4.0.2/../../../../arm-elf/lib/thumb/interwork/libc.a(strncpy.o)
____subsf3_change_to_arm                          /cygdrive/C/cygwin/GNUARM/bin/../lib/gcc/arm-elf/4.0.2/../../../../arm-elf/lib/thumb/interwork/libc.a(strncpy.o)
____subsf3_from_thumb                             /cygdrive/C/cygwin/GNUARM/bin/../lib/gcc/arm-elf/4.0.2/../../../../arm-elf/lib/thumb/interwork/libc.a(strncpy.o)
____truncdfsf2_change_to_arm                      /cygdrive/C/cygwin/GNUARM/bin/../lib/gcc/arm-elf/4.0.2/../../../../arm-elf/lib/thumb/interwork/libc.a(strncpy.o)
____truncdfsf2_from_thumb                         /cygdrive/C/cygwin/GNUARM/bin/../lib/gcc/arm-elf/4.0.2/../../../../arm-elf/lib/thumb/interwork/libc.a(strncpy.o)
__adddf3                                          /cygdrive/C/cygwin/GNUARM/bin/../lib/gcc/arm-elf/4.0.2/thumb/interwork/libgcc.a(_addsubdf3.o)
                                                  build/balance_linetrace.o
__addsf3                                          /cygdrive/C/cygwin/GNUARM/bin/../lib/gcc/arm-elf/4.0.2/thumb/interwork/libgcc.a(_addsubsf3.o)
                                                  ../../../ecrobot/../ecrobot/libnxtway_gs_balancer.a(balancer.o)
                                                  build/balance_linetrace.o
__aeabi_cdcmpeq                                   /cygdrive/C/cygwin/GNUARM/bin/../lib/gcc/arm-elf/4.0.2/thumb/interwork/libgcc.a(_cmpdf2.o)
__aeabi_cdcmple                                   /cygdrive/C/cygwin/GNUARM/bin/../lib/gcc/arm-elf/4.0.2/thumb/interwork/libgcc.a(_cmpdf2.o)
__aeabi_cdrcmple                                  /cygdrive/C/cygwin/GNUARM/bin/../lib/gcc/arm-elf/4.0.2/thumb/interwork/libgcc.a(_cmpdf2.o)
__aeabi_cfcmpeq                                   /cygdrive/C/cygwin/GNUARM/bin/../lib/gcc/arm-elf/4.0.2/thumb/interwork/libgcc.a(_cmpsf2.o)
__aeabi_cfcmple                                   /cygdrive/C/cygwin/GNUARM/bin/../lib/gcc/arm-elf/4.0.2/thumb/interwork/libgcc.a(_cmpsf2.o)
__aeabi_cfrcmple                                  /cygdrive/C/cygwin/GNUARM/bin/../lib/gcc/arm-elf/4.0.2/thumb/interwork/libgcc.a(_cmpsf2.o)
__aeabi_d2f                                       /cygdrive/C/cygwin/GNUARM/bin/../lib/gcc/arm-elf/4.0.2/thumb/interwork/libgcc.a(_truncdfsf2.o)