Archive member included because of file (symbol)

../../../ecrobot/../ecrobot/libecrobot.a(ecrobot_HiTechnic.o)
                              build/task_cycle.o (ecrobot_get_gyro_sensor)
../../../ecrobot/../ecrobot/libecrobot.a(ecrobot_interface.o)
                              build/task_cycle.o (ecrobot_set_light_sensor_active)
../../../ecrobot/../ecrobot/libecrobot.a(colorsensor.o)
                              ../../../ecrobot/../ecrobot/libecrobot.a(ecrobot_interface.o) (colorsensor_init)
../../../ecrobot/../ecrobot/libecrobot.a(osek_hook.o)
                              build/kernel/osctl.o (StartupHook)
../../../ecrobot/../ecrobot/libecrobot.a(uart.oram)
                              build/config/at91sam7s-gnu/irq.oram (uart_isr_C_0)
../../../ecrobot/../ecrobot/libecrobot.a(systick.oram)
                              build/syslib/at91sam7s-gnu/lego_nxt/hw_sys_timer.oram (systick_low_priority_C)
../../../ecrobot/../ecrobot/libecrobot.a(byte_fifo.oram)
                              ../../../ecrobot/../ecrobot/libecrobot.a(uart.oram) (byte_fifo_put)
../../../ecrobot/../ecrobot/libecrobot.a(aic.oram)
                              ../../../ecrobot/../ecrobot/libecrobot.a(uart.oram) (aic_set_vector)
../../../ecrobot/../ecrobot/libecrobot.a(udp.oram)
                              build/config/at91sam7s-gnu/irq.oram (udp_isr_C)
../../../ecrobot/../ecrobot/libecrobot.a(twi.oram)
                              build/config/at91sam7s-gnu/irq.oram (twi_isr_C)
../../../ecrobot/../ecrobot/libecrobot.a(nxt_spi.oram)
                              build/config/at91sam7s-gnu/irq.oram (spi_isr_C)
../../../ecrobot/../ecrobot/libecrobot.a(nxt_motors.oram)
                              build/task_cycle.o (nxt_motor_get_count)
../../../ecrobot/../ecrobot/libecrobot.a(data_abort.oram)
                              build/ecrobot_init.o (data_abort_C)
../../../ecrobot/../ecrobot/libecrobot.a(display.oram)
                              build/ecrobot_base.o (display_update)
../../../ecrobot/../ecrobot/libecrobot.a(i2c.oram)
                              build/config/at91sam7s-gnu/irq.oram (i2c_timer_isr_C)
../../../ecrobot/../ecrobot/libecrobot.a(sound.oram)
                              ../../../ecrobot/../ecrobot/libecrobot.a(ecrobot_interface.o) (sound_get_time)
../../../ecrobot/../ecrobot/libecrobot.a(bt.oram)
                              build/ecrobot_bluetooth.o (bt_send)
../../../ecrobot/../ecrobot/libecrobot.a(nxt_avr.oram)
                              build/ecrobot_base.o (nxt_avr_power_down)
../../../ecrobot/../ecrobot/libecrobot.a(sensors.oram)
                              ../../../ecrobot/../ecrobot/libecrobot.a(ecrobot_interface.o) (unset_digi0)
../../../ecrobot/../ecrobot/libecrobot.a(sensors1.oram)
                              ../../../ecrobot/../ecrobot/libecrobot.a(colorsensor.o) (sensor_pins)
../../../ecrobot/../ecrobot/libecrobot.a(nxt_lcd.oram)
                              ../../../ecrobot/../ecrobot/libecrobot.a(display.oram) (nxt_lcd_force_update)
../../../ecrobot/../ecrobot/libecrobot.a(flash_loader.oram)
                              build/ecrobot.o (set_flash_request)
../../../ecrobot/../ecrobot/libecrobot.a(interrupts.oram)
                              ../../../ecrobot/../ecrobot/libecrobot.a(uart.oram) (interrupts_get_and_disable)
../../../ecrobot/../ecrobot/libecrobot.a(nxtosek_splash.obmp)
                              build/ecrobot_base.o (nxtosek_splash_bmp_start)
../../../ecrobot/../ecrobot/libecrobot.a(ecrobot_usb.o)
                              ../../../ecrobot/../ecrobot/libecrobot.a(flash_loader.oram) (ecrobot_init_usb)
../../../ecrobot/../ecrobot/libecrobot.a(flashprog.oram)
                              ../../../ecrobot/../ecrobot/libecrobot.a(flash_loader.oram) (flash_write_page)
../../../ecrobot/../ecrobot/libnxtway_gs_balancer.a(balancer.o)
                              build/task_cycle.o (balance_control)
/cygdrive/C/cygwin/GNUARM/bin/../lib/gcc/arm-elf/4.0.2/thumb/interwork/libgcc.a(_udivsi3.o)
                              build/ecrobot_base.o (__udivsi3)
/cygdrive/C/cygwin/GNUARM/bin/../lib/gcc/arm-elf/4.0.2/thumb/interwork/libgcc.a(_divsi3.o)
                              build/task_cycle.o (__divsi3)
/cygdrive/C/cygwin/GNUARM/bin/../lib/gcc/arm-elf/4.0.2/thumb/interwork/libgcc.a(_umodsi3.o)
                              ../../../ecrobot/../ecrobot/libecrobot.a(display.oram) (__umodsi3)
/cygdrive/C/cygwin/GNUARM/bin/../lib/gcc/arm-elf/4.0.2/thumb/interwork/libgcc.a(_modsi3.o)
                              ../../../ecrobot/../ecrobot/libecrobot.a(sound.oram) (__modsi3)
/cygdrive/C/cygwin/GNUARM/bin/../lib/gcc/arm-elf/4.0.2/thumb/interwork/libgcc.a(_dvmd_tls.o)
                              /cygdrive/C/cygwin/GNUARM/bin/../lib/gcc/arm-elf/4.0.2/thumb/interwork/libgcc.a(_udivsi3.o) (__div0)
/cygdrive/C/cygwin/GNUARM/bin/../lib/gcc/arm-elf/4.0.2/thumb/interwork/libgcc.a(_addsubdf3.o)
                              build/task_cycle.o (__adddf3)
[...]
Memory Configuration

Name             Origin             Length             Attributes
header_ram       0x001ffff0         0x00000010
vector_ram       0x00200000         0x00000040
ram              0x00200040         0x0000ffc0
*default*        0x00000000         0xffffffff

Linker script and memory map

LOAD build/kernel/alarm.o
LOAD build/kernel/event.o
LOAD build/kernel/interrupt.o
LOAD build/kernel/osctl.o
LOAD build/kernel/resource.o
LOAD build/kernel/task.o
LOAD build/kernel/task_manage.o
LOAD build/config/at91sam7s-gnu/cpu_config.o
LOAD build/config/at91sam7s-gnu/lego_nxt/sys_config.o
LOAD build/./kernel_cfg.o
LOAD build/syscalls.o
LOAD build/ecrobot_bluetooth.o
LOAD build/ecrobot_base.o
LOAD build/ecrobot.o
LOAD build/task_cycle.o
LOAD build/balancer_param.o
LOAD build/syslib/at91sam7s-gnu/lego_nxt/hw_sys_timer.oram
LOAD build/nxtvm/platform/nxt/vectors.o
LOAD build/config/at91sam7s-gnu/debug.o
LOAD build/config/at91sam7s-gnu/lego_nxt/sys_support.o
LOAD build/nxt_binary_header.o
LOAD build/nxt_entry_point.o
LOAD build/ecrobot_init.o
LOAD build/config/at91sam7s-gnu/cpu_support.oram
LOAD build/config/at91sam7s-gnu/irq.oram
LOAD ../../../ecrobot/../c++/liblejososek.a
LOAD ../../../ecrobot/../ecrobot/libecrobot.a
LOAD ../../../ecrobot/../ecrobot/libnxtway_gs_balancer.a
LOAD /cygdrive/C/cygwin/GNUARM/bin/../lib/gcc/arm-elf/4.0.2/../../../../arm-elf/lib/thumb/interwork/libstdc++.a
LOAD /cygdrive/C/cygwin/GNUARM/bin/../lib/gcc/arm-elf/4.0.2/../../../../arm-elf/lib/thumb/interwork/libm.a
LOAD /cygdrive/C/cygwin/GNUARM/bin/../lib/gcc/arm-elf/4.0.2/thumb/interwork/libgcc.a
LOAD /cygdrive/C/cygwin/GNUARM/bin/../lib/gcc/arm-elf/4.0.2/../../../../arm-elf/lib/thumb/interwork/libc.a
LOAD /cygdrive/C/cygwin/GNUARM/bin/../lib/gcc/arm-elf/4.0.2/thumb/interwork/libgcc.a
                0x00200000                RAM_BASE = 0x200000
                0x00010000                RAM_SIZE = 0x10000

.header         0x001ffff0       0x10
 *nxt_binary_header.o(*.text *.text.*)
 .text          0x001ffff0       0x10 build/nxt_binary_header.o
                0x00200000                . = ALIGN (0x10)

.vectors        0x00200000       0x40
 vectors.o(*.text *.text.*)
 .text          0x00200000       0x38 build/nxtvm/platform/nxt/vectors.o
                0x00200040                . = ALIGN (0x10)
 *fill*         0x00200038        0x8 00
                0x00200000                __vectors_ram_start__ = ADDR (.vectors)
                0x00200040                __vectors_ram_end__ = (ADDR (.vectors) + SIZEOF (.vectors))
                0x00200000                __vectors_load_start__ = LOADADDR (.vectors)
                0x00200040                __vectors_load_end__ = (LOADADDR (.vectors) + SIZEOF (.vectors))

.entry          0x00200040       0x40
 *nxt_entry_point.o(*.text *.text.*)
 .text          0x00200040       0x38 build/nxt_entry_point.o
                0x00200040                NXT_Entry_Point
                0x00200080                . = ALIGN (0x10)
 *fill*         0x00200078        0x8 00

.init           0x00200080      0x280
 *ecrobot_init.o(*.text *.text.*)
 .text          0x00200080      0x280 build/ecrobot_init.o
                0x002001ec                undef_handler
                0x002001f4                prefetch_abort_handler
                0x002001f8                data_abort_handler
                0x002001f0                swi_handler
                0x00200080                start
                0x00200214                reserved_handler
                0x00200300                . = ALIGN (0x10)

.ram_text       0x00200300     0x3470
                0x00200300                . = ALIGN (0x10)
 *.oram(*.text *.text.* *.glue*)
 .text.systick_isr_C1
                0x00200300       0x28 build/syslib/at91sam7s-gnu/lego_nxt/hw_sys_timer.oram
                0x00200300                systick_isr_C1
 *fill*         0x00200328        0x8 00
 .text          0x00200330      0x230 build/config/at91sam7s-gnu/cpu_support.oram
                0x00200510                enable_int
                0x002003b0                start_dispatch
                0x00200370                activate_r
                0x00200508                disable_int
                0x00200330                dispatch
                0x002004dc                int_return
                0x0020046c                _interrupt
                0x002003a0                exit_and_dispatch
                0x00200518                nop
 .text          0x00200560      0x2c0 build/config/at91sam7s-gnu/irq.oram
                0x00200560                default_isr
                0x002006ec                uart_isr_entry_0
                0x0020066c                twi_isr_entry
                0x0020072c                uart_isr_entry_1
                0x0020062c                spi_isr_entry
                0x002005ac                systick_low_priority_entry
                0x0020076c                nxt_motor_isr_entry
                0x002007ac                i2c_timer_isr_entry
                0x00200560                default_fiq
                0x00200564                systick_isr_entry
                0x00200560                spurious_isr
                0x002006ac                sound_isr_entry
                0x002005ec                udp_isr_entry
 .text.uart_process_isr
                0x00200820       0x88 ../../../ecrobot/../ecrobot/libecrobot.a(uart.oram)
 .text.uart_isr_C_0
                0x002008a8        0xc ../../../ecrobot/../ecrobot/libecrobot.a(uart.oram)
                0x002008a8                uart_isr_C_0
 .text.uart_isr_C_1
                0x002008b4        0xc ../../../ecrobot/../ecrobot/libecrobot.a(uart.oram)
                0x002008b4                uart_isr_C_1
 .text.systick_low_priority_C
                0x002008c0       0x1c ../../../ecrobot/../ecrobot/libecrobot.a(systick.oram)
                0x002008c0                systick_low_priority_C
 .text.systick_isr_C
                0x002008dc       0x24 ../../../ecrobot/../ecrobot/libecrobot.a(systick.oram)
                0x002008dc                systick_isr_C
 .text.systick_get_ms
                0x00200900        0xc ../../../ecrobot/../ecrobot/libecrobot.a(systick.oram)
                0x00200900                systick_get_ms
 .text.systick_wait_ms
                0x0020090c       0x1c ../../../ecrobot/../ecrobot/libecrobot.a(systick.oram)
                0x0020090c                systick_wait_ms
 .text.systick_wait_ns
                0x00200928       0x1c ../../../ecrobot/../ecrobot/libecrobot.a(systick.oram)
                0x00200928                systick_wait_ns
 .text.systick_init
                0x00200944       0x58 ../../../ecrobot/../ecrobot/libecrobot.a(systick.oram)
                0x00200944                systick_init
 .text.systick_suspend
                0x0020099c        0xc ../../../ecrobot/../ecrobot/libecrobot.a(systick.oram)
                0x0020099c                systick_suspend
 .text.systick_resume
                0x002009a8        0xc ../../../ecrobot/../ecrobot/libecrobot.a(systick.oram)
                0x002009a8                systick_resume
 .text.byte_fifo_put
                0x002009b4       0x58 ../../../ecrobot/../ecrobot/libecrobot.a(byte_fifo.oram)
                0x002009b4                byte_fifo_put
 .text.byte_fifo_get
                0x00200a0c       0x2c ../../../ecrobot/../ecrobot/libecrobot.a(byte_fifo.oram)
                0x00200a0c                byte_fifo_get
 .text.aic_initialise
                0x00200a38       0x5c ../../../ecrobot/../ecrobot/libecrobot.a(aic.oram)
                0x00200a38                aic_initialise
 .text.aic_set_vector
                0x00200a94       0x30 ../../../ecrobot/../ecrobot/libecrobot.a(aic.oram)
                0x00200a94                aic_set_vector
 .text.aic_mask_on
                0x00200ac4       0x24 ../../../ecrobot/../ecrobot/libecrobot.a(aic.oram)
                0x00200ac4                aic_mask_on
 .text.aic_mask_off
                0x00200ae8       0x24 ../../../ecrobot/../ecrobot/libecrobot.a(aic.oram)
                0x00200ae8                aic_mask_off
 .text.aic_clear
                0x00200b0c       0x24 ../../../ecrobot/../ecrobot/libecrobot.a(aic.oram)
                0x00200b0c                aic_clear
 .text.reset    0x00200b30       0x4c ../../../ecrobot/../ecrobot/libecrobot.a(udp.oram)
 .text.udp_send_null
                0x00200b7c       0x2c ../../../ecrobot/../ecrobot/libecrobot.a(udp.oram)
 .text.udp_send_stall
                0x00200ba8       0x2c ../../../ecrobot/../ecrobot/libecrobot.a(udp.oram)
 .text.udp_send_control
                0x00200bd4       0x60 ../../../ecrobot/../ecrobot/libecrobot.a(udp.oram)
 .text.udp_isr_C
                0x00200c34      0x7d0 ../../../ecrobot/../ecrobot/libecrobot.a(udp.oram)
                0x00200c34                udp_isr_C
 .text.twi_status
                0x00201404       0x20 ../../../ecrobot/../ecrobot/libecrobot.a(twi.oram)
                0x00201404                twi_status
 .text.twi_isr_C
                0x00201424       0xc4 ../../../ecrobot/../ecrobot/libecrobot.a(twi.oram)
                0x00201424                twi_isr_C
 .text.twi_reset
                0x002014e8       0xb4 ../../../ecrobot/../ecrobot/libecrobot.a(twi.oram)
                0x002014e8                twi_reset
 .text.twi_init
                0x0020159c       0x4c ../../../ecrobot/../ecrobot/libecrobot.a(twi.oram)
                0x0020159c                twi_init
 .text.twi_start_read
                0x002015e8       0x60 ../../../ecrobot/../ecrobot/libecrobot.a(twi.oram)
                0x002015e8                twi_start_read
 .text.twi_start_write
                0x00201648       0x64 ../../../ecrobot/../ecrobot/libecrobot.a(twi.oram)
                0x00201648                twi_start_write
 .text.spi_set_mode
                0x002016ac       0x40 ../../../ecrobot/../ecrobot/libecrobot.a(nxt_spi.oram)
 .text.spi_isr_C
                0x002016ec       0x8c ../../../ecrobot/../ecrobot/libecrobot.a(nxt_spi.oram)
                0x002016ec                spi_isr_C
 .text.nxt_spi_init
                0x00201778      0x12c ../../../ecrobot/../ecrobot/libecrobot.a(nxt_spi.oram)
                0x00201778                nxt_spi_init
 .text.nxt_spi_write
                0x002018a4       0x44 ../../../ecrobot/../ecrobot/libecrobot.a(nxt_spi.oram)
                0x002018a4                nxt_spi_write
 .text.nxt_spi_set_display
                0x002018e8       0x10 ../../../ecrobot/../ecrobot/libecrobot.a(nxt_spi.oram)
                0x002018e8                nxt_spi_set_display
 .text.nxt_spi_refresh
                0x002018f8       0x24 ../../../ecrobot/../ecrobot/libecrobot.a(nxt_spi.oram)
                0x002018f8                nxt_spi_refresh
 .text.nxt_motor_get_count
                0x0020191c       0x14 ../../../ecrobot/../ecrobot/libecrobot.a(nxt_motors.oram)
                0x0020191c                nxt_motor_get_count
 .text.nxt_motor_set_count
                0x00201930       0x10 ../../../ecrobot/../ecrobot/libecrobot.a(nxt_motors.oram)
                0x00201930                nxt_motor_set_count
 .text.nxt_motor_set_speed
                0x00201940       0x34 ../../../ecrobot/../ecrobot/libecrobot.a(nxt_motors.oram)
                0x00201940                nxt_motor_set_speed
 .text.nxt_motor_1kHz_process
                0x00201974       0x28 ../../../ecrobot/../ecrobot/libecrobot.a(nxt_motors.oram)
                0x00201974                nxt_motor_1kHz_process
 .text.nxt_motor_quad_decode
                0x0020199c       0x30 ../../../ecrobot/../ecrobot/libecrobot.a(nxt_motors.oram)
                0x0020199c                nxt_motor_quad_decode
 .text.nxt_motor_isr_C
                0x002019cc       0x88 ../../../ecrobot/../ecrobot/libecrobot.a(nxt_motors.oram)
                0x002019cc                nxt_motor_isr_C
 .text.nxt_motor_init
                0x00201a54       0x68 ../../../ecrobot/../ecrobot/libecrobot.a(nxt_motors.oram)
                0x00201a54                nxt_motor_init
 .text.data_abort_C
                0x00201abc       0x7c ../../../ecrobot/../ecrobot/libecrobot.a(data_abort.oram)
                0x00201abc                data_abort_C
 .text.display_update
                0x00201b38       0x14 ../../../ecrobot/../ecrobot/libecrobot.a(display.oram)
                0x00201b38                display_update
 .text.display_force_update
                0x00201b4c        0xc ../../../ecrobot/../ecrobot/libecrobot.a(display.oram)
                0x00201b4c                display_force_update
 .text.display_clear
                0x00201b58       0x24 ../../../ecrobot/../ecrobot/libecrobot.a(display.oram)
                0x00201b58                display_clear
 .text.display_goto_xy
                0x00201b7c       0x14 ../../../ecrobot/../ecrobot/libecrobot.a(display.oram)
                0x00201b7c                display_goto_xy
 .text.display_char
                0x00201b90       0x60 ../../../ecrobot/../ecrobot/libecrobot.a(display.oram)
                0x00201b90                display_char
 .text.display_string
                0x00201bf0       0x3c ../../../ecrobot/../ecrobot/libecrobot.a(display.oram)
                0x00201bf0                display_string
 .text.display_hex
                0x00201c2c       0x50 ../../../ecrobot/../ecrobot/libecrobot.a(display.oram)
                0x00201c2c                display_hex
 .text.display_unsigned_worker
                0x00201c7c       0x70 ../../../ecrobot/../ecrobot/libecrobot.a(display.oram)
 .text.display_unsigned
                0x00201cec        0xc ../../../ecrobot/../ecrobot/libecrobot.a(display.oram)
                0x00201cec                display_unsigned
 .text.display_int
                0x00201cf8       0x14 ../../../ecrobot/../ecrobot/libecrobot.a(display.oram)
                0x00201cf8                display_int
 .text.display_bitmap_copy
                0x00201d0c       0x5c ../../../ecrobot/../ecrobot/libecrobot.a(display.oram)
                0x00201d0c                display_bitmap_copy
 .text.display_init
                0x00201d68       0x50 ../../../ecrobot/../ecrobot/libecrobot.a(display.oram)
                0x00201d68                display_init
 .text.i2c_timer_isr_C
                0x00201db8      0x314 ../../../ecrobot/../ecrobot/libecrobot.a(i2c.oram)
                0x00201db8                i2c_timer_isr_C
 .text.i2c_disable
                0x002020cc       0x20 ../../../ecrobot/../ecrobot/libecrobot.a(i2c.oram)
                0x002020cc                i2c_disable
 .text.i2c_enable
                0x002020ec       0x40 ../../../ecrobot/../ecrobot/libecrobot.a(i2c.oram)
                0x002020ec                i2c_enable
 .text.i2c_init
                0x0020212c       0xa4 ../../../ecrobot/../ecrobot/libecrobot.a(i2c.oram)
                0x0020212c                i2c_init
 .text.i2c_busy
                0x002021d0       0x24 ../../../ecrobot/../ecrobot/libecrobot.a(i2c.oram)
                0x002021d0                i2c_busy
 .text.i2c_start_transaction
                0x002021f4      0x108 ../../../ecrobot/../ecrobot/libecrobot.a(i2c.oram)
                0x002021f4                i2c_start_transaction
 .text.sound_fill_sample_buffer
                0x002022fc       0xe4 ../../../ecrobot/../ecrobot/libecrobot.a(sound.oram)
                0x002022fc                sound_fill_sample_buffer
 .text.sound_init
                0x002023e0       0xa0 ../../../ecrobot/../ecrobot/libecrobot.a(sound.oram)
                0x002023e0                sound_init
 .text.sound_isr_C
                0x00202480      0x144 ../../../ecrobot/../ecrobot/libecrobot.a(sound.oram)
                0x00202480                sound_isr_C
 .text.bt_init  0x002025c4      0x1c0 ../../../ecrobot/../ecrobot/libecrobot.a(bt.oram)
                0x002025c4                bt_init
 .text.bt_send  0x00202784       0x5c ../../../ecrobot/../ecrobot/libecrobot.a(bt.oram)
                0x00202784                bt_send
 .text.bt_write
                0x002027e0       0x70 ../../../ecrobot/../ecrobot/libecrobot.a(bt.oram)
                0x002027e0                bt_write
 .text.bt_pending
                0x00202850       0x50 ../../../ecrobot/../ecrobot/libecrobot.a(bt.oram)
                0x00202850                bt_pending
 .text.bt_clear_arm7_cmd
                0x002028a0       0x10 ../../../ecrobot/../ecrobot/libecrobot.a(bt.oram)
                0x002028a0                bt_clear_arm7_cmd
 .text.bt_set_arm7_cmd
                0x002028b0       0x10 ../../../ecrobot/../ecrobot/libecrobot.a(bt.oram)
                0x002028b0                bt_set_arm7_cmd
 .text.bt_receive
                0x002028c0      0x160 ../../../ecrobot/../ecrobot/libecrobot.a(bt.oram)
                0x002028c0                bt_receive
 .text.bt_reset
                0x00202a20       0x84 ../../../ecrobot/../ecrobot/libecrobot.a(bt.oram)
                0x00202a20                bt_reset
 .text.nxt_avr_power_down
                0x00202aa4       0x10 ../../../ecrobot/../ecrobot/libecrobot.a(nxt_avr.oram)
                0x00202aa4                nxt_avr_power_down
 .text.nxt_avr_link_init
                0x00202ab4       0x20 ../../../ecrobot/../ecrobot/libecrobot.a(nxt_avr.oram)
                0x00202ab4                nxt_avr_link_init
 .text.nxt_avr_init
                0x00202ad4       0x6c ../../../ecrobot/../ecrobot/libecrobot.a(nxt_avr.oram)
                0x00202ad4                nxt_avr_init
 .text.nxt_avr_1kHz_update
                0x00202b40      0x1cc ../../../ecrobot/../ecrobot/libecrobot.a(nxt_avr.oram)
                0x00202b40                nxt_avr_1kHz_update
 .text.buttons_get
                0x00202d0c        0xc ../../../ecrobot/../ecrobot/libecrobot.a(nxt_avr.oram)
                0x00202d0c                buttons_get
 .text.battery_voltage
                0x00202d18       0x28 ../../../ecrobot/../ecrobot/libecrobot.a(nxt_avr.oram)
                0x00202d18                battery_voltage
 .text.sensor_adc
                0x00202d40       0x20 ../../../ecrobot/../ecrobot/libecrobot.a(nxt_avr.oram)
                0x00202d40                sensor_adc
 .text.nxt_avr_set_motor
                0x00202d60       0x34 ../../../ecrobot/../ecrobot/libecrobot.a(nxt_avr.oram)
                0x00202d60                nxt_avr_set_motor
 .text.nxt_avr_set_input_power
                0x00202d94       0x3c ../../../ecrobot/../ecrobot/libecrobot.a(nxt_avr.oram)
                0x00202d94                nxt_avr_set_input_power
 .text.unset_digi0
                0x00202dd0       0x44 ../../../ecrobot/../ecrobot/libecrobot.a(sensors.oram)
                0x00202dd0                unset_digi0
 .text.unset_digi1
                0x00202e14       0x44 ../../../ecrobot/../ecrobot/libecrobot.a(sensors.oram)
                0x00202e14                unset_digi1
 .text.init_sensors
                0x00202e58       0x4c ../../../ecrobot/../ecrobot/libecrobot.a(sensors.oram)
                0x00202e58                init_sensors
 .text.set_digi0
                0x00202ea4       0x44 ../../../ecrobot/../ecrobot/libecrobot.a(sensors.oram)
                0x00202ea4                set_digi0
 .text.nxt_lcd_command
                0x00202ee8       0x18 ../../../ecrobot/../ecrobot/libecrobot.a(nxt_lcd.oram)
                0x00202ee8                nxt_lcd_command
 .text.nxt_lcd_set_col
                0x00202f00       0x24 ../../../ecrobot/../ecrobot/libecrobot.a(nxt_lcd.oram)
                0x00202f00                nxt_lcd_set_col
 .text.nxt_lcd_set_multiplex_rate
                0x00202f24       0x18 ../../../ecrobot/../ecrobot/libecrobot.a(nxt_lcd.oram)
                0x00202f24                nxt_lcd_set_multiplex_rate
 .text.nxt_lcd_set_page_address
                0x00202f3c       0x18 ../../../ecrobot/../ecrobot/libecrobot.a(nxt_lcd.oram)
                0x00202f3c                nxt_lcd_set_page_address
 .text.nxt_lcd_set_pot
                0x00202f54       0x1c ../../../ecrobot/../ecrobot/libecrobot.a(nxt_lcd.oram)
                0x00202f54                nxt_lcd_set_pot
 .text.nxt_lcd_set_ram_address_control
                0x00202f70       0x18 ../../../ecrobot/../ecrobot/libecrobot.a(nxt_lcd.oram)
                0x00202f70                nxt_lcd_set_ram_address_control
 .text.nxt_lcd_enable
                0x00202f88       0x14 ../../../ecrobot/../ecrobot/libecrobot.a(nxt_lcd.oram)
                0x00202f88                nxt_lcd_enable
 .text.nxt_lcd_set_map_control
                0x00202f9c       0x18 ../../../ecrobot/../ecrobot/libecrobot.a(nxt_lcd.oram)
                0x00202f9c                nxt_lcd_set_map_control
 .text.nxt_lcd_reset
                0x00202fb4        0xc ../../../ecrobot/../ecrobot/libecrobot.a(nxt_lcd.oram)
                0x00202fb4                nxt_lcd_reset
 .text.nxt_lcd_set_bias_ratio
                0x00202fc0       0x18 ../../../ecrobot/../ecrobot/libecrobot.a(nxt_lcd.oram)
                0x00202fc0                nxt_lcd_set_bias_ratio
 .text.nxt_lcd_force_update
                0x00202fd8       0x30 ../../../ecrobot/../ecrobot/libecrobot.a(nxt_lcd.oram)
                0x00202fd8                nxt_lcd_force_update
 .text.nxt_lcd_update
                0x00203008        0xc ../../../ecrobot/../ecrobot/libecrobot.a(nxt_lcd.oram)
                0x00203008                nxt_lcd_update
 .text.nxt_lcd_power_up
                0x00203014       0x48 ../../../ecrobot/../ecrobot/libecrobot.a(nxt_lcd.oram)
                0x00203014                nxt_lcd_power_up
 .text.nxt_lcd_power_down
                0x0020305c        0xc ../../../ecrobot/../ecrobot/libecrobot.a(nxt_lcd.oram)
                0x0020305c                nxt_lcd_power_down
 .text.nxt_lcd_init
                0x00203068       0x18 ../../../ecrobot/../ecrobot/libecrobot.a(nxt_lcd.oram)
                0x00203068                nxt_lcd_init
 .text.verify_flash_page
                0x00203080       0x34 ../../../ecrobot/../ecrobot/libecrobot.a(flash_loader.oram)
 .text.set_flash_request
                0x002030b4       0x38 ../../../ecrobot/../ecrobot/libecrobot.a(flash_loader.oram)
                0x002030b4                set_flash_request
 .text.nxt_device_init
                0x002030ec       0x38 ../../../ecrobot/../ecrobot/libecrobot.a(flash_loader.oram)
                0x002030ec                nxt_device_init
 .text          0x00203124       0x68 ../../../ecrobot/../ecrobot/libecrobot.a(interrupts.oram)
                0x0020317c                fiq_enable
                0x00203124                interrupts_get_and_disable
                0x00203158                fiq_get_and_disable
                0x00203148                interrupts_enable
 .text.flash_write_page
                0x0020318c       0xc0 ../../../ecrobot/../ecrobot/libecrobot.a(flashprog.oram)
                0x0020318c                flash_write_page
                0x00203250                . = ALIGN (0x10)
 *fill*         0x0020324c        0x4 00
 *.oram(*.rodata *.rodata.*)
 .rodata.ld     0x00203250        0x4 ../../../ecrobot/../ecrobot/libecrobot.a(udp.oram)
 .rodata.cfd    0x00203254       0x20 ../../../ecrobot/../ecrobot/libecrobot.a(udp.oram)
 .rodata.dd     0x00203274       0x12 ../../../ecrobot/../ecrobot/libecrobot.a(udp.oram)
 *fill*         0x00203286        0x2 00
 .rodata.str1.4
                0x00203288       0x22 ../../../ecrobot/../ecrobot/libecrobot.a(data_abort.oram)
                                 0x24 (size before relaxing)
 .rodata.font   0x002032aa      0x280 ../../../ecrobot/../ecrobot/libecrobot.a(display.oram)
 *fill*         0x0020352a        0x2 00
 .rodata.str1.4
                0x0020352c       0x76 ../../../ecrobot/../ecrobot/libecrobot.a(display.oram)
                                 0x78 (size before relaxing)
 *fill*         0x002035a2        0x2 00
 .rodata.i2c_pin
                0x002035a4       0x20 ../../../ecrobot/../ecrobot/libecrobot.a(i2c.oram)
 .rodata.i2c_timer_isr_C
                0x002035c4       0x38 ../../../ecrobot/../ecrobot/libecrobot.a(i2c.oram)
 .rodata.silence
                0x002035fc       0x40 ../../../ecrobot/../ecrobot/libecrobot.a(sound.oram)
                0x002035fc                silence
 .rodata.sample_pattern
                0x0020363c       0x84 ../../../ecrobot/../ecrobot/libecrobot.a(sound.oram)
                0x0020363c                sample_pattern
 .rodata        0x002036c0        0xc ../../../ecrobot/../ecrobot/libecrobot.a(sound.oram)
 .rodata.avr_brainwash_string
                0x002036cc       0x30 ../../../ecrobot/../ecrobot/libecrobot.a(nxt_avr.oram)
                0x002036cc                avr_brainwash_string
 .rodata.nxt_avr_1kHz_update
                0x002036fc       0x14 ../../../ecrobot/../ecrobot/libecrobot.a(nxt_avr.oram)
 .rodata.C.33.1823
                0x00203710       0x10 ../../../ecrobot/../ecrobot/libecrobot.a(sensors.oram)
 .rodata.C.37.1857
                0x00203720       0x10 ../../../ecrobot/../ecrobot/libecrobot.a(sensors.oram)
 .rodata.C.31.1806
                0x00203730       0x10 ../../../ecrobot/../ecrobot/libecrobot.a(sensors.oram)
 .rodata.str1.4
                0x00203740       0x23 ../../../ecrobot/../ecrobot/libecrobot.a(flash_loader.oram)
                                 0x24 (size before relaxing)
                0x00203770                . = ALIGN (0x10)
 *fill*         0x00203763        0xd 00
                0x00200300                __ramtext_ram_start__ = ADDR (.ram_text)
                0x00203770                __ramtext_ram_end__ = (ADDR (.ram_text) + SIZEOF (.ram_text))
                0x00200300                __ramtext_load_start__ = LOADADDR (.ram_text)
                0x00203770                __ramtext_load_end__ = (__ramtext_load_start__ + SIZEOF (.ram_text))

.wav_data       0x00203770        0x0
 *.owav(*.data *.data.*)
                0x00203770                . = ALIGN (0x10)

.bmp_data       0x00203770      0x440
 *.obmp(*.data *.data.*)
 .data          0x00203770      0x43e ../../../ecrobot/../ecrobot/libecrobot.a(nxtosek_splash.obmp)
                0x00203770                nxtosek_splash_bmp_start
                0x00203bae                nxtosek_splash_bmp_end
                0x00203bb0                . = ALIGN (0x10)
 *fill*         0x00203bae        0x2 00

.spr_data       0x00203bb0        0x0
 *.ospr(*.data *.data.*)
                0x00203bb0                . = ALIGN (0x10)

.data           0x00203bb0       0x90
 *(*.data *.data.*)
 .data.bt_status
                0x00203bb0        0x1 build/ecrobot_bluetooth.o
 *fill*         0x00203bb1        0x3 00
 .data.K_THETADOT
                0x00203bb4        0x4 build/balancer_param.o
                0x00203bb4                K_THETADOT
 .data.K_PHIDOT
                0x00203bb8        0x4 build/balancer_param.o
                0x00203bb8                K_PHIDOT
 .data.K_I      0x00203bbc        0x4 build/balancer_param.o
                0x00203bbc                K_I
 .data.K_F      0x00203bc0       0x10 build/balancer_param.o
                0x00203bc0                K_F
 .data.A_R      0x00203bd0        0x4 build/balancer_param.o
                0x00203bd0                A_R
 .data.A_D      0x00203bd4        0x4 build/balancer_param.o
                0x00203bd4                A_D
 .data.distance_state
                0x00203bd8       0x10 ../../../ecrobot/../ecrobot/libecrobot.a(ecrobot_interface.o)
 .data.deviceStatus
                0x00203be8        0x1 ../../../ecrobot/../ecrobot/libecrobot.a(ecrobot_interface.o)
 .bss.data.2670
                0x00203be9        0x4 ../../../ecrobot/../ecrobot/libecrobot.a(ecrobot_interface.o)
 .data.named    0x00203bed       0x22 ../../../ecrobot/../ecrobot/libecrobot.a(udp.oram)
 .data.snd      0x00203c0f       0x1a ../../../ecrobot/../ecrobot/libecrobot.a(udp.oram)
 *fill*         0x00203c29        0x3 00
 .data.configured
                0x00203c2c        0x4 ../../../ecrobot/../ecrobot/libecrobot.a(udp.oram)
 .data.mode     0x00203c30        0x1 ../../../ecrobot/../ecrobot/libecrobot.a(nxt_spi.oram)
                0x00203c30                mode
 *fill*         0x00203c31        0x3 00
 .bss.data      0x00203c34        0x4 ../../../ecrobot/../ecrobot/libecrobot.a(nxt_spi.oram)
                0x00203c34                data
 .data.display_auto_update
                0x00203c38        0x4 ../../../ecrobot/../ecrobot/libecrobot.a(display.oram)
                0x00203c38                display_auto_update
 .data.display_buffer
                0x00203c3c        0x4 ../../../ecrobot/../ecrobot/libecrobot.a(display.oram)
                0x00203c40                . = ALIGN (0x10)
                0x00203bb0                __data_ram_start__ = ADDR (.data)
                0x00203c40                __data_ram_end__ = (ADDR (.data) + SIZEOF (.data))
                0x00203bb0                __data_load_start__ = LOADADDR (.data)
                0x00203c40                __data_load_end__ = (__data_load_start__ + SIZEOF (.data))

.text           0x00203c40     0x3050
                0x00203c40                . = ALIGN (0x10)
 *(*.text *.text.* *.glue*)
 .text.enqueue_alarm
                0x00203c40       0x90 build/kernel/alarm.o
 .text.alarm_initialize
                0x00203cd0       0x98 build/kernel/alarm.o
                0x00203cd0                alarm_initialize
 .text.SignalCounter
                0x00203d68      0x134 build/kernel/alarm.o
                0x00203d68                SignalCounter
 .text.StartOS  0x00203e9c       0x58 build/kernel/osctl.o
                0x00203e9c                StartOS
 .text.ShutdownOS
                0x00203ef4       0x4c build/kernel/osctl.o
                0x00203ef4                ShutdownOS
 .text.call_pretaskhook
                0x00203f40       0x24 build/kernel/osctl.o
                0x00203f40                call_pretaskhook
 .text.call_errorhook
                0x00203f64       0x78 build/kernel/osctl.o
                0x00203f64                call_errorhook
 .text.call_posttaskhook
                0x00203fdc       0x24 build/kernel/osctl.o
                0x00203fdc                call_posttaskhook
 .text.search_schedtsk
                0x00204000       0x94 build/kernel/task.o
                0x00204000                search_schedtsk
 .text.make_runnable
                0x00204094       0xac build/kernel/task.o
                0x00204094                make_runnable
 .text.make_active
                0x00204140       0x78 build/kernel/task.o
                0x00204140                make_active
 .text.task_initialize
                0x002041b8       0x90 build/kernel/task.o
                0x002041b8                task_initialize
 .text.ActivateTask
                0x00204248       0x8c build/kernel/task_manage.o
                0x00204248                ActivateTask
 .text.TerminateTask
                0x002042d4       0x74 build/kernel/task_manage.o
                0x002042d4                TerminateTask
 .text.cpu_initialize
                0x00204348        0x4 build/config/at91sam7s-gnu/cpu_config.o
                0x00204348                cpu_initialize
 .text.cpu_terminate
                0x0020434c        0x4 build/config/at91sam7s-gnu/cpu_config.o
                0x0020434c                cpu_terminate
 .text.sys_initialize
                0x00204350        0x4 build/config/at91sam7s-gnu/lego_nxt/sys_config.o
                0x00204350                sys_initialize
 .text.sys_exit
                0x00204354        0x4 build/config/at91sam7s-gnu/lego_nxt/sys_config.o
                0x00204354                sys_exit
 .text._activate_alarm_cyclic_alarm1
                0x00204358        0xc build/./kernel_cfg.o
 .text._activate_alarm_cyclic_alarm2
                0x00204364        0xc build/./kernel_cfg.o
 .text.object_initialize
                0x00204370       0x10 build/./kernel_cfg.o
                0x00204370                object_initialize
 .text.send_bt_command
                0x00204380       0x40 build/ecrobot_bluetooth.o
 .text.read_bt_command
                0x002043c0       0x5c build/ecrobot_bluetooth.o
 .text.getLocalAddress
                0x0020441c       0x64 build/ecrobot_bluetooth.o
 .text.ecrobot_open_bt_stream
                0x00204480       0x44 build/ecrobot_bluetooth.o
 .text.ecrobot_init_bt_slave
                0x002044c4      0x12c build/ecrobot_bluetooth.o
                0x002044c4                ecrobot_init_bt_slave
 .text.ecrobot_term_bt_connection
                0x002045f0       0x48 build/ecrobot_bluetooth.o
                0x002045f0                ecrobot_term_bt_connection
 .text.ecrobot_send_bt_packet
                0x00204638       0x54 build/ecrobot_bluetooth.o
                0x00204638                ecrobot_send_bt_packet
 .text.ecrobot_read_bt_packet
                0x0020468c       0x4c build/ecrobot_bluetooth.o
                0x0020468c                ecrobot_read_bt_packet
 .text.init_OS_flag
                0x002046d8        0xc build/ecrobot_base.o
                0x002046d8                init_OS_flag
 .text.set_OS_flag
                0x002046e4        0xc build/ecrobot_base.o
                0x002046e4                set_OS_flag
 .text.get_OS_flag
                0x002046f0        0xc build/ecrobot_base.o
                0x002046f0                get_OS_flag
 .text.cpp_constructor
                0x002046fc       0x28 build/ecrobot_base.o
                0x002046fc                cpp_constructor
 .text.cpp_destructor
                0x00204724       0x28 build/ecrobot_base.o
                0x00204724                cpp_destructor
 .text.execution_mode
                0x0020474c       0x24 build/ecrobot_base.o
                0x0020474c                execution_mode
 .text.show_main_screen
                0x00204770       0x48 build/ecrobot_base.o
                0x00204770                show_main_screen
 .text.display_status_bar
                0x002047b8       0x5c build/ecrobot_base.o
                0x002047b8                display_status_bar
 .text.check_NXT_buttons
                0x00204814       0x7c build/ecrobot_base.o
                0x00204814                check_NXT_buttons
 .text.show_bd_addr
                0x00204890       0x44 build/ecrobot_base.o
                0x00204890                show_bd_addr
 .text.show_bd_addr_err
                0x002048d4       0x3c build/ecrobot_base.o
                0x002048d4                show_bd_addr_err
 .text.add_status_info
                0x00204910       0x68 build/ecrobot_base.o
                0x00204910                add_status_info
 .text.show_splash_screen
                0x00204978       0x90 build/ecrobot_base.o
                0x00204978                show_splash_screen
 .text.main     0x00204a08      0x108 build/ecrobot.o
                0x00204a08                main
 .text.ecrobot_device_initialize
                0x00204b10       0x38 build/task_cycle.o
                0x00204b10                ecrobot_device_initialize
 .text.ecrobot_device_terminate
                0x00204b48       0x2c build/task_cycle.o
                0x00204b48                ecrobot_device_terminate
 .text.user_1ms_isr_type2
                0x00204b74       0x14 build/task_cycle.o
                0x00204b74                user_1ms_isr_type2
 .text.calibration
                0x00204b88       0xd0 build/task_cycle.o
                0x00204b88                calibration
 .text.TaskMainTask1
                0x00204c58      0x340 build/task_cycle.o
                0x00204c58                TaskMainTask1
 .text.TaskMainTask2
                0x00204f98       0x18 build/task_cycle.o
                0x00204f98                TaskMainTask2
 .text.TaskMainTask_bg
                0x00204fb0        0xc build/task_cycle.o
                0x00204fb0                TaskMainTask_bg
 .text.ecrobot_get_gyro_sensor
                0x00204fbc       0x14 ../../../ecrobot/../ecrobot/libecrobot.a(ecrobot_HiTechnic.o)
                0x00204fbc                ecrobot_get_gyro_sensor
 .text.ecrobot_set_light_sensor_active
                0x00204fd0       0x10 ../../../ecrobot/../ecrobot/libecrobot.a(ecrobot_interface.o)
                0x00204fd0                ecrobot_set_light_sensor_active
 .text.ecrobot_set_light_sensor_inactive
                0x00204fe0       0x10 ../../../ecrobot/../ecrobot/libecrobot.a(ecrobot_interface.o)
                0x00204fe0                ecrobot_set_light_sensor_inactive
 .text.ecrobot_get_light_sensor
                0x00204ff0       0x14 ../../../ecrobot/../ecrobot/libecrobot.a(ecrobot_interface.o)
                0x00204ff0                ecrobot_get_light_sensor
 .text.ecrobot_get_touch_sensor
                0x00205004       0x20 ../../../ecrobot/../ecrobot/libecrobot.a(ecrobot_interface.o)
                0x00205004                ecrobot_get_touch_sensor
 .text.ecrobot_init_i2c
                0x00205024       0x28 ../../../ecrobot/../ecrobot/libecrobot.a(ecrobot_interface.o)
                0x00205024                ecrobot_init_i2c
 .text.getDistance
                0x0020504c       0x20 ../../../ecrobot/../ecrobot/libecrobot.a(ecrobot_interface.o)
 .text.ecrobot_init_sonar_sensor
                0x0020506c       0x10 ../../../ecrobot/../ecrobot/libecrobot.a(ecrobot_interface.o)
                0x0020506c                ecrobot_init_sonar_sensor
 .text.ecrobot_get_sonar_sensor
                0x0020507c       0x48 ../../../ecrobot/../ecrobot/libecrobot.a(ecrobot_interface.o)
                0x0020507c                ecrobot_get_sonar_sensor
 .text.ecrobot_term_sonar_sensor
                0x002050c4       0x20 ../../../ecrobot/../ecrobot/libecrobot.a(ecrobot_interface.o)
                0x002050c4                ecrobot_term_sonar_sensor
 .text.ecrobot_get_battery_voltage
                0x002050e4        0xc ../../../ecrobot/../ecrobot/libecrobot.a(ecrobot_interface.o)
                0x002050e4                ecrobot_get_battery_voltage
 .text.ecrobot_get_button_state
                0x002050f0        0xc ../../../ecrobot/../ecrobot/libecrobot.a(ecrobot_interface.o)
                0x002050f0                ecrobot_get_button_state
 .text.ecrobot_init_nxtstate
                0x002050fc       0x28 ../../../ecrobot/../ecrobot/libecrobot.a(ecrobot_interface.o)
                0x002050fc                ecrobot_init_nxtstate
 .text.ecrobot_poll_nxtstate
                0x00205124       0x64 ../../../ecrobot/../ecrobot/libecrobot.a(ecrobot_interface.o)
                0x00205124                ecrobot_poll_nxtstate
 .text.ecrobot_setDeviceInitialized
                0x00205188       0x14 ../../../ecrobot/../ecrobot/libecrobot.a(ecrobot_interface.o)
                0x00205188                ecrobot_setDeviceInitialized
 .text.ecrobot_bt_data_logger
                0x0020519c       0x84 ../../../ecrobot/../ecrobot/libecrobot.a(ecrobot_interface.o)
                0x0020519c                ecrobot_bt_data_logger
 .text.ecrobot_bmp2lcd
                0x00205220      0x1c8 ../../../ecrobot/../ecrobot/libecrobot.a(ecrobot_interface.o)
                0x00205220                ecrobot_bmp2lcd
 .text.StartupHook
                0x002053e8        0x4 ../../../ecrobot/../ecrobot/libecrobot.a(osek_hook.o)
                0x002053e8                StartupHook
 .text.PreTaskHook
                0x002053ec        0x4 ../../../ecrobot/../ecrobot/libecrobot.a(osek_hook.o)
                0x002053ec                PreTaskHook
 .text.PostTaskHook
                0x002053f0        0x4 ../../../ecrobot/../ecrobot/libecrobot.a(osek_hook.o)
                0x002053f0                PostTaskHook
 .text.ErrorHook
                0x002053f4        0x4 ../../../ecrobot/../ecrobot/libecrobot.a(osek_hook.o)
                0x002053f4                ErrorHook
 .text.ShutdownHook
                0x002053f8        0x4 ../../../ecrobot/../ecrobot/libecrobot.a(osek_hook.o)
                0x002053f8                ShutdownHook
 .text.balance_control
                0x002053fc      0x254 ../../../ecrobot/../ecrobot/libnxtway_gs_balancer.a(balancer.o)
                0x002053fc                balance_control
 .text.balance_init
                0x00205650       0x30 ../../../ecrobot/../ecrobot/libnxtway_gs_balancer.a(balancer.o)
                0x00205650                balance_init
 .text          0x00205680       0x8c /cygdrive/C/cygwin/GNUARM/bin/../lib/gcc/arm-elf/4.0.2/thumb/interwork/libgcc.a(_udivsi3.o)
                0x00205680                __udivsi3
                0x002056fc                __aeabi_uidivmod
 .text          0x0020570c       0xa4 /cygdrive/C/cygwin/GNUARM/bin/../lib/gcc/arm-elf/4.0.2/thumb/interwork/libgcc.a(_divsi3.o)
                0x0020570c                __divsi3
                0x002057a0                __aeabi_idivmod
 .text          0x002057b0       0xc8 /cygdrive/C/cygwin/GNUARM/bin/../lib/gcc/arm-elf/4.0.2/thumb/interwork/libgcc.a(_umodsi3.o)
                0x002057b0                __umodsi3
 .text          0x00205878        0x4 /cygdrive/C/cygwin/GNUARM/bin/../lib/gcc/arm-elf/4.0.2/thumb/interwork/libgcc.a(_dvmd_tls.o)
                0x00205878                __aeabi_ldiv0
                0x00205878                __div0
                0x00205878                __aeabi_idiv0
 .text          0x0020587c      0x430 /cygdrive/C/cygwin/GNUARM/bin/../lib/gcc/arm-elf/4.0.2/thumb/interwork/libgcc.a(_addsubdf3.o)
                0x00205c40                __floatdidf
                0x00205bc0                __floatsidf
                0x00205b98                __aeabi_ui2d
                0x0020587c                __aeabi_drsub
                0x00205bec                __extendsfdf2
                0x00205888                __adddf3
                0x00205b98                __floatunsidf
                0x00205888                __aeabi_dadd
                0x00205c2c                __aeabi_ul2d
                0x00205884                __aeabi_dsub
                0x00205c2c                __floatundidf
                0x00205bc0                __aeabi_i2d
                0x00205c40                __aeabi_l2d
                0x00205bec                __aeabi_f2d
                0x00205884                __subdf3
 .text          0x00205cac      0x49c /cygdrive/C/cygwin/GNUARM/bin/../lib/gcc/arm-elf/4.0.2/thumb/interwork/libgcc.a(_muldivdf3.o)
                0x00205f3c                __aeabi_ddiv
                0x00205cac                __aeabi_dmul
                0x00205f3c                __divdf3
                0x00205cac                __muldf3
 .text          0x00206148       0xa0 /cygdrive/C/cygwin/GNUARM/bin/../lib/gcc/arm-elf/4.0.2/thumb/interwork/libgcc.a(_truncdfsf2.o)
                0x00206148                __aeabi_d2f
                0x00206148                __truncdfsf2
 .text          0x002061e8      0x2ac /cygdrive/C/cygwin/GNUARM/bin/../lib/gcc/arm-elf/4.0.2/thumb/interwork/libgcc.a(_addsubsf3.o)
                0x002061f4                __aeabi_fadd
                0x002061f0                __subsf3
                0x002063b8                __aeabi_i2f
                0x002061f0                __aeabi_fsub
                0x002063e8                __floatdisf
                0x002063b8                __floatsisf
                0x002063d8                __floatundisf
                0x002063b0                __aeabi_ui2f
                0x002063e8                __aeabi_l2f
                0x002063d8                __aeabi_ul2f
                0x002061e8                __aeabi_frsub
                0x002063b0                __floatunsisf
                0x002061f4                __addsf3
 .text          0x00206494      0x2f8 /cygdrive/C/cygwin/GNUARM/bin/../lib/gcc/arm-elf/4.0.2/thumb/interwork/libgcc.a(_muldivsf3.o)
                0x0020662c                __divsf3
                0x0020662c                __aeabi_fdiv
                0x00206494                __mulsf3
                0x00206494                __aeabi_fmul
 .text          0x0020678c      0x110 /cygdrive/C/cygwin/GNUARM/bin/../lib/gcc/arm-elf/4.0.2/thumb/interwork/libgcc.a(_cmpsf2.o)
                0x00206884                __aeabi_fcmpgt
                0x00206794                __lesf2
                0x0020679c                __nesf2
                0x0020686c                __aeabi_fcmpge
                0x0020678c                __gtsf2
                0x00206854                __aeabi_fcmple
                0x0020679c                __eqsf2
                0x0020679c                __cmpsf2
                0x00206794                __ltsf2
                0x0020680c                __aeabi_cfcmple
                0x0020678c                __gesf2
                0x00206824                __aeabi_fcmpeq
                0x002067fc                __aeabi_cfrcmple
                0x0020683c                __aeabi_fcmplt
                0x0020680c                __aeabi_cfcmpeq
 .text          0x0020689c       0x5c /cygdrive/C/cygwin/GNUARM/bin/../lib/gcc/arm-elf/4.0.2/thumb/interwork/libgcc.a(_fixsfsi.o)
                0x0020689c                __fixsfsi
                0x0020689c                __aeabi_f2iz
 .text          0x002068f8       0x68 /cygdrive/C/cygwin/GNUARM/bin/../lib/gcc/arm-elf/4.0.2/../../../../arm-elf/lib/thumb/interwork/libc.a(memcpy.o)
                0x002068f8                memcpy
 .text          0x00206960       0x68 /cygdrive/C/cygwin/GNUARM/bin/../lib/gcc/arm-elf/4.0.2/../../../../arm-elf/lib/thumb/interwork/libc.a(memset.o)
                0x00206960                memset
 .text          0x002069c8       0x60 /cygdrive/C/cygwin/GNUARM/bin/../lib/gcc/arm-elf/4.0.2/../../../../arm-elf/lib/thumb/interwork/libc.a(strcpy.o)
                0x002069c8                strcpy
 .text          0x00206a28       0x48 /cygdrive/C/cygwin/GNUARM/bin/../lib/gcc/arm-elf/4.0.2/../../../../arm-elf/lib/thumb/interwork/libc.a(strlen.o)
                0x00206a28                strlen
 .glue_7        0x00206a70       0x30 /cygdrive/C/cygwin/GNUARM/bin/../lib/gcc/arm-elf/4.0.2/../../../../arm-elf/lib/thumb/interwork/libc.a(strncpy.o)
                0x00206a88                __call_posttaskhook_from_arm
                0x00206a71                __ecrobot_debug1_from_arm
                0x00206a7d                __ecrobot_debug2_from_arm
                0x00206a94                __call_pretaskhook_from_arm
 .glue_7t       0x00206aa0       0xb8 /cygdrive/C/cygwin/GNUARM/bin/../lib/gcc/arm-elf/4.0.2/../../../../arm-elf/lib/thumb/interwork/libc.a(strncpy.o)
                0x00206acc                __start_change_to_arm
                0x00206b28                __interrupts_get_and_disable_from_thumb
                0x00206b50                ____lesf2_from_thumb
                0x00206b21                ____gtdf2_from_thumb
                0x00206ac0                __exit_and_dispatch_from_thumb
                0x00206b08                ____divsf3_from_thumb
                0x00206b4c                ____gesf2_change_to_arm
                0x00206b1c                ____fixsfsi_change_to_arm
                0x00206b14                ____addsf3_change_to_arm
                0x00206b18                ____fixsfsi_from_thumb
                0x00206ad0                ____floatsisf_from_thumb
                0x00206ad8                ____extendsfdf2_from_thumb
                0x00206ac4                __exit_and_dispatch_change_to_arm
                0x00206aa0                __disable_int_from_thumb
                0x00206b48                ____gesf2_from_thumb
                0x00206ab8                __start_dispatch_from_thumb
                0x00206b54                ____lesf2_change_to_arm
                0x00206ac8                __start_from_thumb
                0x00206af8                ____truncdfsf2_from_thumb
                0x00206aec                ____muldf3_change_to_arm
                0x00206b0c                ____divsf3_change_to_arm
                0x00206aa8                __enable_int_from_thumb
                0x00206ab0                __dispatch_from_thumb
                0x00206b34                __interrupts_enable_change_to_arm
                0x00206b2c                __interrupts_get_and_disable_change_to_arm
                0x00206ab4                __dispatch_change_to_arm
                0x00206b04                ____mulsf3_change_to_arm
                0x00206af4                ____adddf3_change_to_arm
                0x00206b24                ____gtdf2_change_to_arm
                0x00206afc                ____truncdfsf2_change_to_arm
                0x00206adc                ____extendsfdf2_change_to_arm
                0x00206ae0                ____floatsidf_from_thumb
                0x00206ad4                ____floatsisf_change_to_arm
                0x00206b39                __display_bios_status_from_thumb
                0x00206b40                ____subsf3_from_thumb
                0x00206af0                ____adddf3_from_thumb
                0x00206aa4                __disable_int_change_to_arm
                0x00206b00                ____mulsf3_from_thumb
                0x00206b10                ____addsf3_from_thumb
                0x00206ae8                ____muldf3_from_thumb
                0x00206b44                ____subsf3_change_to_arm
                0x00206aac                __enable_int_change_to_arm
                0x00206ae4                ____floatsidf_change_to_arm
                0x00206b30                __interrupts_enable_from_thumb
                0x00206b3c                __display_bios_status_change_to_arm
                0x00206abc                __start_dispatch_change_to_arm
                0x00206b60                . = ALIGN (0x10)
 *fill*         0x00206b58        0x8 00
 *(*.rodata *.rodata.*)
 .rodata.search_table.966
                0x00206b60        0xf build/kernel/task.o
 *fill*         0x00206b6f        0x1 00
 .rodata.alminib_cycle
                0x00206b70        0x8 build/./kernel_cfg.o
                0x00206b70                alminib_cycle
 .rodata.alminib_almval
                0x00206b78        0x8 build/./kernel_cfg.o
                0x00206b78                alminib_almval
 .rodata.alminib_autosta
                0x00206b80        0x2 build/./kernel_cfg.o
                0x00206b80                alminib_autosta
 *fill*         0x00206b82        0x2 00
 .rodata.alminib_cback
                0x00206b84        0x8 build/./kernel_cfg.o
                0x00206b84                alminib_cback
 .rodata.alminib_cntid
                0x00206b8c        0x2 build/./kernel_cfg.o
                0x00206b8c                alminib_cntid
 *fill*         0x00206b8e        0x2 00
 .rodata.cntinib_tickbase
                0x00206b90        0x4 build/./kernel_cfg.o
                0x00206b90                cntinib_tickbase
 .rodata.cntinib_maxval2
                0x00206b94        0x4 build/./kernel_cfg.o
                0x00206b94                cntinib_maxval2
 .rodata.cntinib_maxval
                0x00206b98        0x4 build/./kernel_cfg.o
                0x00206b98                cntinib_maxval
 .rodata.SysTimerCnt
                0x00206b9c        0x1 build/./kernel_cfg.o
                0x00206b9c                SysTimerCnt
 *fill*         0x00206b9d        0x1 00
 .rodata.tinib_stksz
                0x00206b9e        0x6 build/./kernel_cfg.o
                0x00206b9e                tinib_stksz
 .rodata.tinib_stk
                0x00206ba4        0xc build/./kernel_cfg.o
                0x00206ba4                tinib_stk
 .rodata.tinib_task
                0x00206bb0        0xc build/./kernel_cfg.o
                0x00206bb0                tinib_task
 .rodata.tinib_autoact
                0x00206bbc        0x3 build/./kernel_cfg.o
                0x00206bbc                tinib_autoact
 .rodata.tinib_maxact
                0x00206bbf        0x3 build/./kernel_cfg.o
                0x00206bbf                tinib_maxact
 .rodata.tinib_exepri
                0x00206bc2        0x3 build/./kernel_cfg.o
                0x00206bc2                tinib_exepri
 .rodata.tinib_inipri
                0x00206bc5        0x3 build/./kernel_cfg.o
                0x00206bc5                tinib_inipri
 .rodata.tnum_exttask
                0x00206bc8        0x1 build/./kernel_cfg.o
                0x00206bc8                tnum_exttask
 .rodata.tnum_task
                0x00206bc9        0x1 build/./kernel_cfg.o
                0x00206bc9                tnum_task
 .rodata.tnum_counter
                0x00206bca        0x1 build/./kernel_cfg.o
                0x00206bca                tnum_counter
 .rodata.tnum_alarm
                0x00206bcb        0x1 build/./kernel_cfg.o
                0x00206bcb                tnum_alarm
 .rodata.exec_addr
                0x00206bcc        0x4 build/ecrobot_base.o
                0x00206bcc                exec_addr
 .rodata.str1.4
                0x00206bd0       0x80 build/ecrobot_base.o
 .rodata.str1.4
                0x00206c50       0x2d build/task_cycle.o
                                 0x30 (size before relaxing)
 *fill*         0x00206c7d        0x3 00
 .rodata.BATTERY_OFFSET
                0x00206c80        0x4 build/balancer_param.o
                0x00206c80                BATTERY_OFFSET
 .rodata.BATTERY_GAIN
                0x00206c84        0x4 build/balancer_param.o
                0x00206c84                BATTERY_GAIN
                0x00206c90                . = ALIGN (0x10)
 *fill*         0x00206c88        0x8 00
 *(*.gnu.linkonce.* .gcc_except_table)
                0x00206c90                . = ALIGN (0x10)

.tors           0x00206c90        0x0
                0x00206c90                . = ALIGN (0x10)
                0x00206c90                __ctor_begin = .
 *(*.ctors*)
                0x00206c90                __ctor_end = .
                0x00206c90                . = ALIGN (0x10)
                0x00206c90                __dtor_begin = .
 *(*.dtors*)
                0x00206c90                __dtor_end = .
                0x00206c90                . = ALIGN (0x10)

.bss            0x00206c90     0x18dc
 *(*.bss *.bss.*)
 .bss.ready_primap
                0x00206c90        0x2 build/kernel/task.o
 .bss.ready_queue_last
                0x00206c92       0x10 build/kernel/task.o
 .bss.ready_queue_first
                0x00206ca2       0x10 build/kernel/task.o
 *fill*         0x00206cb2        0x2 00
 .bss._stack_Task_bg
                0x00206cb4      0x200 build/./kernel_cfg.o
 .bss._stack_Task2
                0x00206eb4      0x200 build/./kernel_cfg.o
 .bss._stack_Task1
                0x002070b4      0x200 build/./kernel_cfg.o
 .bss.receiveBuf
                0x002072b4       0xfe build/ecrobot_bluetooth.o
 .bss.sendBuf   0x002073b2       0xfe build/ecrobot_bluetooth.o
 .bss.handle    0x002074b0        0x1 build/ecrobot_bluetooth.o
 *fill*         0x002074b1        0x3 00
 .bss.status_bar_position
                0x002074b4        0x4 build/ecrobot_base.o
 .bss.last_act_time.2674
                0x002074b8        0x4 build/ecrobot_base.o
 .bss.lcd.2603  0x002074bc      0x320 build/ecrobot_base.o
 .bss.OS_flag   0x002077dc        0x4 build/ecrobot_base.o
 .bss.status_bar
                0x002077e0       0x10 build/ecrobot_base.o
 .bss.integral  0x002077f0        0x4 build/task_cycle.o
                0x002077f0                integral
 .bss.standard  0x002077f4        0x4 build/task_cycle.o
                0x002077f4                standard
 .bss.before    0x002077f8        0x4 build/task_cycle.o
                0x002077f8                before
 .bss.init      0x002077fc        0x4 build/task_cycle.o
 .bss.buttons_i
                0x00207800        0x4 ../../../ecrobot/../ecrobot/libecrobot.a(ecrobot_interface.o)
 .bss.buttons_states
                0x00207804       0x14 ../../../ecrobot/../ecrobot/libecrobot.a(ecrobot_interface.o)
 .bss.ecrobot_inputs
                0x00207818        0x8 ../../../ecrobot/../ecrobot/libecrobot.a(ecrobot_interface.o)
 .bss.systick_ms
                0x00207820        0x4 ../../../ecrobot/../ecrobot/libecrobot.a(systick.oram)
 .bss.delayedEnable
                0x00207824        0x1 ../../../ecrobot/../ecrobot/libecrobot.a(udp.oram)
 *fill*         0x00207825        0x3 00
 .bss.outCnt    0x00207828        0x4 ../../../ecrobot/../ecrobot/libecrobot.a(udp.oram)
 .bss.outPtr    0x0020782c        0x4 ../../../ecrobot/../ecrobot/libecrobot.a(udp.oram)
 .bss.newAddress
                0x00207830        0x4 ../../../ecrobot/../ecrobot/libecrobot.a(udp.oram)
 .bss.currentRxBank
                0x00207834        0x4 ../../../ecrobot/../ecrobot/libecrobot.a(udp.oram)
 .bss.currentFeatures
                0x00207838        0x4 ../../../ecrobot/../ecrobot/libecrobot.a(udp.oram)
 .bss.currentConfig
                0x0020783c        0x1 ../../../ecrobot/../ecrobot/libecrobot.a(udp.oram)
 *fill*         0x0020783d        0x3 00
 .bss.twi_mask  0x00207840        0x4 ../../../ecrobot/../ecrobot/libecrobot.a(twi.oram)
 .bss.twi_ptr   0x00207844        0x4 ../../../ecrobot/../ecrobot/libecrobot.a(twi.oram)
 .bss.twi_pending
                0x00207848        0x4 ../../../ecrobot/../ecrobot/libecrobot.a(twi.oram)
 .bss.twi_state
                0x0020784c        0x4 ../../../ecrobot/../ecrobot/libecrobot.a(twi.oram)
 .bss.page      0x00207850        0x1 ../../../ecrobot/../ecrobot/libecrobot.a(nxt_spi.oram)
                0x00207850                page
 .bss.dirty     0x00207851        0x1 ../../../ecrobot/../ecrobot/libecrobot.a(nxt_spi.oram)
                0x00207851                dirty
 *fill*         0x00207852        0x2 00
 .bss.display   0x00207854        0x4 ../../../ecrobot/../ecrobot/libecrobot.a(nxt_spi.oram)
                0x00207854                display
 .bss.interrupts_this_period
                0x00207858        0x4 ../../../ecrobot/../ecrobot/libecrobot.a(nxt_motors.oram)
 .bss.nxt_motor_initialised
                0x0020785c        0x4 ../../../ecrobot/../ecrobot/libecrobot.a(nxt_motors.oram)
 .bss.motor     0x00207860       0x30 ../../../ecrobot/../ecrobot/libecrobot.a(nxt_motors.oram)
 .bss.display_tick
                0x00207890        0x4 ../../../ecrobot/../ecrobot/libecrobot.a(display.oram)
                0x00207890                display_tick
 .bss.display_array
                0x00207894      0x388 ../../../ecrobot/../ecrobot/libecrobot.a(display.oram)
 .bss.i2c_int_count
                0x00207c1c        0x4 ../../../ecrobot/../ecrobot/libecrobot.a(i2c.oram)
 .bss.i2c_port  0x00207c20      0x170 ../../../ecrobot/../ecrobot/libecrobot.a(i2c.oram)
 .bss.sound_mode
                0x00207d90        0x1 ../../../ecrobot/../ecrobot/libecrobot.a(sound.oram)
                0x00207d90                sound_mode
 *fill*         0x00207d91        0x3 00
 .bss.in_buf_idx
                0x00207d94        0x4 ../../../ecrobot/../ecrobot/libecrobot.a(bt.oram)
 .bss.buf_ptr   0x00207d98        0x4 ../../../ecrobot/../ecrobot/libecrobot.a(bt.oram)
 .bss.out_buf   0x00207d9c      0x200 ../../../ecrobot/../ecrobot/libecrobot.a(bt.oram)
 .bss.out_buf_ptr
                0x00207f9c        0x1 ../../../ecrobot/../ecrobot/libecrobot.a(bt.oram)
 .bss.in_buf_in_ptr
                0x00207f9d        0x1 ../../../ecrobot/../ecrobot/libecrobot.a(bt.oram)
 .bss.in_buf    0x00207f9e      0x100 ../../../ecrobot/../ecrobot/libecrobot.a(bt.oram)
 *fill*         0x0020809e        0x2 00
 .bss.link_state
                0x002080a0        0x4 ../../../ecrobot/../ecrobot/libecrobot.a(nxt_avr.oram)
 .bss.update_count
                0x002080a4        0x4 ../../../ecrobot/../ecrobot/libecrobot.a(nxt_avr.oram)
 .bss.nxt_avr_stats
                0x002080a8       0x14 ../../../ecrobot/../ecrobot/libecrobot.a(nxt_avr.oram)
 .bss.debounce_cnt
                0x002080bc        0x2 ../../../ecrobot/../ecrobot/libecrobot.a(nxt_avr.oram)
 .bss.debounce_state
                0x002080be        0x2 ../../../ecrobot/../ecrobot/libecrobot.a(nxt_avr.oram)
 .bss.button_state
                0x002080c0        0x2 ../../../ecrobot/../ecrobot/libecrobot.a(nxt_avr.oram)
 .bss.prev_buttons
                0x002080c2        0x2 ../../../ecrobot/../ecrobot/libecrobot.a(nxt_avr.oram)
 .bss.from_buf  0x002080c4        0x4 ../../../ecrobot/../ecrobot/libecrobot.a(nxt_avr.oram)
 .bss.io_from_avr
                0x002080c8        0x4 ../../../ecrobot/../ecrobot/libecrobot.a(nxt_avr.oram)
 .bss.data_from_avr
                0x002080cc       0x1a ../../../ecrobot/../ecrobot/libecrobot.a(nxt_avr.oram)
 .bss.data_to_avr
                0x002080e6        0x9 ../../../ecrobot/../ecrobot/libecrobot.a(nxt_avr.oram)
 .bss.io_to_avr
                0x002080ef        0x8 ../../../ecrobot/../ecrobot/libecrobot.a(nxt_avr.oram)
 *fill*         0x002080f7        0x1 00
 .bss.display   0x002080f8        0x4 ../../../ecrobot/../ecrobot/libecrobot.a(nxt_lcd.oram)
 .bss.ud_thetadot_cmd_lpf
                0x002080fc        0x4 ../../../ecrobot/../ecrobot/libnxtway_gs_balancer.a(balancer.o)
 .bss.ud_theta_ref
                0x00208100        0x4 ../../../ecrobot/../ecrobot/libnxtway_gs_balancer.a(balancer.o)
 .bss.ud_theta_lpf
                0x00208104        0x4 ../../../ecrobot/../ecrobot/libnxtway_gs_balancer.a(balancer.o)
 .bss.ud_psi    0x00208108        0x4 ../../../ecrobot/../ecrobot/libnxtway_gs_balancer.a(balancer.o)
 .bss.ud_err_theta
                0x0020810c        0x4 ../../../ecrobot/../ecrobot/libnxtway_gs_balancer.a(balancer.o)
                0x00208110                . = ALIGN (0x10)
                0x00208110                __bss_end__ = .
 COMMON         0x00208110        0x2 build/kernel/interrupt.o
                0x00208110                runisr
                0x00208111                sus_all_cnt
 *fill*         0x00208112        0x2 00
 COMMON         0x00208114       0x10 build/kernel/osctl.o
                0x00208114                callevel
                0x00208115                _errorhook_svcid
                0x00208116                appmode
                0x00208118                _errorhook_par1
                0x0020811c                _errorhook_par3
                0x00208120                _errorhook_par2
 COMMON         0x00208124        0x3 build/kernel/task.o
                0x00208124                runtsk
                0x00208125                schedtsk
                0x00208126                nextpri
 *fill*         0x00208127        0x1 00
 COMMON         0x00208128       0x58 build/./kernel_cfg.o
                0x00208128                tcb_waievt
                0x00208130                rescb_prevpri
                0x00208131                almcb_prev
                0x00208133                tcb_lastres
                0x00208138                almcb_almval
                0x00208140                tcxb_pc
                0x0020814c                tcb_next
                0x0020814f                tcb_curpri
                0x00208152                tcb_tstat
                0x00208155                isrcb_lastres
                0x00208156                cntcb_almque
                0x00208157                rescb_prevres
                0x00208158                tcb_actcnt
                0x0020815c                tcb_curevt
                0x00208164                almcb_cycle
                0x0020816c                tcxb_sp
                0x00208178                almcb_next
                0x0020817c                cntcb_curval
 COMMON         0x00208180       0x80 build/task_cycle.o
                0x00208180                i_gain
                0x00208184                D_GAIN_TMP
                0x00208188                current_time
                0x0020818c                BACK_POWER
                0x00208190                AUTO_TAIL_POWER
                0x00208194                FORWARD_POWER
                0x00208198                turn
                0x0020819c                light_tmp
                0x002081a0                p_gain
                0x002081a4                black
                0x002081a8                light
                0x002081ac                gray
                0x002081b0                pwm_R
                0x002081b4                start_time
                0x002081b8                sensorvalue
                0x002081bc                FORWARD_TIME
                0x002081c0                I_GAIN_TMP
                0x002081c4                pwm_L
                0x002081c8                off
                0x002081cc                d_gain
                0x002081d0                white
                0x002081d4                P_GAIN_TMP
                0x002081d8                ANGLE_TAIL
                0x002081dc                bt_receive_buf
                0x002081fc                GYRO_OFFSET
 COMMON         0x00208200       0x44 ../../../ecrobot/../ecrobot/libecrobot.a(uart.oram)
                0x00208200                uart
 COMMON         0x00208244        0x4 ../../../ecrobot/../ecrobot/libecrobot.a(data_abort.oram)
                0x00208244                data_abort_pc
 COMMON         0x00208248        0x8 ../../../ecrobot/../ecrobot/libecrobot.a(display.oram)
                0x00208248                display_x
                0x0020824c                display_y
 COMMON         0x00208250      0x31c ../../../ecrobot/../ecrobot/libecrobot.a(sound.oram)
                0x00208250                sample
                0x00206c90                __bss_start__ = ADDR (.bss)
                0x0020856c                __bss_end__ = (ADDR (.bss) + SIZEOF (.bss))
                0x0020856c                PROVIDE (end, .)

.heap_area      0x0020856c     0x760c
                0x0020fb78                . = (. + (0x20fb78 - end))
 *fill*         0x0020856c     0x760c 00

.stack          0x0020fb78      0x488
                0x0020fbf8                . = (. + 0x80)
 *fill*         0x0020fb78       0x80 00
                0x0020fc00                . = ALIGN (0x10)
 *fill*         0x0020fbf8        0x8 00
                0x0020fc00                __irq_stack__ = .
                0x0020fc00                __system_stack_bottom__ = .
                0x00210000                . = (. + 0x400)
 *fill*         0x0020fc00      0x400 00
                0x00210000                . = ALIGN (0x10)
                0x00210000                __system_stack__ = .
                0x00210000                __system_stack_top__ = .
                0x0020fb78                __stack_start__ = ADDR (.stack)
                0x00210000                __stack_end__ = (ADDR (.stack) + SIZEOF (.stack))
OUTPUT(TASK_CYCLE_rxe.elf elf32-littlearm)

.comment        0x00000000      0x396
 .comment       0x00000000       0x12 build/kernel/alarm.o
 .comment       0x00000012       0x12 build/kernel/event.o
 .comment       0x00000024       0x12 build/kernel/interrupt.o
 .comment       0x00000036       0x12 build/kernel/osctl.o
 .comment       0x00000048       0x12 build/kernel/resource.o
 .comment       0x0000005a       0x12 build/kernel/task.o
 .comment       0x0000006c       0x12 build/kernel/task_manage.o
 .comment       0x0000007e       0x12 build/config/at91sam7s-gnu/cpu_config.o
 .comment       0x00000090       0x12 build/config/at91sam7s-gnu/lego_nxt/sys_config.o
 .comment       0x000000a2       0x12 build/./kernel_cfg.o
 .comment       0x000000b4       0x12 build/syscalls.o
 .comment       0x000000c6       0x12 build/ecrobot_bluetooth.o
 .comment       0x000000d8       0x12 build/ecrobot_base.o
 .comment       0x000000ea       0x12 build/ecrobot.o
 .comment       0x000000fc       0x12 build/task_cycle.o
 .comment       0x0000010e       0x12 build/balancer_param.o
 .comment       0x00000120       0x12 build/syslib/at91sam7s-gnu/lego_nxt/hw_sys_timer.oram
 .comment       0x00000132       0x12 ../../../ecrobot/../ecrobot/libecrobot.a(ecrobot_HiTechnic.o)
 .comment       0x00000144       0x12 ../../../ecrobot/../ecrobot/libecrobot.a(ecrobot_interface.o)
 .comment       0x00000156       0x12 ../../../ecrobot/../ecrobot/libecrobot.a(colorsensor.o)
 .comment       0x00000168       0x12 ../../../ecrobot/../ecrobot/libecrobot.a(osek_hook.o)
 .comment       0x0000017a       0x12 ../../../ecrobot/../ecrobot/libecrobot.a(uart.oram)
 .comment       0x0000018c       0x12 ../../../ecrobot/../ecrobot/libecrobot.a(systick.oram)
 .comment       0x0000019e       0x12 ../../../ecrobot/../ecrobot/libecrobot.a(byte_fifo.oram)
 .comment       0x000001b0       0x12 ../../../ecrobot/../ecrobot/libecrobot.a(aic.oram)
 .comment       0x000001c2       0x12 ../../../ecrobot/../ecrobot/libecrobot.a(udp.oram)
 .comment       0x000001d4       0x12 ../../../ecrobot/../ecrobot/libecrobot.a(twi.oram)
 .comment       0x000001e6       0x12 ../../../ecrobot/../ecrobot/libecrobot.a(nxt_spi.oram)
 .comment       0x000001f8       0x12 ../../../ecrobot/../ecrobot/libecrobot.a(nxt_motors.oram)
 .comment       0x0000020a       0x12 ../../../ecrobot/../ecrobot/libecrobot.a(data_abort.oram)
 .comment       0x0000021c       0x12 ../../../ecrobot/../ecrobot/libecrobot.a(display.oram)
 .comment       0x0000022e       0x12 ../../../ecrobot/../ecrobot/libecrobot.a(i2c.oram)
 .comment       0x00000240       0x12 ../../../ecrobot/../ecrobot/libecrobot.a(sound.oram)
 .comment       0x00000252       0x12 ../../../ecrobot/../ecrobot/libecrobot.a(bt.oram)
 .comment       0x00000264       0x12 ../../../ecrobot/../ecrobot/libecrobot.a(nxt_avr.oram)
 .comment       0x00000276       0x12 ../../../ecrobot/../ecrobot/libecrobot.a(sensors.oram)
 .comment       0x00000288       0x12 ../../../ecrobot/../ecrobot/libecrobot.a(sensors1.oram)
 .comment       0x0000029a       0x12 ../../../ecrobot/../ecrobot/libecrobot.a(nxt_lcd.oram)
 .comment       0x000002ac       0x12 ../../../ecrobot/../ecrobot/libecrobot.a(flash_loader.oram)
 .comment       0x000002be       0x12 ../../../ecrobot/../ecrobot/libecrobot.a(ecrobot_usb.o)
 .comment       0x000002d0       0x12 ../../../ecrobot/../ecrobot/libecrobot.a(flashprog.oram)
 .comment       0x000002e2       0x12 ../../../ecrobot/../ecrobot/libnxtway_gs_balancer.a(balancer.o)
 .comment       0x000002f4       0x12 /cygdrive/C/cygwin/GNUARM/bin/../lib/gcc/arm-elf/4.0.2/thumb/interwork/libgcc.a(_muldi3.o)
 .comment       0x00000306       0x12 /cygdrive/C/cygwin/GNUARM/bin/../lib/gcc/arm-elf/4.0.2/thumb/interwork/libgcc.a(_divdi3.o)
 .comment       0x00000318       0x12 /cygdrive/C/cygwin/GNUARM/bin/../lib/gcc/arm-elf/4.0.2/thumb/interwork/libgcc.a(_clz.o)
 .comment       0x0000032a       0x12 /cygdrive/C/cygwin/GNUARM/bin/../lib/gcc/arm-elf/4.0.2/../../../../arm-elf/lib/thumb/interwork/libc.a(memcpy.o)
 .comment       0x0000033c       0x12 /cygdrive/C/cygwin/GNUARM/bin/../lib/gcc/arm-elf/4.0.2/../../../../arm-elf/lib/thumb/interwork/libc.a(memset.o)
 .comment       0x0000034e       0x12 /cygdrive/C/cygwin/GNUARM/bin/../lib/gcc/arm-elf/4.0.2/../../../../arm-elf/lib/thumb/interwork/libc.a(strcmp.o)
 .comment       0x00000360       0x12 /cygdrive/C/cygwin/GNUARM/bin/../lib/gcc/arm-elf/4.0.2/../../../../arm-elf/lib/thumb/interwork/libc.a(strcpy.o)
 .comment       0x00000372       0x12 /cygdrive/C/cygwin/GNUARM/bin/../lib/gcc/arm-elf/4.0.2/../../../../arm-elf/lib/thumb/interwork/libc.a(strlen.o)
 .comment       0x00000384       0x12 /cygdrive/C/cygwin/GNUARM/bin/../lib/gcc/arm-elf/4.0.2/../../../../arm-elf/lib/thumb/interwork/libc.a(strncpy.o)

.debug_line     0x00000000      0xf28
 .debug_line    0x00000000       0x70 /cygdrive/C/cygwin/GNUARM/bin/../lib/gcc/arm-elf/4.0.2/thumb/interwork/libgcc.a(_udivsi3.o)
 .debug_line    0x00000070       0x7c /cygdrive/C/cygwin/GNUARM/bin/../lib/gcc/arm-elf/4.0.2/thumb/interwork/libgcc.a(_divsi3.o)
 .debug_line    0x000000ec       0x68 /cygdrive/C/cygwin/GNUARM/bin/../lib/gcc/arm-elf/4.0.2/thumb/interwork/libgcc.a(_umodsi3.o)
 .debug_line    0x00000154       0x71 /cygdrive/C/cygwin/GNUARM/bin/../lib/gcc/arm-elf/4.0.2/thumb/interwork/libgcc.a(_modsi3.o)
 .debug_line    0x000001c5       0x5a /cygdrive/C/cygwin/GNUARM/bin/../lib/gcc/arm-elf/4.0.2/thumb/interwork/libgcc.a(_dvmd_tls.o)
 .debug_line    0x0000021f      0x162 /cygdrive/C/cygwin/GNUARM/bin/../lib/gcc/arm-elf/4.0.2/thumb/interwork/libgcc.a(_addsubdf3.o)
 .debug_line    0x00000381      0x177 /cygdrive/C/cygwin/GNUARM/bin/../lib/gcc/arm-elf/4.0.2/thumb/interwork/libgcc.a(_muldivdf3.o)
 .debug_line    0x000004f8       0xa4 /cygdrive/C/cygwin/GNUARM/bin/../lib/gcc/arm-elf/4.0.2/thumb/interwork/libgcc.a(_cmpdf2.o)
 .debug_line    0x0000059c       0x80 /cygdrive/C/cygwin/GNUARM/bin/../lib/gcc/arm-elf/4.0.2/thumb/interwork/libgcc.a(_truncdfsf2.o)
 .debug_line    0x0000061c      0x110 /cygdrive/C/cygwin/GNUARM/bin/../lib/gcc/arm-elf/4.0.2/thumb/interwork/libgcc.a(_addsubsf3.o)
 .debug_line    0x0000072c      0x11a /cygdrive/C/cygwin/GNUARM/bin/../lib/gcc/arm-elf/4.0.2/thumb/interwork/libgcc.a(_muldivsf3.o)
 .debug_line    0x00000846       0x98 /cygdrive/C/cygwin/GNUARM/bin/../lib/gcc/arm-elf/4.0.2/thumb/interwork/libgcc.a(_cmpsf2.o)
 .debug_line    0x000008de       0x6f /cygdrive/C/cygwin/GNUARM/bin/../lib/gcc/arm-elf/4.0.2/thumb/interwork/libgcc.a(_fixsfsi.o)
 .debug_line    0x0000094d       0x61 /cygdrive/C/cygwin/GNUARM/bin/../lib/gcc/arm-elf/4.0.2/thumb/interwork/libgcc.a(_muldi3.o)
 .debug_line    0x000009ae      0x122 /cygdrive/C/cygwin/GNUARM/bin/../lib/gcc/arm-elf/4.0.2/thumb/interwork/libgcc.a(_divdi3.o)
 .debug_line    0x00000ad0       0x48 /cygdrive/C/cygwin/GNUARM/bin/../lib/gcc/arm-elf/4.0.2/thumb/interwork/libgcc.a(_clz.o)
 .debug_line    0x00000b18       0xc3 /cygdrive/C/cygwin/GNUARM/bin/../lib/gcc/arm-elf/4.0.2/../../../../arm-elf/lib/thumb/interwork/libc.a(memcpy.o)
 .debug_line    0x00000bdb       0xd4 /cygdrive/C/cygwin/GNUARM/bin/../lib/gcc/arm-elf/4.0.2/../../../../arm-elf/lib/thumb/interwork/libc.a(memset.o)
 .debug_line    0x00000caf       0x88 /cygdrive/C/cygwin/GNUARM/bin/../lib/gcc/arm-elf/4.0.2/../../../../arm-elf/lib/thumb/interwork/libc.a(strcmp.o)
 .debug_line    0x00000d37       0x80 /cygdrive/C/cygwin/GNUARM/bin/../lib/gcc/arm-elf/4.0.2/../../../../arm-elf/lib/thumb/interwork/libc.a(strcpy.o)
 .debug_line    0x00000db7       0xaf /cygdrive/C/cygwin/GNUARM/bin/../lib/gcc/arm-elf/4.0.2/../../../../arm-elf/lib/thumb/interwork/libc.a(strlen.o)
 .debug_line    0x00000e66       0xc2 /cygdrive/C/cygwin/GNUARM/bin/../lib/gcc/arm-elf/4.0.2/../../../../arm-elf/lib/thumb/interwork/libc.a(strncpy.o)

.debug_info     0x00000000     0x1587
 .debug_info    0x00000000       0x6a /cygdrive/C/cygwin/GNUARM/bin/../lib/gcc/arm-elf/4.0.2/thumb/interwork/libgcc.a(_udivsi3.o)
 .debug_info    0x0000006a       0x6a /cygdrive/C/cygwin/GNUARM/bin/../lib/gcc/arm-elf/4.0.2/thumb/interwork/libgcc.a(_divsi3.o)
 .debug_info    0x000000d4       0x6a /cygdrive/C/cygwin/GNUARM/bin/../lib/gcc/arm-elf/4.0.2/thumb/interwork/libgcc.a(_umodsi3.o)
 .debug_info    0x0000013e       0x6a /cygdrive/C/cygwin/GNUARM/bin/../lib/gcc/arm-elf/4.0.2/thumb/interwork/libgcc.a(_modsi3.o)
 .debug_info    0x000001a8       0x6a /cygdrive/C/cygwin/GNUARM/bin/../lib/gcc/arm-elf/4.0.2/thumb/interwork/libgcc.a(_dvmd_tls.o)
 .debug_info    0x00000212       0x69 /cygdrive/C/cygwin/GNUARM/bin/../lib/gcc/arm-elf/4.0.2/thumb/interwork/libgcc.a(_addsubdf3.o)
 .debug_info    0x0000027b       0x69 /cygdrive/C/cygwin/GNUARM/bin/../lib/gcc/arm-elf/4.0.2/thumb/interwork/libgcc.a(_muldivdf3.o)
 .debug_info    0x000002e4       0x69 /cygdrive/C/cygwin/GNUARM/bin/../lib/gcc/arm-elf/4.0.2/thumb/interwork/libgcc.a(_cmpdf2.o)
 .debug_info    0x0000034d       0x69 /cygdrive/C/cygwin/GNUARM/bin/../lib/gcc/arm-elf/4.0.2/thumb/interwork/libgcc.a(_truncdfsf2.o)
 .debug_info    0x000003b6       0x69 /cygdrive/C/cygwin/GNUARM/bin/../lib/gcc/arm-elf/4.0.2/thumb/interwork/libgcc.a(_addsubsf3.o)
 .debug_info    0x0000041f       0x69 /cygdrive/C/cygwin/GNUARM/bin/../lib/gcc/arm-elf/4.0.2/thumb/interwork/libgcc.a(_muldivsf3.o)
 .debug_info    0x00000488       0x69 /cygdrive/C/cygwin/GNUARM/bin/../lib/gcc/arm-elf/4.0.2/thumb/interwork/libgcc.a(_cmpsf2.o)
 .debug_info    0x000004f1       0x69 /cygdrive/C/cygwin/GNUARM/bin/../lib/gcc/arm-elf/4.0.2/thumb/interwork/libgcc.a(_fixsfsi.o)
 .debug_info    0x0000055a      0x20e /cygdrive/C/cygwin/GNUARM/bin/../lib/gcc/arm-elf/4.0.2/thumb/interwork/libgcc.a(_muldi3.o)
 .debug_info    0x00000768      0x758 /cygdrive/C/cygwin/GNUARM/bin/../lib/gcc/arm-elf/4.0.2/thumb/interwork/libgcc.a(_divdi3.o)
 .debug_info    0x00000ec0       0xc9 /cygdrive/C/cygwin/GNUARM/bin/../lib/gcc/arm-elf/4.0.2/thumb/interwork/libgcc.a(_clz.o)
 .debug_info    0x00000f89      0x10d /cygdrive/C/cygwin/GNUARM/bin/../lib/gcc/arm-elf/4.0.2/../../../../arm-elf/lib/thumb/interwork/libc.a(memcpy.o)
 .debug_info    0x00001096      0x111 /cygdrive/C/cygwin/GNUARM/bin/../lib/gcc/arm-elf/4.0.2/../../../../arm-elf/lib/thumb/interwork/libc.a(memset.o)
 .debug_info    0x000011a7       0xd9 /cygdrive/C/cygwin/GNUARM/bin/../lib/gcc/arm-elf/4.0.2/../../../../arm-elf/lib/thumb/interwork/libc.a(strcmp.o)
 .debug_info    0x00001280      0x10c /cygdrive/C/cygwin/GNUARM/bin/../lib/gcc/arm-elf/4.0.2/../../../../arm-elf/lib/thumb/interwork/libc.a(strcpy.o)
 .debug_info    0x0000138c       0xd5 /cygdrive/C/cygwin/GNUARM/bin/../lib/gcc/arm-elf/4.0.2/../../../../arm-elf/lib/thumb/interwork/libc.a(strlen.o)
 .debug_info    0x00001461      0x126 /cygdrive/C/cygwin/GNUARM/bin/../lib/gcc/arm-elf/4.0.2/../../../../arm-elf/lib/thumb/interwork/libc.a(strncpy.o)

.debug_abbrev   0x00000000      0x701
 .debug_abbrev  0x00000000       0x14 /cygdrive/C/cygwin/GNUARM/bin/../lib/gcc/arm-elf/4.0.2/thumb/interwork/libgcc.a(_udivsi3.o)
 .debug_abbrev  0x00000014       0x14 /cygdrive/C/cygwin/GNUARM/bin/../lib/gcc/arm-elf/4.0.2/thumb/interwork/libgcc.a(_divsi3.o)
 .debug_abbrev  0x00000028       0x14 /cygdrive/C/cygwin/GNUARM/bin/../lib/gcc/arm-elf/4.0.2/thumb/interwork/libgcc.a(_umodsi3.o)
 .debug_abbrev  0x0000003c       0x14 /cygdrive/C/cygwin/GNUARM/bin/../lib/gcc/arm-elf/4.0.2/thumb/interwork/libgcc.a(_modsi3.o)
 .debug_abbrev  0x00000050       0x14 /cygdrive/C/cygwin/GNUARM/bin/../lib/gcc/arm-elf/4.0.2/thumb/interwork/libgcc.a(_dvmd_tls.o)
 .debug_abbrev  0x00000064       0x14 /cygdrive/C/cygwin/GNUARM/bin/../lib/gcc/arm-elf/4.0.2/thumb/interwork/libgcc.a(_addsubdf3.o)
 .debug_abbrev  0x00000078       0x14 /cygdrive/C/cygwin/GNUARM/bin/../lib/gcc/arm-elf/4.0.2/thumb/interwork/libgcc.a(_muldivdf3.o)
 .debug_abbrev  0x0000008c       0x14 /cygdrive/C/cygwin/GNUARM/bin/../lib/gcc/arm-elf/4.0.2/thumb/interwork/libgcc.a(_cmpdf2.o)
 .debug_abbrev  0x000000a0       0x14 /cygdrive/C/cygwin/GNUARM/bin/../lib/gcc/arm-elf/4.0.2/thumb/interwork/libgcc.a(_truncdfsf2.o)
 .debug_abbrev  0x000000b4       0x14 /cygdrive/C/cygwin/GNUARM/bin/../lib/gcc/arm-elf/4.0.2/thumb/interwork/libgcc.a(_addsubsf3.o)
 .debug_abbrev  0x000000c8       0x14 /cygdrive/C/cygwin/GNUARM/bin/../lib/gcc/arm-elf/4.0.2/thumb/interwork/libgcc.a(_muldivsf3.o)
 .debug_abbrev  0x000000dc       0x14 /cygdrive/C/cygwin/GNUARM/bin/../lib/gcc/arm-elf/4.0.2/thumb/interwork/libgcc.a(_cmpsf2.o)
 .debug_abbrev  0x000000f0       0x14 /cygdrive/C/cygwin/GNUARM/bin/../lib/gcc/arm-elf/4.0.2/thumb/interwork/libgcc.a(_fixsfsi.o)
 .debug_abbrev  0x00000104       0xec /cygdrive/C/cygwin/GNUARM/bin/../lib/gcc/arm-elf/4.0.2/thumb/interwork/libgcc.a(_muldi3.o)
 .debug_abbrev  0x000001f0      0x174 /cygdrive/C/cygwin/GNUARM/bin/../lib/gcc/arm-elf/4.0.2/thumb/interwork/libgcc.a(_divdi3.o)
 .debug_abbrev  0x00000364       0x61 /cygdrive/C/cygwin/GNUARM/bin/../lib/gcc/arm-elf/4.0.2/thumb/interwork/libgcc.a(_clz.o)
 .debug_abbrev  0x000003c5       0x99 /cygdrive/C/cygwin/GNUARM/bin/../lib/gcc/arm-elf/4.0.2/../../../../arm-elf/lib/thumb/interwork/libc.a(memcpy.o)
 .debug_abbrev  0x0000045e       0x9a /cygdrive/C/cygwin/GNUARM/bin/../lib/gcc/arm-elf/4.0.2/../../../../arm-elf/lib/thumb/interwork/libc.a(memset.o)
 .debug_abbrev  0x000004f8       0x71 /cygdrive/C/cygwin/GNUARM/bin/../lib/gcc/arm-elf/4.0.2/../../../../arm-elf/lib/thumb/interwork/libc.a(strcmp.o)
 .debug_abbrev  0x00000569       0x80 /cygdrive/C/cygwin/GNUARM/bin/../lib/gcc/arm-elf/4.0.2/../../../../arm-elf/lib/thumb/interwork/libc.a(strcpy.o)
 .debug_abbrev  0x000005e9       0x8b /cygdrive/C/cygwin/GNUARM/bin/../lib/gcc/arm-elf/4.0.2/../../../../arm-elf/lib/thumb/interwork/libc.a(strlen.o)
 .debug_abbrev  0x00000674       0x8d /cygdrive/C/cygwin/GNUARM/bin/../lib/gcc/arm-elf/4.0.2/../../../../arm-elf/lib/thumb/interwork/libc.a(strncpy.o)

.debug_aranges  0x00000000      0x2a0
 .debug_aranges
                0x00000000       0x20 /cygdrive/C/cygwin/GNUARM/bin/../lib/gcc/arm-elf/4.0.2/thumb/interwork/libgcc.a(_udivsi3.o)
 .debug_aranges
                0x00000020       0x20 /cygdrive/C/cygwin/GNUARM/bin/../lib/gcc/arm-elf/4.0.2/thumb/interwork/libgcc.a(_divsi3.o)
 .debug_aranges
                0x00000040       0x20 /cygdrive/C/cygwin/GNUARM/bin/../lib/gcc/arm-elf/4.0.2/thumb/interwork/libgcc.a(_umodsi3.o)
 .debug_aranges
                0x00000060       0x20 /cygdrive/C/cygwin/GNUARM/bin/../lib/gcc/arm-elf/4.0.2/thumb/interwork/libgcc.a(_modsi3.o)
 .debug_aranges
                0x00000080       0x20 /cygdrive/C/cygwin/GNUARM/bin/../lib/gcc/arm-elf/4.0.2/thumb/interwork/libgcc.a(_dvmd_tls.o)
 .debug_aranges
                0x000000a0       0x20 /cygdrive/C/cygwin/GNUARM/bin/../lib/gcc/arm-elf/4.0.2/thumb/interwork/libgcc.a(_addsubdf3.o)
 .debug_aranges
                0x000000c0       0x20 /cygdrive/C/cygwin/GNUARM/bin/../lib/gcc/arm-elf/4.0.2/thumb/interwork/libgcc.a(_muldivdf3.o)
 .debug_aranges
                0x000000e0       0x20 /cygdrive/C/cygwin/GNUARM/bin/../lib/gcc/arm-elf/4.0.2/thumb/interwork/libgcc.a(_cmpdf2.o)
 .debug_aranges
                0x00000100       0x20 /cygdrive/C/cygwin/GNUARM/bin/../lib/gcc/arm-elf/4.0.2/thumb/interwork/libgcc.a(_truncdfsf2.o)
 .debug_aranges
                0x00000120       0x20 /cygdrive/C/cygwin/GNUARM/bin/../lib/gcc/arm-elf/4.0.2/thumb/interwork/libgcc.a(_addsubsf3.o)
 .debug_aranges
                0x00000140       0x20 /cygdrive/C/cygwin/GNUARM/bin/../lib/gcc/arm-elf/4.0.2/thumb/interwork/libgcc.a(_muldivsf3.o)
 .debug_aranges
                0x00000160       0x20 /cygdrive/C/cygwin/GNUARM/bin/../lib/gcc/arm-elf/4.0.2/thumb/interwork/libgcc.a(_cmpsf2.o)
 .debug_aranges
                0x00000180       0x20 /cygdrive/C/cygwin/GNUARM/bin/../lib/gcc/arm-elf/4.0.2/thumb/interwork/libgcc.a(_fixsfsi.o)
 .debug_aranges
                0x000001a0       0x20 /cygdrive/C/cygwin/GNUARM/bin/../lib/gcc/arm-elf/4.0.2/thumb/interwork/libgcc.a(_muldi3.o)
 .debug_aranges
                0x000001c0       0x20 /cygdrive/C/cygwin/GNUARM/bin/../lib/gcc/arm-elf/4.0.2/thumb/interwork/libgcc.a(_divdi3.o)
 .debug_aranges
                0x000001e0       0x20 /cygdrive/C/cygwin/GNUARM/bin/../lib/gcc/arm-elf/4.0.2/../../../../arm-elf/lib/thumb/interwork/libc.a(memcpy.o)
 .debug_aranges
                0x00000200       0x20 /cygdrive/C/cygwin/GNUARM/bin/../lib/gcc/arm-elf/4.0.2/../../../../arm-elf/lib/thumb/interwork/libc.a(memset.o)
 .debug_aranges
                0x00000220       0x20 /cygdrive/C/cygwin/GNUARM/bin/../lib/gcc/arm-elf/4.0.2/../../../../arm-elf/lib/thumb/interwork/libc.a(strcmp.o)
 .debug_aranges
                0x00000240       0x20 /cygdrive/C/cygwin/GNUARM/bin/../lib/gcc/arm-elf/4.0.2/../../../../arm-elf/lib/thumb/interwork/libc.a(strcpy.o)
 .debug_aranges
                0x00000260       0x20 /cygdrive/C/cygwin/GNUARM/bin/../lib/gcc/arm-elf/4.0.2/../../../../arm-elf/lib/thumb/interwork/libc.a(strlen.o)
 .debug_aranges
                0x00000280       0x20 /cygdrive/C/cygwin/GNUARM/bin/../lib/gcc/arm-elf/4.0.2/../../../../arm-elf/lib/thumb/interwork/libc.a(strncpy.o)

.debug_frame    0x00000000      0x180
 .debug_frame   0x00000000       0x38 /cygdrive/C/cygwin/GNUARM/bin/../lib/gcc/arm-elf/4.0.2/thumb/interwork/libgcc.a(_muldi3.o)
 .debug_frame   0x00000038       0x3c /cygdrive/C/cygwin/GNUARM/bin/../lib/gcc/arm-elf/4.0.2/thumb/interwork/libgcc.a(_divdi3.o)
 .debug_frame   0x00000074       0x2c /cygdrive/C/cygwin/GNUARM/bin/../lib/gcc/arm-elf/4.0.2/../../../../arm-elf/lib/thumb/interwork/libc.a(memcpy.o)
 .debug_frame   0x000000a0       0x2c /cygdrive/C/cygwin/GNUARM/bin/../lib/gcc/arm-elf/4.0.2/../../../../arm-elf/lib/thumb/interwork/libc.a(memset.o)
 .debug_frame   0x000000cc       0x2c /cygdrive/C/cygwin/GNUARM/bin/../lib/gcc/arm-elf/4.0.2/../../../../arm-elf/lib/thumb/interwork/libc.a(strcmp.o)
 .debug_frame   0x000000f8       0x2c /cygdrive/C/cygwin/GNUARM/bin/../lib/gcc/arm-elf/4.0.2/../../../../arm-elf/lib/thumb/interwork/libc.a(strcpy.o)
 .debug_frame   0x00000124       0x2c /cygdrive/C/cygwin/GNUARM/bin/../lib/gcc/arm-elf/4.0.2/../../../../arm-elf/lib/thumb/interwork/libc.a(strlen.o)
 .debug_frame   0x00000150       0x30 /cygdrive/C/cygwin/GNUARM/bin/../lib/gcc/arm-elf/4.0.2/../../../../arm-elf/lib/thumb/interwork/libc.a(strncpy.o)

.debug_loc      0x00000000     0x13c0
 .debug_loc     0x00000000      0x156 /cygdrive/C/cygwin/GNUARM/bin/../lib/gcc/arm-elf/4.0.2/thumb/interwork/libgcc.a(_muldi3.o)
 .debug_loc     0x00000156      0xd45 /cygdrive/C/cygwin/GNUARM/bin/../lib/gcc/arm-elf/4.0.2/thumb/interwork/libgcc.a(_divdi3.o)
 .debug_loc     0x00000e9b      0x127 /cygdrive/C/cygwin/GNUARM/bin/../lib/gcc/arm-elf/4.0.2/../../../../arm-elf/lib/thumb/interwork/libc.a(memcpy.o)
 .debug_loc     0x00000fc2      0x12a /cygdrive/C/cygwin/GNUARM/bin/../lib/gcc/arm-elf/4.0.2/../../../../arm-elf/lib/thumb/interwork/libc.a(memset.o)
 .debug_loc     0x000010ec       0x8e /cygdrive/C/cygwin/GNUARM/bin/../lib/gcc/arm-elf/4.0.2/../../../../arm-elf/lib/thumb/interwork/libc.a(strcmp.o)
 .debug_loc     0x0000117a       0xb4 /cygdrive/C/cygwin/GNUARM/bin/../lib/gcc/arm-elf/4.0.2/../../../../arm-elf/lib/thumb/interwork/libc.a(strcpy.o)
 .debug_loc     0x0000122e       0x3c /cygdrive/C/cygwin/GNUARM/bin/../lib/gcc/arm-elf/4.0.2/../../../../arm-elf/lib/thumb/interwork/libc.a(strlen.o)
 .debug_loc     0x0000126a      0x156 /cygdrive/C/cygwin/GNUARM/bin/../lib/gcc/arm-elf/4.0.2/../../../../arm-elf/lib/thumb/interwork/libc.a(strncpy.o)

.debug_pubnames
                0x00000000      0x10d
 .debug_pubnames
                0x00000000       0x1f /cygdrive/C/cygwin/GNUARM/bin/../lib/gcc/arm-elf/4.0.2/thumb/interwork/libgcc.a(_muldi3.o)
 .debug_pubnames
                0x0000001f       0x1f /cygdrive/C/cygwin/GNUARM/bin/../lib/gcc/arm-elf/4.0.2/thumb/interwork/libgcc.a(_divdi3.o)
 .debug_pubnames
                0x0000003e       0x20 /cygdrive/C/cygwin/GNUARM/bin/../lib/gcc/arm-elf/4.0.2/thumb/interwork/libgcc.a(_clz.o)
 .debug_pubnames
                0x0000005e       0x1d /cygdrive/C/cygwin/GNUARM/bin/../lib/gcc/arm-elf/4.0.2/../../../../arm-elf/lib/thumb/interwork/libc.a(memcpy.o)
 .debug_pubnames
                0x0000007b       0x1d /cygdrive/C/cygwin/GNUARM/bin/../lib/gcc/arm-elf/4.0.2/../../../../arm-elf/lib/thumb/interwork/libc.a(memset.o)
 .debug_pubnames
                0x00000098       0x1d /cygdrive/C/cygwin/GNUARM/bin/../lib/gcc/arm-elf/4.0.2/../../../../arm-elf/lib/thumb/interwork/libc.a(strcmp.o)
 .debug_pubnames
                0x000000b5       0x1d /cygdrive/C/cygwin/GNUARM/bin/../lib/gcc/arm-elf/4.0.2/../../../../arm-elf/lib/thumb/interwork/libc.a(strcpy.o)
 .debug_pubnames
                0x000000d2       0x1d /cygdrive/C/cygwin/GNUARM/bin/../lib/gcc/arm-elf/4.0.2/../../../../arm-elf/lib/thumb/interwork/libc.a(strlen.o)
 .debug_pubnames
                0x000000ef       0x1e /cygdrive/C/cygwin/GNUARM/bin/../lib/gcc/arm-elf/4.0.2/../../../../arm-elf/lib/thumb/interwork/libc.a(strncpy.o)

.debug_ranges   0x00000000      0x1d8
 .debug_ranges  0x00000000       0x30 /cygdrive/C/cygwin/GNUARM/bin/../lib/gcc/arm-elf/4.0.2/thumb/interwork/libgcc.a(_muldi3.o)
 .debug_ranges  0x00000030      0x1a8 /cygdrive/C/cygwin/GNUARM/bin/../lib/gcc/arm-elf/4.0.2/thumb/interwork/libgcc.a(_divdi3.o)

.debug_str      0x00000000      0x38b
 .debug_str     0x00000000       0xfb /cygdrive/C/cygwin/GNUARM/bin/../lib/gcc/arm-elf/4.0.2/thumb/interwork/libgcc.a(_muldi3.o)
                                0x14f (size before relaxing)
 .debug_str     0x000000fb       0x5d /cygdrive/C/cygwin/GNUARM/bin/../lib/gcc/arm-elf/4.0.2/thumb/interwork/libgcc.a(_divdi3.o)
                                0x1a3 (size before relaxing)
 .debug_str     0x00000158        0x0 /cygdrive/C/cygwin/GNUARM/bin/../lib/gcc/arm-elf/4.0.2/thumb/interwork/libgcc.a(_clz.o)
                                0x104 (size before relaxing)
 .debug_str     0x00000158       0xb3 /cygdrive/C/cygwin/GNUARM/bin/../lib/gcc/arm-elf/4.0.2/../../../../arm-elf/lib/thumb/interwork/libc.a(memcpy.o)
                                 0xdf (size before relaxing)
 .debug_str     0x0000020b       0x5a /cygdrive/C/cygwin/GNUARM/bin/../lib/gcc/arm-elf/4.0.2/../../../../arm-elf/lib/thumb/interwork/libc.a(memset.o)
                                0x129 (size before relaxing)
 .debug_str     0x00000265       0x46 /cygdrive/C/cygwin/GNUARM/bin/../lib/gcc/arm-elf/4.0.2/../../../../arm-elf/lib/thumb/interwork/libc.a(strcmp.o)
                                0x10e (size before relaxing)
 .debug_str     0x000002ab       0x46 /cygdrive/C/cygwin/GNUARM/bin/../lib/gcc/arm-elf/4.0.2/../../../../arm-elf/lib/thumb/interwork/libc.a(strcpy.o)
                                0x130 (size before relaxing)
 .debug_str     0x000002f1       0x4c /cygdrive/C/cygwin/GNUARM/bin/../lib/gcc/arm-elf/4.0.2/../../../../arm-elf/lib/thumb/interwork/libc.a(strlen.o)
                                0x128 (size before relaxing)
 .debug_str     0x0000033d       0x4e /cygdrive/C/cygwin/GNUARM/bin/../lib/gcc/arm-elf/4.0.2/../../../../arm-elf/lib/thumb/interwork/libc.a(strncpy.o)
                                0x13f (size before relaxing)

Cross Reference Table

Symbol                                            File
ANGLE_TAIL                                        build/task_cycle.o
AUTO_TAIL_POWER                                   build/task_cycle.o
A_D                                               build/balancer_param.o
                                                  ../../../ecrobot/../ecrobot/libnxtway_gs_balancer.a(balancer.o)
A_R                                               build/balancer_param.o
                                                  ../../../ecrobot/../ecrobot/libnxtway_gs_balancer.a(balancer.o)
ActivateTask                                      build/kernel/task_manage.o
                                                  build/./kernel_cfg.o
BACK_POWER                                        build/task_cycle.o
BATTERY_GAIN                                      build/balancer_param.o
                                                  ../../../ecrobot/../ecrobot/libnxtway_gs_balancer.a(balancer.o)
BATTERY_OFFSET                                    build/balancer_param.o
                                                  ../../../ecrobot/../ecrobot/libnxtway_gs_balancer.a(balancer.o)
CancelAlarm                                       build/kernel/alarm.o
ChainTask                                         build/kernel/task_manage.o
ClearEvent                                        build/kernel/event.o
D_GAIN_TMP                                        build/task_cycle.o
DisableAllInterrupts                              build/kernel/interrupt.o
EnableAllInterrupts                               build/kernel/interrupt.o
ErrorHook                                         ../../../ecrobot/../ecrobot/libecrobot.a(osek_hook.o)
                                                  build/kernel/osctl.o
EventSleep                                        build/./kernel_cfg.o
EventSleepI2C                                     build/./kernel_cfg.o
FORWARD_POWER                                     build/task_cycle.o
FORWARD_TIME                                      build/task_cycle.o
GYRO_OFFSET                                       build/task_cycle.o
GetActiveApplicationMode                          build/kernel/osctl.o
GetAlarm                                          build/kernel/alarm.o
GetAlarmBase                                      build/kernel/alarm.o
GetEvent                                          build/kernel/event.o
GetResource                                       build/kernel/resource.o
GetTaskID                                         build/kernel/task_manage.o
GetTaskState                                      build/kernel/task_manage.o
I_GAIN_TMP                                        build/task_cycle.o
K_F                                               build/balancer_param.o
                                                  ../../../ecrobot/../ecrobot/libnxtway_gs_balancer.a(balancer.o)
K_I                                               build/balancer_param.o
                                                  ../../../ecrobot/../ecrobot/libnxtway_gs_balancer.a(balancer.o)
K_PHIDOT                                          build/balancer_param.o
                                                  ../../../ecrobot/../ecrobot/libnxtway_gs_balancer.a(balancer.o)
K_THETADOT                                        build/balancer_param.o
                                                  ../../../ecrobot/../ecrobot/libnxtway_gs_balancer.a(balancer.o)
NXT_Entry_Point                                   build/nxt_entry_point.o
                                                  build/nxt_binary_header.o
P_GAIN_TMP                                        build/task_cycle.o
PostTaskHook                                      ../../../ecrobot/../ecrobot/libecrobot.a(osek_hook.o)
                                                  build/config/at91sam7s-gnu/cpu_support.oram
                                                  build/kernel/osctl.o
PreTaskHook                                       ../../../ecrobot/../ecrobot/libecrobot.a(osek_hook.o)
                                                  build/config/at91sam7s-gnu/cpu_support.oram
                                                  build/kernel/osctl.o
ReleaseResource                                   build/kernel/resource.o
ResumeAllInterrupts                               build/kernel/interrupt.o
ResumeOSInterrupts                                build/kernel/interrupt.o
Schedule                                          build/kernel/task_manage.o
SetAbsAlarm                                       build/kernel/alarm.o
SetEvent                                          build/kernel/event.o
SetRelAlarm                                       build/kernel/alarm.o
ShutdownHook                                      ../../../ecrobot/../ecrobot/libecrobot.a(osek_hook.o)
                                                  build/kernel/osctl.o
ShutdownOS                                        build/kernel/osctl.o